../Core/Src/main.c:92:5:main	48	static
../Core/Src/main.c:180:6:SystemClock_Config	120	static
../Core/Src/main.c:227:13:MX_I2C1_Init	8	static
../Core/Src/main.c:275:13:MX_USART1_UART_Init	8	static
../Core/Src/main.c:310:13:MX_GPIO_Init	40	static
../Core/Src/main.c:347:6:sendUSART1	24	static
../Core/Src/main.c:365:6:receiveUSART1	24	static
../Core/Src/main.c:383:6:vApplicationIdleHook	8	static
../Core/Src/main.c:388:6:vApplicationTickHook	8	static
../Core/Src/main.c:394:6:task_GPIOC10	8	static
../Core/Src/main.c:404:6:task_GPIOC11	8	static
../Core/Src/main.c:413:6:task_GPIOC12	8	static
../Core/Src/main.c:430:6:StartDefaultTask	16	static
../Core/Src/main.c:449:6:HAL_TIM_PeriodElapsedCallback	16	static
../Core/Src/main.c:466:6:Error_Handler	4	static,ignoring_inline_asm
