../Core/Src/main.c:101:5:main	56	static
../Core/Src/main.c:198:6:SystemClock_Config	120	static
../Core/Src/main.c:245:13:MX_I2C1_Init	8	static
../Core/Src/main.c:293:13:MX_USART1_UART_Init	8	static
../Core/Src/main.c:328:13:MX_GPIO_Init	40	static
../Core/Src/main.c:399:6:sendUSART1	24	static
../Core/Src/main.c:414:6:receiveUSART1	24	static
../Core/Src/main.c:431:6:vApplicationIdleHook	8	static
../Core/Src/main.c:438:6:vApplicationTickHook	8	static
../Core/Src/main.c:445:6:Timer1Callback	40	static
../Core/Src/main.c:465:6:HAL_GPIO_EXTI_Callback	32	static,ignoring_inline_asm
../Core/Src/main.c:493:6:announcement	40	static,ignoring_inline_asm
../Core/Src/main.c:509:6:announcement2	24	static,ignoring_inline_asm
../Core/Src/main.c:524:6:taskPC0	32	static,ignoring_inline_asm
../Core/Src/main.c:538:6:taskPC1	32	static,ignoring_inline_asm
../Core/Src/main.c:552:6:taskPC3	32	static,ignoring_inline_asm
../Core/Src/main.c:575:6:StartDefaultTask	16	static
../Core/Src/main.c:594:6:HAL_TIM_PeriodElapsedCallback	16	static
../Core/Src/main.c:611:6:Error_Handler	4	static,ignoring_inline_asm
