Archive member included to satisfy reference by file (symbol)

e:/programs/stm_cube_ide/stm32cubeide_1.9.0/stm32cubeide/plugins/com.st.stm32cube.ide.mcu.externaltools.gnu-tools-for-stm32.10.3-2021.10.win32_1.0.0.202111181127/tools/bin/../lib/gcc/arm-none-eabi/10.3.1/../../../../arm-none-eabi/lib/thumb/v7e-m+fp/hard\libc_nano.a(lib_a-errno.o)
                              ./Core/Src/syscalls.o (__errno)
e:/programs/stm_cube_ide/stm32cubeide_1.9.0/stm32cubeide/plugins/com.st.stm32cube.ide.mcu.externaltools.gnu-tools-for-stm32.10.3-2021.10.win32_1.0.0.202111181127/tools/bin/../lib/gcc/arm-none-eabi/10.3.1/../../../../arm-none-eabi/lib/thumb/v7e-m+fp/hard\libc_nano.a(lib_a-exit.o)
                              e:/programs/stm_cube_ide/stm32cubeide_1.9.0/stm32cubeide/plugins/com.st.stm32cube.ide.mcu.externaltools.gnu-tools-for-stm32.10.3-2021.10.win32_1.0.0.202111181127/tools/bin/../lib/gcc/arm-none-eabi/10.3.1/../../../../arm-none-eabi/lib/thumb/v7e-m+fp/hard/crt0.o (exit)
e:/programs/stm_cube_ide/stm32cubeide_1.9.0/stm32cubeide/plugins/com.st.stm32cube.ide.mcu.externaltools.gnu-tools-for-stm32.10.3-2021.10.win32_1.0.0.202111181127/tools/bin/../lib/gcc/arm-none-eabi/10.3.1/../../../../arm-none-eabi/lib/thumb/v7e-m+fp/hard\libc_nano.a(lib_a-impure.o)
                              e:/programs/stm_cube_ide/stm32cubeide_1.9.0/stm32cubeide/plugins/com.st.stm32cube.ide.mcu.externaltools.gnu-tools-for-stm32.10.3-2021.10.win32_1.0.0.202111181127/tools/bin/../lib/gcc/arm-none-eabi/10.3.1/../../../../arm-none-eabi/lib/thumb/v7e-m+fp/hard\libc_nano.a(lib_a-exit.o) (_global_impure_ptr)
e:/programs/stm_cube_ide/stm32cubeide_1.9.0/stm32cubeide/plugins/com.st.stm32cube.ide.mcu.externaltools.gnu-tools-for-stm32.10.3-2021.10.win32_1.0.0.202111181127/tools/bin/../lib/gcc/arm-none-eabi/10.3.1/../../../../arm-none-eabi/lib/thumb/v7e-m+fp/hard\libc_nano.a(lib_a-init.o)
                              e:/programs/stm_cube_ide/stm32cubeide_1.9.0/stm32cubeide/plugins/com.st.stm32cube.ide.mcu.externaltools.gnu-tools-for-stm32.10.3-2021.10.win32_1.0.0.202111181127/tools/bin/../lib/gcc/arm-none-eabi/10.3.1/../../../../arm-none-eabi/lib/thumb/v7e-m+fp/hard/crt0.o (__libc_init_array)
e:/programs/stm_cube_ide/stm32cubeide_1.9.0/stm32cubeide/plugins/com.st.stm32cube.ide.mcu.externaltools.gnu-tools-for-stm32.10.3-2021.10.win32_1.0.0.202111181127/tools/bin/../lib/gcc/arm-none-eabi/10.3.1/../../../../arm-none-eabi/lib/thumb/v7e-m+fp/hard\libc_nano.a(lib_a-memcpy-stub.o)
                              ./Middlewares/Third_Party/FreeRTOS/Source/queue.o (memcpy)
e:/programs/stm_cube_ide/stm32cubeide_1.9.0/stm32cubeide/plugins/com.st.stm32cube.ide.mcu.externaltools.gnu-tools-for-stm32.10.3-2021.10.win32_1.0.0.202111181127/tools/bin/../lib/gcc/arm-none-eabi/10.3.1/../../../../arm-none-eabi/lib/thumb/v7e-m+fp/hard\libc_nano.a(lib_a-memset.o)
                              e:/programs/stm_cube_ide/stm32cubeide_1.9.0/stm32cubeide/plugins/com.st.stm32cube.ide.mcu.externaltools.gnu-tools-for-stm32.10.3-2021.10.win32_1.0.0.202111181127/tools/bin/../lib/gcc/arm-none-eabi/10.3.1/../../../../arm-none-eabi/lib/thumb/v7e-m+fp/hard/crt0.o (memset)

Discarded input sections

 .text          0x0000000000000000        0x0 e:/programs/stm_cube_ide/stm32cubeide_1.9.0/stm32cubeide/plugins/com.st.stm32cube.ide.mcu.externaltools.gnu-tools-for-stm32.10.3-2021.10.win32_1.0.0.202111181127/tools/bin/../lib/gcc/arm-none-eabi/10.3.1/thumb/v7e-m+fp/hard/crti.o
 .data          0x0000000000000000        0x0 e:/programs/stm_cube_ide/stm32cubeide_1.9.0/stm32cubeide/plugins/com.st.stm32cube.ide.mcu.externaltools.gnu-tools-for-stm32.10.3-2021.10.win32_1.0.0.202111181127/tools/bin/../lib/gcc/arm-none-eabi/10.3.1/thumb/v7e-m+fp/hard/crti.o
 .bss           0x0000000000000000        0x0 e:/programs/stm_cube_ide/stm32cubeide_1.9.0/stm32cubeide/plugins/com.st.stm32cube.ide.mcu.externaltools.gnu-tools-for-stm32.10.3-2021.10.win32_1.0.0.202111181127/tools/bin/../lib/gcc/arm-none-eabi/10.3.1/thumb/v7e-m+fp/hard/crti.o
 .data          0x0000000000000000        0x4 e:/programs/stm_cube_ide/stm32cubeide_1.9.0/stm32cubeide/plugins/com.st.stm32cube.ide.mcu.externaltools.gnu-tools-for-stm32.10.3-2021.10.win32_1.0.0.202111181127/tools/bin/../lib/gcc/arm-none-eabi/10.3.1/thumb/v7e-m+fp/hard/crtbegin.o
 .rodata        0x0000000000000000       0x24 e:/programs/stm_cube_ide/stm32cubeide_1.9.0/stm32cubeide/plugins/com.st.stm32cube.ide.mcu.externaltools.gnu-tools-for-stm32.10.3-2021.10.win32_1.0.0.202111181127/tools/bin/../lib/gcc/arm-none-eabi/10.3.1/thumb/v7e-m+fp/hard/crtbegin.o
 .text          0x0000000000000000       0x7c e:/programs/stm_cube_ide/stm32cubeide_1.9.0/stm32cubeide/plugins/com.st.stm32cube.ide.mcu.externaltools.gnu-tools-for-stm32.10.3-2021.10.win32_1.0.0.202111181127/tools/bin/../lib/gcc/arm-none-eabi/10.3.1/../../../../arm-none-eabi/lib/thumb/v7e-m+fp/hard/crt0.o
[...]
Memory Configuration

Name             Origin             Length             Attributes
RAM              0x0000000020000000 0x0000000000004000 xrw
FLASH            0x0000000008000000 0x0000000000010000 xr
*default*        0x0000000000000000 0xffffffffffffffff

Linker script and memory map

LOAD e:/programs/stm_cube_ide/stm32cubeide_1.9.0/stm32cubeide/plugins/com.st.stm32cube.ide.mcu.externaltools.gnu-tools-for-stm32.10.3-2021.10.win32_1.0.0.202111181127/tools/bin/../lib/gcc/arm-none-eabi/10.3.1/thumb/v7e-m+fp/hard/crti.o
LOAD e:/programs/stm_cube_ide/stm32cubeide_1.9.0/stm32cubeide/plugins/com.st.stm32cube.ide.mcu.externaltools.gnu-tools-for-stm32.10.3-2021.10.win32_1.0.0.202111181127/tools/bin/../lib/gcc/arm-none-eabi/10.3.1/thumb/v7e-m+fp/hard/crtbegin.o
LOAD e:/programs/stm_cube_ide/stm32cubeide_1.9.0/stm32cubeide/plugins/com.st.stm32cube.ide.mcu.externaltools.gnu-tools-for-stm32.10.3-2021.10.win32_1.0.0.202111181127/tools/bin/../lib/gcc/arm-none-eabi/10.3.1/../../../../arm-none-eabi/lib/thumb/v7e-m+fp/hard/crt0.o
LOAD ./Core/Src/freertos.o
LOAD ./Core/Src/main.o
LOAD ./Core/Src/stm32f3xx_hal_msp.o
LOAD ./Core/Src/stm32f3xx_hal_timebase_tim.o
LOAD ./Core/Src/stm32f3xx_it.o
LOAD ./Core/Src/syscalls.o
LOAD ./Core/Src/sysmem.o
LOAD ./Core/Src/system_stm32f3xx.o
LOAD ./Core/Startup/startup_stm32f302r8tx.o
LOAD ./Drivers/STM32F3xx_HAL_Driver/Src/stm32f3xx_hal.o
LOAD ./Drivers/STM32F3xx_HAL_Driver/Src/stm32f3xx_hal_cortex.o
LOAD ./Drivers/STM32F3xx_HAL_Driver/Src/stm32f3xx_hal_dma.o
LOAD ./Drivers/STM32F3xx_HAL_Driver/Src/stm32f3xx_hal_exti.o
LOAD ./Drivers/STM32F3xx_HAL_Driver/Src/stm32f3xx_hal_flash.o
LOAD ./Drivers/STM32F3xx_HAL_Driver/Src/stm32f3xx_hal_flash_ex.o
LOAD ./Drivers/STM32F3xx_HAL_Driver/Src/stm32f3xx_hal_gpio.o
LOAD ./Drivers/STM32F3xx_HAL_Driver/Src/stm32f3xx_hal_i2c.o
LOAD ./Drivers/STM32F3xx_HAL_Driver/Src/stm32f3xx_hal_i2c_ex.o
LOAD ./Drivers/STM32F3xx_HAL_Driver/Src/stm32f3xx_hal_pwr.o
LOAD ./Drivers/STM32F3xx_HAL_Driver/Src/stm32f3xx_hal_pwr_ex.o
LOAD ./Drivers/STM32F3xx_HAL_Driver/Src/stm32f3xx_hal_rcc.o
LOAD ./Drivers/STM32F3xx_HAL_Driver/Src/stm32f3xx_hal_rcc_ex.o
LOAD ./Drivers/STM32F3xx_HAL_Driver/Src/stm32f3xx_hal_tim.o
LOAD ./Drivers/STM32F3xx_HAL_Driver/Src/stm32f3xx_hal_tim_ex.o
LOAD ./Drivers/STM32F3xx_HAL_Driver/Src/stm32f3xx_hal_uart.o
LOAD ./Drivers/STM32F3xx_HAL_Driver/Src/stm32f3xx_hal_uart_ex.o
LOAD ./Middlewares/Third_Party/FreeRTOS/Source/CMSIS_RTOS/cmsis_os.o
LOAD ./Middlewares/Third_Party/FreeRTOS/Source/croutine.o
LOAD ./Middlewares/Third_Party/FreeRTOS/Source/event_groups.o
LOAD ./Middlewares/Third_Party/FreeRTOS/Source/list.o
LOAD ./Middlewares/Third_Party/FreeRTOS/Source/queue.o
LOAD ./Middlewares/Third_Party/FreeRTOS/Source/stream_buffer.o
LOAD ./Middlewares/Third_Party/FreeRTOS/Source/tasks.o
LOAD ./Middlewares/Third_Party/FreeRTOS/Source/timers.o
LOAD ./Middlewares/Third_Party/FreeRTOS/Source/portable/GCC/ARM_CM4F/port.o
LOAD ./Middlewares/Third_Party/FreeRTOS/Source/portable/MemMang/heap_4.o
LOAD ../Middlewares/ST/ARM/DSP/Lib\libarm_cortexM4lf_math.a
START GROUP
LOAD e:/programs/stm_cube_ide/stm32cubeide_1.9.0/stm32cubeide/plugins/com.st.stm32cube.ide.mcu.externaltools.gnu-tools-for-stm32.10.3-2021.10.win32_1.0.0.202111181127/tools/bin/../lib/gcc/arm-none-eabi/10.3.1/../../../../arm-none-eabi/lib/thumb/v7e-m+fp/hard\libc_nano.a
LOAD e:/programs/stm_cube_ide/stm32cubeide_1.9.0/stm32cubeide/plugins/com.st.stm32cube.ide.mcu.externaltools.gnu-tools-for-stm32.10.3-2021.10.win32_1.0.0.202111181127/tools/bin/../lib/gcc/arm-none-eabi/10.3.1/../../../../arm-none-eabi/lib/thumb/v7e-m+fp/hard\libm.a
END GROUP
START GROUP
LOAD e:/programs/stm_cube_ide/stm32cubeide_1.9.0/stm32cubeide/plugins/com.st.stm32cube.ide.mcu.externaltools.gnu-tools-for-stm32.10.3-2021.10.win32_1.0.0.202111181127/tools/bin/../lib/gcc/arm-none-eabi/10.3.1/thumb/v7e-m+fp/hard\libgcc.a
LOAD e:/programs/stm_cube_ide/stm32cubeide_1.9.0/stm32cubeide/plugins/com.st.stm32cube.ide.mcu.externaltools.gnu-tools-for-stm32.10.3-2021.10.win32_1.0.0.202111181127/tools/bin/../lib/gcc/arm-none-eabi/10.3.1/../../../../arm-none-eabi/lib/thumb/v7e-m+fp/hard\libc_nano.a
END GROUP
START GROUP
LOAD e:/programs/stm_cube_ide/stm32cubeide_1.9.0/stm32cubeide/plugins/com.st.stm32cube.ide.mcu.externaltools.gnu-tools-for-stm32.10.3-2021.10.win32_1.0.0.202111181127/tools/bin/../lib/gcc/arm-none-eabi/10.3.1/thumb/v7e-m+fp/hard\libgcc.a
LOAD e:/programs/stm_cube_ide/stm32cubeide_1.9.0/stm32cubeide/plugins/com.st.stm32cube.ide.mcu.externaltools.gnu-tools-for-stm32.10.3-2021.10.win32_1.0.0.202111181127/tools/bin/../lib/gcc/arm-none-eabi/10.3.1/../../../../arm-none-eabi/lib/thumb/v7e-m+fp/hard\libc_nano.a
LOAD e:/programs/stm_cube_ide/stm32cubeide_1.9.0/stm32cubeide/plugins/com.st.stm32cube.ide.mcu.externaltools.gnu-tools-for-stm32.10.3-2021.10.win32_1.0.0.202111181127/tools/bin/../lib/gcc/arm-none-eabi/10.3.1/../../../../arm-none-eabi/lib/thumb/v7e-m+fp/hard\libnosys.a
END GROUP
START GROUP
LOAD e:/programs/stm_cube_ide/stm32cubeide_1.9.0/stm32cubeide/plugins/com.st.stm32cube.ide.mcu.externaltools.gnu-tools-for-stm32.10.3-2021.10.win32_1.0.0.202111181127/tools/bin/../lib/gcc/arm-none-eabi/10.3.1/thumb/v7e-m+fp/hard\libgcc.a
LOAD e:/programs/stm_cube_ide/stm32cubeide_1.9.0/stm32cubeide/plugins/com.st.stm32cube.ide.mcu.externaltools.gnu-tools-for-stm32.10.3-2021.10.win32_1.0.0.202111181127/tools/bin/../lib/gcc/arm-none-eabi/10.3.1/../../../../arm-none-eabi/lib/thumb/v7e-m+fp/hard\libc_nano.a
LOAD e:/programs/stm_cube_ide/stm32cubeide_1.9.0/stm32cubeide/plugins/com.st.stm32cube.ide.mcu.externaltools.gnu-tools-for-stm32.10.3-2021.10.win32_1.0.0.202111181127/tools/bin/../lib/gcc/arm-none-eabi/10.3.1/../../../../arm-none-eabi/lib/thumb/v7e-m+fp/hard\libnosys.a
END GROUP
LOAD e:/programs/stm_cube_ide/stm32cubeide_1.9.0/stm32cubeide/plugins/com.st.stm32cube.ide.mcu.externaltools.gnu-tools-for-stm32.10.3-2021.10.win32_1.0.0.202111181127/tools/bin/../lib/gcc/arm-none-eabi/10.3.1/thumb/v7e-m+fp/hard/crtend.o
LOAD e:/programs/stm_cube_ide/stm32cubeide_1.9.0/stm32cubeide/plugins/com.st.stm32cube.ide.mcu.externaltools.gnu-tools-for-stm32.10.3-2021.10.win32_1.0.0.202111181127/tools/bin/../lib/gcc/arm-none-eabi/10.3.1/thumb/v7e-m+fp/hard/crtn.o
                0x0000000020004000                _estack = (ORIGIN (RAM) + LENGTH (RAM))
                0x0000000000000200                _Min_Heap_Size = 0x200
                0x0000000000000400                _Min_Stack_Size = 0x400

.isr_vector     0x0000000008000000      0x188
                0x0000000008000000                . = ALIGN (0x4)
 *(.isr_vector)
 .isr_vector    0x0000000008000000      0x188 ./Core/Startup/startup_stm32f302r8tx.o
                0x0000000008000000                g_pfnVectors
                0x0000000008000188                . = ALIGN (0x4)

.text           0x0000000008000190     0x6888
                0x0000000008000190                . = ALIGN (0x4)
 *(.text)
 .text          0x0000000008000190       0x40 e:/programs/stm_cube_ide/stm32cubeide_1.9.0/stm32cubeide/plugins/com.st.stm32cube.ide.mcu.externaltools.gnu-tools-for-stm32.10.3-2021.10.win32_1.0.0.202111181127/tools/bin/../lib/gcc/arm-none-eabi/10.3.1/thumb/v7e-m+fp/hard/crtbegin.o
 *(.text*)
 .text.vPortSuppressTicksAndSleep
                0x00000000080001d0       0x14 ./Core/Src/freertos.o
                0x00000000080001d0                vPortSuppressTicksAndSleep
 .text.main     0x00000000080001e4      0x14c ./Core/Src/main.o
                0x00000000080001e4                main
 .text.SystemClock_Config
                0x0000000008000330       0xb0 ./Core/Src/main.o
                0x0000000008000330                SystemClock_Config
 .text.MX_I2C1_Init
                0x00000000080003e0       0x80 ./Core/Src/main.o
 .text.MX_USART1_UART_Init
                0x0000000008000460       0x60 ./Core/Src/main.o
 .text.MX_GPIO_Init
                0x00000000080004c0      0x130 ./Core/Src/main.o
 .text.sendUSART1
                0x00000000080005f0       0x54 ./Core/Src/main.o
                0x00000000080005f0                sendUSART1
 .text.receiveUSART1
                0x0000000008000644       0x58 ./Core/Src/main.o
                0x0000000008000644                receiveUSART1
 .text.vApplicationIdleHook
                0x000000000800069c       0x20 ./Core/Src/main.o
                0x000000000800069c                vApplicationIdleHook
 .text.vApplicationTickHook
                0x00000000080006bc       0x20 ./Core/Src/main.o
                0x00000000080006bc                vApplicationTickHook
 .text.Timer1Callback
                0x00000000080006dc       0x8c ./Core/Src/main.o
                0x00000000080006dc                Timer1Callback
 .text.HAL_GPIO_EXTI_Callback
                0x0000000008000768       0x34 ./Core/Src/main.o
                0x0000000008000768                HAL_GPIO_EXTI_Callback
 .text.announcement
                0x000000000800079c       0x80 ./Core/Src/main.o
                0x000000000800079c                announcement
 .text.announcement2
                0x000000000800081c       0x78 ./Core/Src/main.o
                0x000000000800081c                announcement2
 .text.StartDefaultTask
                0x0000000008000894       0x10 ./Core/Src/main.o
                0x0000000008000894                StartDefaultTask
 .text.HAL_TIM_PeriodElapsedCallback
                0x00000000080008a4       0x1e ./Core/Src/main.o
                0x00000000080008a4                HAL_TIM_PeriodElapsedCallback
 .text.Error_Handler
                0x00000000080008c2        0xa ./Core/Src/main.o
                0x00000000080008c2                Error_Handler
 .text.HAL_MspInit
                0x00000000080008cc       0x50 ./Core/Src/stm32f3xx_hal_msp.o
                0x00000000080008cc                HAL_MspInit
 .text.HAL_I2C_MspInit
                0x000000000800091c       0x88 ./Core/Src/stm32f3xx_hal_msp.o
                0x000000000800091c                HAL_I2C_MspInit
 .text.HAL_UART_MspInit
                0x00000000080009a4       0x88 ./Core/Src/stm32f3xx_hal_msp.o
                0x00000000080009a4                HAL_UART_MspInit
 .text.HAL_InitTick
                0x0000000008000a2c       0xb0 ./Core/Src/stm32f3xx_hal_timebase_tim.o
                0x0000000008000a2c                HAL_InitTick
 .text.NMI_Handler
                0x0000000008000adc        0x6 ./Core/Src/stm32f3xx_it.o
                0x0000000008000adc                NMI_Handler
 .text.HardFault_Handler
                0x0000000008000ae2        0x6 ./Core/Src/stm32f3xx_it.o
                0x0000000008000ae2                HardFault_Handler
 .text.MemManage_Handler
                0x0000000008000ae8        0x6 ./Core/Src/stm32f3xx_it.o
                0x0000000008000ae8                MemManage_Handler
 .text.BusFault_Handler
                0x0000000008000aee        0x6 ./Core/Src/stm32f3xx_it.o
                0x0000000008000aee                BusFault_Handler
 .text.UsageFault_Handler
                0x0000000008000af4        0x6 ./Core/Src/stm32f3xx_it.o
                0x0000000008000af4                UsageFault_Handler
 .text.DebugMon_Handler
                0x0000000008000afa        0xe ./Core/Src/stm32f3xx_it.o
                0x0000000008000afa                DebugMon_Handler
 .text.TIM2_IRQHandler
                0x0000000008000b08       0x14 ./Core/Src/stm32f3xx_it.o
                0x0000000008000b08                TIM2_IRQHandler
 .text.EXTI15_10_IRQHandler
                0x0000000008000b1c       0x10 ./Core/Src/stm32f3xx_it.o
                0x0000000008000b1c                EXTI15_10_IRQHandler
 .text.SystemInit
                0x0000000008000b2c       0x24 ./Core/Src/system_stm32f3xx.o
                0x0000000008000b2c                SystemInit
 .text.Reset_Handler
                0x0000000008000b50       0x50 ./Core/Startup/startup_stm32f302r8tx.o
                0x0000000008000b50                Reset_Handler
 .text.Default_Handler
                0x0000000008000ba0        0x2 ./Core/Startup/startup_stm32f302r8tx.o
                0x0000000008000ba0                RTC_Alarm_IRQHandler
                0x0000000008000ba0                TIM1_CC_IRQHandler
                0x0000000008000ba0                USB_HP_IRQHandler
                0x0000000008000ba0                PVD_IRQHandler
                0x0000000008000ba0                TAMP_STAMP_IRQHandler
                0x0000000008000ba0                EXTI3_IRQHandler
                0x0000000008000ba0                I2C3_ER_IRQHandler
                0x0000000008000ba0                USB_HP_CAN_TX_IRQHandler
                0x0000000008000ba0                EXTI0_IRQHandler
                0x0000000008000ba0                I2C2_EV_IRQHandler
                0x0000000008000ba0                FPU_IRQHandler
                0x0000000008000ba0                TIM1_UP_TIM16_IRQHandler
                0x0000000008000ba0                CAN_SCE_IRQHandler
                0x0000000008000ba0                TIM6_DAC_IRQHandler
                0x0000000008000ba0                DMA1_Channel4_IRQHandler
                0x0000000008000ba0                ADC1_IRQHandler
                0x0000000008000ba0                USART3_IRQHandler
                0x0000000008000ba0                DMA1_Channel7_IRQHandler
                0x0000000008000ba0                CAN_RX1_IRQHandler
                0x0000000008000ba0                I2C1_EV_IRQHandler
                0x0000000008000ba0                DMA1_Channel6_IRQHandler
                0x0000000008000ba0                RCC_IRQHandler
                0x0000000008000ba0                DMA1_Channel1_IRQHandler
                0x0000000008000ba0                Default_Handler
                0x0000000008000ba0                USBWakeUp_RMP_IRQHandler
                0x0000000008000ba0                COMP2_IRQHandler
                0x0000000008000ba0                I2C3_EV_IRQHandler
                0x0000000008000ba0                EXTI9_5_IRQHandler
                0x0000000008000ba0                RTC_WKUP_IRQHandler
                0x0000000008000ba0                SPI2_IRQHandler
                0x0000000008000ba0                USB_LP_CAN_RX0_IRQHandler
                0x0000000008000ba0                DMA1_Channel5_IRQHandler
                0x0000000008000ba0                USB_LP_IRQHandler
                0x0000000008000ba0                EXTI4_IRQHandler
                0x0000000008000ba0                TIM1_TRG_COM_TIM17_IRQHandler
                0x0000000008000ba0                DMA1_Channel3_IRQHandler
                0x0000000008000ba0                WWDG_IRQHandler
                0x0000000008000ba0                EXTI1_IRQHandler
                0x0000000008000ba0                COMP4_6_IRQHandler
                0x0000000008000ba0                USART2_IRQHandler
                0x0000000008000ba0                I2C2_ER_IRQHandler
                0x0000000008000ba0                DMA1_Channel2_IRQHandler
                0x0000000008000ba0                FLASH_IRQHandler
                0x0000000008000ba0                USART1_IRQHandler
                0x0000000008000ba0                SPI3_IRQHandler
                0x0000000008000ba0                I2C1_ER_IRQHandler
                0x0000000008000ba0                USBWakeUp_IRQHandler
                0x0000000008000ba0                EXTI2_TSC_IRQHandler
                0x0000000008000ba0                TIM1_BRK_TIM15_IRQHandler
 *fill*         0x0000000008000ba2        0x2 
 .text.HAL_Init
                0x0000000008000ba4       0x2c ./Drivers/STM32F3xx_HAL_Driver/Src/stm32f3xx_hal.o
                0x0000000008000ba4                HAL_Init
 .text.HAL_IncTick
                0x0000000008000bd0       0x28 ./Drivers/STM32F3xx_HAL_Driver/Src/stm32f3xx_hal.o
                0x0000000008000bd0                HAL_IncTick
 .text.HAL_GetTick
                0x0000000008000bf8       0x18 ./Drivers/STM32F3xx_HAL_Driver/Src/stm32f3xx_hal.o
                0x0000000008000bf8                HAL_GetTick
 .text.__NVIC_SetPriorityGrouping
                0x0000000008000c10       0x48 ./Drivers/STM32F3xx_HAL_Driver/Src/stm32f3xx_hal_cortex.o
 .text.__NVIC_GetPriorityGrouping
                0x0000000008000c58       0x1c ./Drivers/STM32F3xx_HAL_Driver/Src/stm32f3xx_hal_cortex.o
 .text.__NVIC_EnableIRQ
                0x0000000008000c74       0x3c ./Drivers/STM32F3xx_HAL_Driver/Src/stm32f3xx_hal_cortex.o
 .text.__NVIC_SetPriority
                0x0000000008000cb0       0x54 ./Drivers/STM32F3xx_HAL_Driver/Src/stm32f3xx_hal_cortex.o
 .text.NVIC_EncodePriority
                0x0000000008000d04       0x66 ./Drivers/STM32F3xx_HAL_Driver/Src/stm32f3xx_hal_cortex.o
 .text.HAL_NVIC_SetPriorityGrouping
                0x0000000008000d6a       0x16 ./Drivers/STM32F3xx_HAL_Driver/Src/stm32f3xx_hal_cortex.o
                0x0000000008000d6a                HAL_NVIC_SetPriorityGrouping
 .text.HAL_NVIC_SetPriority
                0x0000000008000d80       0x38 ./Drivers/STM32F3xx_HAL_Driver/Src/stm32f3xx_hal_cortex.o
                0x0000000008000d80                HAL_NVIC_SetPriority
 .text.HAL_NVIC_EnableIRQ
                0x0000000008000db8       0x1c ./Drivers/STM32F3xx_HAL_Driver/Src/stm32f3xx_hal_cortex.o
                0x0000000008000db8                HAL_NVIC_EnableIRQ
 .text.HAL_GPIO_Init
                0x0000000008000dd4      0x2e4 ./Drivers/STM32F3xx_HAL_Driver/Src/stm32f3xx_hal_gpio.o
                0x0000000008000dd4                HAL_GPIO_Init
 .text.HAL_GPIO_WritePin
                0x00000000080010b8       0x30 ./Drivers/STM32F3xx_HAL_Driver/Src/stm32f3xx_hal_gpio.o
                0x00000000080010b8                HAL_GPIO_WritePin
 .text.HAL_GPIO_TogglePin
                0x00000000080010e8       0x34 ./Drivers/STM32F3xx_HAL_Driver/Src/stm32f3xx_hal_gpio.o
                0x00000000080010e8                HAL_GPIO_TogglePin
 .text.HAL_GPIO_EXTI_IRQHandler
                0x000000000800111c       0x30 ./Drivers/STM32F3xx_HAL_Driver/Src/stm32f3xx_hal_gpio.o
                0x000000000800111c                HAL_GPIO_EXTI_IRQHandler
 .text.HAL_I2C_Init
                0x000000000800114c      0x11e ./Drivers/STM32F3xx_HAL_Driver/Src/stm32f3xx_hal_i2c.o
                0x000000000800114c                HAL_I2C_Init
 .text.HAL_I2CEx_ConfigAnalogFilter
                0x000000000800126a       0x96 ./Drivers/STM32F3xx_HAL_Driver/Src/stm32f3xx_hal_i2c_ex.o
                0x000000000800126a                HAL_I2CEx_ConfigAnalogFilter
 .text.HAL_I2CEx_ConfigDigitalFilter
                0x0000000008001300       0x98 ./Drivers/STM32F3xx_HAL_Driver/Src/stm32f3xx_hal_i2c_ex.o
                0x0000000008001300                HAL_I2CEx_ConfigDigitalFilter
 .text.HAL_RCC_OscConfig
                0x0000000008001398     0x107c ./Drivers/STM32F3xx_HAL_Driver/Src/stm32f3xx_hal_rcc.o
                0x0000000008001398                HAL_RCC_OscConfig
 .text.HAL_RCC_ClockConfig
                0x0000000008002414      0x2f8 ./Drivers/STM32F3xx_HAL_Driver/Src/stm32f3xx_hal_rcc.o
                0x0000000008002414                HAL_RCC_ClockConfig
 .text.HAL_RCC_GetSysClockFreq
                0x000000000800270c       0xd4 ./Drivers/STM32F3xx_HAL_Driver/Src/stm32f3xx_hal_rcc.o
                0x000000000800270c                HAL_RCC_GetSysClockFreq
 .text.HAL_RCC_GetHCLKFreq
                0x00000000080027e0       0x18 ./Drivers/STM32F3xx_HAL_Driver/Src/stm32f3xx_hal_rcc.o
                0x00000000080027e0                HAL_RCC_GetHCLKFreq
 .text.HAL_RCC_GetPCLK1Freq
                0x00000000080027f8       0x44 ./Drivers/STM32F3xx_HAL_Driver/Src/stm32f3xx_hal_rcc.o
                0x00000000080027f8                HAL_RCC_GetPCLK1Freq
 .text.HAL_RCC_GetPCLK2Freq
                0x000000000800283c       0x44 ./Drivers/STM32F3xx_HAL_Driver/Src/stm32f3xx_hal_rcc.o
                0x000000000800283c                HAL_RCC_GetPCLK2Freq
 .text.HAL_RCC_GetClockConfig
                0x0000000008002880       0x64 ./Drivers/STM32F3xx_HAL_Driver/Src/stm32f3xx_hal_rcc.o
                0x0000000008002880                HAL_RCC_GetClockConfig
 .text.HAL_RCCEx_PeriphCLKConfig
                0x00000000080028e4      0x324 ./Drivers/STM32F3xx_HAL_Driver/Src/stm32f3xx_hal_rcc_ex.o
                0x00000000080028e4                HAL_RCCEx_PeriphCLKConfig
 .text.HAL_TIM_Base_Init
                0x0000000008002c08       0xae ./Drivers/STM32F3xx_HAL_Driver/Src/stm32f3xx_hal_tim.o
                0x0000000008002c08                HAL_TIM_Base_Init
 .text.HAL_TIM_Base_MspInit
                0x0000000008002cb6       0x14 ./Drivers/STM32F3xx_HAL_Driver/Src/stm32f3xx_hal_tim.o
                0x0000000008002cb6                HAL_TIM_Base_MspInit
 *fill*         0x0000000008002cca        0x2 
 .text.HAL_TIM_Base_Start_IT
                0x0000000008002ccc       0xa8 ./Drivers/STM32F3xx_HAL_Driver/Src/stm32f3xx_hal_tim.o
                0x0000000008002ccc                HAL_TIM_Base_Start_IT
 .text.HAL_TIM_IRQHandler
                0x0000000008002d74      0x23e ./Drivers/STM32F3xx_HAL_Driver/Src/stm32f3xx_hal_tim.o
                0x0000000008002d74                HAL_TIM_IRQHandler
 .text.HAL_TIM_OC_DelayElapsedCallback
                0x0000000008002fb2       0x14 ./Drivers/STM32F3xx_HAL_Driver/Src/stm32f3xx_hal_tim.o
                0x0000000008002fb2                HAL_TIM_OC_DelayElapsedCallback
 .text.HAL_TIM_IC_CaptureCallback
                0x0000000008002fc6       0x14 ./Drivers/STM32F3xx_HAL_Driver/Src/stm32f3xx_hal_tim.o
                0x0000000008002fc6                HAL_TIM_IC_CaptureCallback
 .text.HAL_TIM_PWM_PulseFinishedCallback
                0x0000000008002fda       0x14 ./Drivers/STM32F3xx_HAL_Driver/Src/stm32f3xx_hal_tim.o
                0x0000000008002fda                HAL_TIM_PWM_PulseFinishedCallback
 .text.HAL_TIM_TriggerCallback
                0x0000000008002fee       0x14 ./Drivers/STM32F3xx_HAL_Driver/Src/stm32f3xx_hal_tim.o
                0x0000000008002fee                HAL_TIM_TriggerCallback
 *fill*         0x0000000008003002        0x2 
 .text.TIM_Base_SetConfig
                0x0000000008003004       0xdc ./Drivers/STM32F3xx_HAL_Driver/Src/stm32f3xx_hal_tim.o
                0x0000000008003004                TIM_Base_SetConfig
 .text.HAL_TIMEx_CommutCallback
                0x00000000080030e0       0x14 ./Drivers/STM32F3xx_HAL_Driver/Src/stm32f3xx_hal_tim_ex.o
                0x00000000080030e0                HAL_TIMEx_CommutCallback
 .text.HAL_TIMEx_BreakCallback
                0x00000000080030f4       0x14 ./Drivers/STM32F3xx_HAL_Driver/Src/stm32f3xx_hal_tim_ex.o
                0x00000000080030f4                HAL_TIMEx_BreakCallback
 .text.HAL_TIMEx_Break2Callback
                0x0000000008003108       0x14 ./Drivers/STM32F3xx_HAL_Driver/Src/stm32f3xx_hal_tim_ex.o
                0x0000000008003108                HAL_TIMEx_Break2Callback
 .text.HAL_UART_Init
                0x000000000800311c       0x9c ./Drivers/STM32F3xx_HAL_Driver/Src/stm32f3xx_hal_uart.o
                0x000000000800311c                HAL_UART_Init
 .text.HAL_UART_Transmit
                0x00000000080031b8      0x114 ./Drivers/STM32F3xx_HAL_Driver/Src/stm32f3xx_hal_uart.o
                0x00000000080031b8                HAL_UART_Transmit
 .text.HAL_UART_Receive
                0x00000000080032cc      0x192 ./Drivers/STM32F3xx_HAL_Driver/Src/stm32f3xx_hal_uart.o
                0x00000000080032cc                HAL_UART_Receive
 *fill*         0x000000000800345e        0x2 
 .text.UART_SetConfig
                0x0000000008003460      0x26c ./Drivers/STM32F3xx_HAL_Driver/Src/stm32f3xx_hal_uart.o
                0x0000000008003460                UART_SetConfig
 .text.UART_AdvFeatureConfig
                0x00000000080036cc      0x144 ./Drivers/STM32F3xx_HAL_Driver/Src/stm32f3xx_hal_uart.o
                0x00000000080036cc                UART_AdvFeatureConfig
 .text.UART_CheckIdleState
                0x0000000008003810      0x150 ./Drivers/STM32F3xx_HAL_Driver/Src/stm32f3xx_hal_uart.o
                0x0000000008003810                UART_CheckIdleState
 .text.UART_WaitOnFlagUntilTimeout
                0x0000000008003960       0xce ./Drivers/STM32F3xx_HAL_Driver/Src/stm32f3xx_hal_uart.o
                0x0000000008003960                UART_WaitOnFlagUntilTimeout
 .text.UART_EndRxTransfer
                0x0000000008003a2e       0xc8 ./Drivers/STM32F3xx_HAL_Driver/Src/stm32f3xx_hal_uart.o
 .text.makeFreeRtosPriority
                0x0000000008003af6       0x30 ./Middlewares/Third_Party/FreeRTOS/Source/CMSIS_RTOS/cmsis_os.o
 .text.osKernelStart
                0x0000000008003b26        0xe ./Middlewares/Third_Party/FreeRTOS/Source/CMSIS_RTOS/cmsis_os.o
                0x0000000008003b26                osKernelStart
 .text.osThreadCreate
                0x0000000008003b34       0x4e ./Middlewares/Third_Party/FreeRTOS/Source/CMSIS_RTOS/cmsis_os.o
                0x0000000008003b34                osThreadCreate
 .text.osDelay  0x0000000008003b82       0x28 ./Middlewares/Third_Party/FreeRTOS/Source/CMSIS_RTOS/cmsis_os.o
                0x0000000008003b82                osDelay
 .text.vListInitialise
                0x0000000008003baa       0x40 ./Middlewares/Third_Party/FreeRTOS/Source/list.o
                0x0000000008003baa                vListInitialise
 .text.vListInitialiseItem
                0x0000000008003bea       0x1a ./Middlewares/Third_Party/FreeRTOS/Source/list.o
                0x0000000008003bea                vListInitialiseItem
 .text.vListInsertEnd
                0x0000000008003c04       0x48 ./Middlewares/Third_Party/FreeRTOS/Source/list.o
                0x0000000008003c04                vListInsertEnd
 .text.vListInsert
                0x0000000008003c4c       0x72 ./Middlewares/Third_Party/FreeRTOS/Source/list.o
                0x0000000008003c4c                vListInsert
 .text.uxListRemove
                0x0000000008003cbe       0x54 ./Middlewares/Third_Party/FreeRTOS/Source/list.o
                0x0000000008003cbe                uxListRemove
 *fill*         0x0000000008003d12        0x2 
 .text.xQueueGenericReset
                0x0000000008003d14       0xd0 ./Middlewares/Third_Party/FreeRTOS/Source/queue.o
                0x0000000008003d14                xQueueGenericReset
 .text.xQueueGenericCreate
                0x0000000008003de4       0x74 ./Middlewares/Third_Party/FreeRTOS/Source/queue.o
                0x0000000008003de4                xQueueGenericCreate
 .text.prvInitialiseNewQueue
                0x0000000008003e58       0x3e ./Middlewares/Third_Party/FreeRTOS/Source/queue.o
 .text.xQueueCreateCountingSemaphore
                0x0000000008003e96       0x66 ./Middlewares/Third_Party/FreeRTOS/Source/queue.o
                0x0000000008003e96                xQueueCreateCountingSemaphore
 .text.xQueueGenericSend
                0x0000000008003efc      0x1fc ./Middlewares/Third_Party/FreeRTOS/Source/queue.o
                0x0000000008003efc                xQueueGenericSend
 .text.xQueueGenericSendFromISR
                0x00000000080040f8      0x130 ./Middlewares/Third_Party/FreeRTOS/Source/queue.o
                0x00000000080040f8                xQueueGenericSendFromISR
 .text.xQueueGiveFromISR
                0x0000000008004228      0x11a ./Middlewares/Third_Party/FreeRTOS/Source/queue.o
                0x0000000008004228                xQueueGiveFromISR
 *fill*         0x0000000008004342        0x2 
 .text.xQueueReceive
                0x0000000008004344      0x1c0 ./Middlewares/Third_Party/FreeRTOS/Source/queue.o
                0x0000000008004344                xQueueReceive
 .text.xQueueSemaphoreTake
                0x0000000008004504      0x218 ./Middlewares/Third_Party/FreeRTOS/Source/queue.o
                0x0000000008004504                xQueueSemaphoreTake
 .text.prvGetDisinheritPriorityAfterTimeout
                0x000000000800471c       0x30 ./Middlewares/Third_Party/FreeRTOS/Source/queue.o
 .text.prvCopyDataToQueue
                0x000000000800474c       0xd4 ./Middlewares/Third_Party/FreeRTOS/Source/queue.o
 .text.prvCopyDataFromQueue
                0x0000000008004820       0x4c ./Middlewares/Third_Party/FreeRTOS/Source/queue.o
 .text.prvUnlockQueue
                0x000000000800486c       0xa4 ./Middlewares/Third_Party/FreeRTOS/Source/queue.o
 .text.prvIsQueueEmpty
                0x0000000008004910       0x2c ./Middlewares/Third_Party/FreeRTOS/Source/queue.o
 .text.prvIsQueueFull
                0x000000000800493c       0x30 ./Middlewares/Third_Party/FreeRTOS/Source/queue.o
 .text.vQueueAddToRegistry
                0x000000000800496c       0x54 ./Middlewares/Third_Party/FreeRTOS/Source/queue.o
                0x000000000800496c                vQueueAddToRegistry
 .text.vQueueWaitForMessageRestricted
                0x00000000080049c0       0x68 ./Middlewares/Third_Party/FreeRTOS/Source/queue.o
                0x00000000080049c0                vQueueWaitForMessageRestricted
 .text.xTaskCreate
                0x0000000008004a28       0x82 ./Middlewares/Third_Party/FreeRTOS/Source/tasks.o
                0x0000000008004a28                xTaskCreate
 .text.prvInitialiseNewTask
                0x0000000008004aaa      0x104 ./Middlewares/Third_Party/FreeRTOS/Source/tasks.o
 *fill*         0x0000000008004bae        0x2 
 .text.prvAddNewTaskToReadyList
                0x0000000008004bb0       0xd4 ./Middlewares/Third_Party/FreeRTOS/Source/tasks.o
 .text.vTaskDelay
                0x0000000008004c84       0x68 ./Middlewares/Third_Party/FreeRTOS/Source/tasks.o
                0x0000000008004c84                vTaskDelay
 .text.vTaskStartScheduler
                0x0000000008004cec       0x9c ./Middlewares/Third_Party/FreeRTOS/Source/tasks.o
                0x0000000008004cec                vTaskStartScheduler
 .text.vTaskSuspendAll
                0x0000000008004d88       0x1c ./Middlewares/Third_Party/FreeRTOS/Source/tasks.o
                0x0000000008004d88                vTaskSuspendAll
 .text.prvGetExpectedIdleTime
                0x0000000008004da4       0x74 ./Middlewares/Third_Party/FreeRTOS/Source/tasks.o
 .text.xTaskResumeAll
                0x0000000008004e18      0x138 ./Middlewares/Third_Party/FreeRTOS/Source/tasks.o
                0x0000000008004e18                xTaskResumeAll
 .text.xTaskGetTickCount
                0x0000000008004f50       0x20 ./Middlewares/Third_Party/FreeRTOS/Source/tasks.o
                0x0000000008004f50                xTaskGetTickCount
 .text.xTaskIncrementTick
                0x0000000008004f70      0x18c ./Middlewares/Third_Party/FreeRTOS/Source/tasks.o
                0x0000000008004f70                xTaskIncrementTick
 .text.vTaskSwitchContext
                0x00000000080050fc       0xb8 ./Middlewares/Third_Party/FreeRTOS/Source/tasks.o
                0x00000000080050fc                vTaskSwitchContext
 .text.vTaskPlaceOnEventList
                0x00000000080051b4       0x48 ./Middlewares/Third_Party/FreeRTOS/Source/tasks.o
                0x00000000080051b4                vTaskPlaceOnEventList
 .text.vTaskPlaceOnEventListRestricted
                0x00000000080051fc       0x58 ./Middlewares/Third_Party/FreeRTOS/Source/tasks.o
                0x00000000080051fc                vTaskPlaceOnEventListRestricted
 .text.xTaskRemoveFromEventList
                0x0000000008005254       0xc8 ./Middlewares/Third_Party/FreeRTOS/Source/tasks.o
                0x0000000008005254                xTaskRemoveFromEventList
 .text.vTaskInternalSetTimeOutState
                0x000000000800531c       0x2c ./Middlewares/Third_Party/FreeRTOS/Source/tasks.o
                0x000000000800531c                vTaskInternalSetTimeOutState
 .text.xTaskCheckForTimeOut
                0x0000000008005348       0xc4 ./Middlewares/Third_Party/FreeRTOS/Source/tasks.o
                0x0000000008005348                xTaskCheckForTimeOut
 .text.vTaskMissedYield
                0x000000000800540c       0x18 ./Middlewares/Third_Party/FreeRTOS/Source/tasks.o
                0x000000000800540c                vTaskMissedYield
 .text.prvIdleTask
                0x0000000008005424       0x84 ./Middlewares/Third_Party/FreeRTOS/Source/tasks.o
 .text.prvInitialiseTaskLists
                0x00000000080054a8       0x80 ./Middlewares/Third_Party/FreeRTOS/Source/tasks.o
 .text.prvCheckTasksWaitingTermination
                0x0000000008005528       0x5c ./Middlewares/Third_Party/FreeRTOS/Source/tasks.o
 .text.prvDeleteTCB
                0x0000000008005584       0x20 ./Middlewares/Third_Party/FreeRTOS/Source/tasks.o
 .text.prvResetNextTaskUnblockTime
                0x00000000080055a4       0x4c ./Middlewares/Third_Party/FreeRTOS/Source/tasks.o
 .text.xTaskGetSchedulerState
                0x00000000080055f0       0x3c ./Middlewares/Third_Party/FreeRTOS/Source/tasks.o
                0x00000000080055f0                xTaskGetSchedulerState
 .text.xTaskPriorityInherit
                0x000000000800562c      0x10c ./Middlewares/Third_Party/FreeRTOS/Source/tasks.o
                0x000000000800562c                xTaskPriorityInherit
 .text.xTaskPriorityDisinherit
                0x0000000008005738      0x10c ./Middlewares/Third_Party/FreeRTOS/Source/tasks.o
                0x0000000008005738                xTaskPriorityDisinherit
 .text.vTaskPriorityDisinheritAfterTimeout
                0x0000000008005844      0x140 ./Middlewares/Third_Party/FreeRTOS/Source/tasks.o
                0x0000000008005844                vTaskPriorityDisinheritAfterTimeout
 .text.pvTaskIncrementMutexHeldCount
                0x0000000008005984       0x28 ./Middlewares/Third_Party/FreeRTOS/Source/tasks.o
                0x0000000008005984                pvTaskIncrementMutexHeldCount
 .text.prvAddCurrentTaskToDelayedList
                0x00000000080059ac       0xcc ./Middlewares/Third_Party/FreeRTOS/Source/tasks.o
 .text.xTimerCreateTimerTask
                0x0000000008005a78       0x64 ./Middlewares/Third_Party/FreeRTOS/Source/timers.o
                0x0000000008005a78                xTimerCreateTimerTask
 .text.xTimerCreate
                0x0000000008005adc       0x3a ./Middlewares/Third_Party/FreeRTOS/Source/timers.o
                0x0000000008005adc                xTimerCreate
 .text.prvInitialiseNewTimer
                0x0000000008005b16       0x64 ./Middlewares/Third_Party/FreeRTOS/Source/timers.o
 *fill*         0x0000000008005b7a        0x2 
 .text.xTimerGenericCommand
                0x0000000008005b7c       0x9c ./Middlewares/Third_Party/FreeRTOS/Source/timers.o
                0x0000000008005b7c                xTimerGenericCommand
 .text.prvProcessExpiredTimer
                0x0000000008005c18       0x80 ./Middlewares/Third_Party/FreeRTOS/Source/timers.o
 .text.prvTimerTask
                0x0000000008005c98       0x24 ./Middlewares/Third_Party/FreeRTOS/Source/timers.o
 .text.prvProcessTimerOrBlockTask
                0x0000000008005cbc       0x9c ./Middlewares/Third_Party/FreeRTOS/Source/timers.o
 .text.prvGetNextExpireTime
                0x0000000008005d58       0x48 ./Middlewares/Third_Party/FreeRTOS/Source/timers.o
 .text.prvSampleTimeNow
                0x0000000008005da0       0x40 ./Middlewares/Third_Party/FreeRTOS/Source/timers.o
 .text.prvInsertTimerInActiveList
                0x0000000008005de0       0x84 ./Middlewares/Third_Party/FreeRTOS/Source/timers.o
 .text.prvProcessReceivedCommands
                0x0000000008005e64      0x128 ./Middlewares/Third_Party/FreeRTOS/Source/timers.o
 .text.prvSwitchTimerLists
                0x0000000008005f8c       0xc4 ./Middlewares/Third_Party/FreeRTOS/Source/timers.o
 .text.prvCheckForValidListAndQueue
                0x0000000008006050       0x6c ./Middlewares/Third_Party/FreeRTOS/Source/timers.o
 .text.pvTimerGetTimerID
                0x00000000080060bc       0x40 ./Middlewares/Third_Party/FreeRTOS/Source/timers.o
                0x00000000080060bc                pvTimerGetTimerID
 .text.vTimerSetTimerID
                0x00000000080060fc       0x40 ./Middlewares/Third_Party/FreeRTOS/Source/timers.o
                0x00000000080060fc                vTimerSetTimerID
 .text.pxPortInitialiseStack
                0x000000000800613c       0x68 ./Middlewares/Third_Party/FreeRTOS/Source/portable/GCC/ARM_CM4F/port.o
                0x000000000800613c                pxPortInitialiseStack
 .text.prvTaskExitError
                0x00000000080061a4       0x58 ./Middlewares/Third_Party/FreeRTOS/Source/portable/GCC/ARM_CM4F/port.o
 *fill*         0x00000000080061fc        0x4 
 .text.SVC_Handler
                0x0000000008006200       0x28 ./Middlewares/Third_Party/FreeRTOS/Source/portable/GCC/ARM_CM4F/port.o
                0x0000000008006200                SVC_Handler
 .text.prvPortStartFirstTask
                0x0000000008006228       0x28 ./Middlewares/Third_Party/FreeRTOS/Source/portable/GCC/ARM_CM4F/port.o
 .text.xPortStartScheduler
                0x0000000008006250      0x144 ./Middlewares/Third_Party/FreeRTOS/Source/portable/GCC/ARM_CM4F/port.o
                0x0000000008006250                xPortStartScheduler
 .text.vPortEnterCritical
                0x0000000008006394       0x60 ./Middlewares/Third_Party/FreeRTOS/Source/portable/GCC/ARM_CM4F/port.o
                0x0000000008006394                vPortEnterCritical
 .text.vPortExitCritical
                0x00000000080063f4       0x54 ./Middlewares/Third_Party/FreeRTOS/Source/portable/GCC/ARM_CM4F/port.o
                0x00000000080063f4                vPortExitCritical
 *fill*         0x0000000008006448        0x8 
 .text.PendSV_Handler
                0x0000000008006450       0x68 ./Middlewares/Third_Party/FreeRTOS/Source/portable/GCC/ARM_CM4F/port.o
                0x0000000008006450                PendSV_Handler
 .text.SysTick_Handler
                0x00000000080064b8       0x44 ./Middlewares/Third_Party/FreeRTOS/Source/portable/GCC/ARM_CM4F/port.o
                0x00000000080064b8                SysTick_Handler
 .text.vPortSetupTimerInterrupt
                0x00000000080064fc       0x48 ./Middlewares/Third_Party/FreeRTOS/Source/portable/GCC/ARM_CM4F/port.o
                0x00000000080064fc                vPortSetupTimerInterrupt
 .text.vPortEnableVFP
                0x0000000008006544       0x14 ./Middlewares/Third_Party/FreeRTOS/Source/portable/GCC/ARM_CM4F/port.o
 .text.vPortValidateInterruptPriority
                0x0000000008006558       0x80 ./Middlewares/Third_Party/FreeRTOS/Source/portable/GCC/ARM_CM4F/port.o
                0x0000000008006558                vPortValidateInterruptPriority
 .text.pvPortMalloc
                0x00000000080065d8      0x188 ./Middlewares/Third_Party/FreeRTOS/Source/portable/MemMang/heap_4.o
                0x00000000080065d8                pvPortMalloc
 .text.vPortFree
                0x0000000008006760       0xb4 ./Middlewares/Third_Party/FreeRTOS/Source/portable/MemMang/heap_4.o
                0x0000000008006760                vPortFree
 .text.prvHeapInit
                0x0000000008006814       0xc4 ./Middlewares/Third_Party/FreeRTOS/Source/portable/MemMang/heap_4.o
 .text.prvInsertBlockIntoFreeList
                0x00000000080068d8       0xb4 ./Middlewares/Third_Party/FreeRTOS/Source/portable/MemMang/heap_4.o
 .text.__libc_init_array
                0x000000000800698c       0x48 e:/programs/stm_cube_ide/stm32cubeide_1.9.0/stm32cubeide/plugins/com.st.stm32cube.ide.mcu.externaltools.gnu-tools-for-stm32.10.3-2021.10.win32_1.0.0.202111181127/tools/bin/../lib/gcc/arm-none-eabi/10.3.1/../../../../arm-none-eabi/lib/thumb/v7e-m+fp/hard\libc_nano.a(lib_a-init.o)
                0x000000000800698c                __libc_init_array
 .text.memcpy   0x00000000080069d4       0x1c e:/programs/stm_cube_ide/stm32cubeide_1.9.0/stm32cubeide/plugins/com.st.stm32cube.ide.mcu.externaltools.gnu-tools-for-stm32.10.3-2021.10.win32_1.0.0.202111181127/tools/bin/../lib/gcc/arm-none-eabi/10.3.1/../../../../arm-none-eabi/lib/thumb/v7e-m+fp/hard\libc_nano.a(lib_a-memcpy-stub.o)
                0x00000000080069d4                memcpy
 .text.memset   0x00000000080069f0       0x10 e:/programs/stm_cube_ide/stm32cubeide_1.9.0/stm32cubeide/plugins/com.st.stm32cube.ide.mcu.externaltools.gnu-tools-for-stm32.10.3-2021.10.win32_1.0.0.202111181127/tools/bin/../lib/gcc/arm-none-eabi/10.3.1/../../../../arm-none-eabi/lib/thumb/v7e-m+fp/hard\libc_nano.a(lib_a-memset.o)
                0x00000000080069f0                memset
 *(.glue_7)
 .glue_7        0x0000000008006a00        0x0 linker stubs
 *(.glue_7t)
 .glue_7t       0x0000000008006a00        0x0 linker stubs
 *(.eh_frame)
 .eh_frame      0x0000000008006a00        0x0 e:/programs/stm_cube_ide/stm32cubeide_1.9.0/stm32cubeide/plugins/com.st.stm32cube.ide.mcu.externaltools.gnu-tools-for-stm32.10.3-2021.10.win32_1.0.0.202111181127/tools/bin/../lib/gcc/arm-none-eabi/10.3.1/thumb/v7e-m+fp/hard/crtbegin.o
 *(.init)
 .init          0x0000000008006a00        0x4 e:/programs/stm_cube_ide/stm32cubeide_1.9.0/stm32cubeide/plugins/com.st.stm32cube.ide.mcu.externaltools.gnu-tools-for-stm32.10.3-2021.10.win32_1.0.0.202111181127/tools/bin/../lib/gcc/arm-none-eabi/10.3.1/thumb/v7e-m+fp/hard/crti.o
                0x0000000008006a00                _init
 .init          0x0000000008006a04        0x8 e:/programs/stm_cube_ide/stm32cubeide_1.9.0/stm32cubeide/plugins/com.st.stm32cube.ide.mcu.externaltools.gnu-tools-for-stm32.10.3-2021.10.win32_1.0.0.202111181127/tools/bin/../lib/gcc/arm-none-eabi/10.3.1/thumb/v7e-m+fp/hard/crtn.o
 *(.fini)
 .fini          0x0000000008006a0c        0x4 e:/programs/stm_cube_ide/stm32cubeide_1.9.0/stm32cubeide/plugins/com.st.stm32cube.ide.mcu.externaltools.gnu-tools-for-stm32.10.3-2021.10.win32_1.0.0.202111181127/tools/bin/../lib/gcc/arm-none-eabi/10.3.1/thumb/v7e-m+fp/hard/crti.o
                0x0000000008006a0c                _fini
 .fini          0x0000000008006a10        0x8 e:/programs/stm_cube_ide/stm32cubeide_1.9.0/stm32cubeide/plugins/com.st.stm32cube.ide.mcu.externaltools.gnu-tools-for-stm32.10.3-2021.10.win32_1.0.0.202111181127/tools/bin/../lib/gcc/arm-none-eabi/10.3.1/thumb/v7e-m+fp/hard/crtn.o
                0x0000000008006a18                . = ALIGN (0x4)
                0x0000000008006a18                _etext = .

.vfp11_veneer   0x0000000008006a18        0x0
 .vfp11_veneer  0x0000000008006a18        0x0 linker stubs

.v4_bx          0x0000000008006a18        0x0
 .v4_bx         0x0000000008006a18        0x0 linker stubs

.iplt           0x0000000008006a18        0x0
 .iplt          0x0000000008006a18        0x0 e:/programs/stm_cube_ide/stm32cubeide_1.9.0/stm32cubeide/plugins/com.st.stm32cube.ide.mcu.externaltools.gnu-tools-for-stm32.10.3-2021.10.win32_1.0.0.202111181127/tools/bin/../lib/gcc/arm-none-eabi/10.3.1/thumb/v7e-m+fp/hard/crtbegin.o

.rodata         0x0000000008006a18       0xd8
                0x0000000008006a18                . = ALIGN (0x4)
 *(.rodata)
 .rodata        0x0000000008006a18       0x87 ./Core/Src/main.o
 *fill*         0x0000000008006a9f        0x1 
 .rodata        0x0000000008006aa0        0x5 ./Middlewares/Third_Party/FreeRTOS/Source/tasks.o
 *fill*         0x0000000008006aa5        0x3 
 .rodata        0x0000000008006aa8        0xd ./Middlewares/Third_Party/FreeRTOS/Source/timers.o
 *(.rodata*)
 *fill*         0x0000000008006ab5        0x3 
 .rodata.AHBPrescTable
                0x0000000008006ab8       0x10 ./Core/Src/system_stm32f3xx.o
                0x0000000008006ab8                AHBPrescTable
 .rodata.APBPrescTable
                0x0000000008006ac8        0x8 ./Core/Src/system_stm32f3xx.o
                0x0000000008006ac8                APBPrescTable
 .rodata.aPLLMULFactorTable
                0x0000000008006ad0       0x10 ./Drivers/STM32F3xx_HAL_Driver/Src/stm32f3xx_hal_rcc.o
 .rodata.aPredivFactorTable
                0x0000000008006ae0       0x10 ./Drivers/STM32F3xx_HAL_Driver/Src/stm32f3xx_hal_rcc.o
                0x0000000008006af0                . = ALIGN (0x4)

.rel.dyn        0x0000000008006af0        0x0
 .rel.iplt      0x0000000008006af0        0x0 e:/programs/stm_cube_ide/stm32cubeide_1.9.0/stm32cubeide/plugins/com.st.stm32cube.ide.mcu.externaltools.gnu-tools-for-stm32.10.3-2021.10.win32_1.0.0.202111181127/tools/bin/../lib/gcc/arm-none-eabi/10.3.1/thumb/v7e-m+fp/hard/crtbegin.o

.ARM.extab      0x0000000008006af0        0x0
                0x0000000008006af0                . = ALIGN (0x4)
 *(.ARM.extab* .gnu.linkonce.armextab.*)
                0x0000000008006af0                . = ALIGN (0x4)

.ARM            0x0000000008006af0        0x0
                0x0000000008006af0                . = ALIGN (0x4)
                0x0000000008006af0                __exidx_start = .
 *(.ARM.exidx*)
                0x0000000008006af0                __exidx_end = .
                0x0000000008006af0                . = ALIGN (0x4)

.preinit_array  0x0000000008006af0        0x0
                0x0000000008006af0                . = ALIGN (0x4)
                0x0000000008006af0                PROVIDE (__preinit_array_start = .)
 *(.preinit_array*)
                0x0000000008006af0                PROVIDE (__preinit_array_end = .)
                0x0000000008006af0                . = ALIGN (0x4)

.init_array     0x0000000008006af0        0x4
                0x0000000008006af0                . = ALIGN (0x4)
                0x0000000008006af0                PROVIDE (__init_array_start = .)
 *(SORT_BY_NAME(.init_array.*))
 *(.init_array*)
 .init_array    0x0000000008006af0        0x4 e:/programs/stm_cube_ide/stm32cubeide_1.9.0/stm32cubeide/plugins/com.st.stm32cube.ide.mcu.externaltools.gnu-tools-for-stm32.10.3-2021.10.win32_1.0.0.202111181127/tools/bin/../lib/gcc/arm-none-eabi/10.3.1/thumb/v7e-m+fp/hard/crtbegin.o
                0x0000000008006af4                PROVIDE (__init_array_end = .)
                0x0000000008006af4                . = ALIGN (0x4)

.fini_array     0x0000000008006af4        0x4
                0x0000000008006af4                . = ALIGN (0x4)
                [!provide]                        PROVIDE (__fini_array_start = .)
 *(SORT_BY_NAME(.fini_array.*))
 *(.fini_array*)
 .fini_array    0x0000000008006af4        0x4 e:/programs/stm_cube_ide/stm32cubeide_1.9.0/stm32cubeide/plugins/com.st.stm32cube.ide.mcu.externaltools.gnu-tools-for-stm32.10.3-2021.10.win32_1.0.0.202111181127/tools/bin/../lib/gcc/arm-none-eabi/10.3.1/thumb/v7e-m+fp/hard/crtbegin.o
                [!provide]                        PROVIDE (__fini_array_end = .)
                0x0000000008006af8                . = ALIGN (0x4)
                0x0000000008006af8                _sidata = LOADADDR (.data)

.data           0x0000000020000000       0x10 load address 0x0000000008006af8
                0x0000000020000000                . = ALIGN (0x4)
                0x0000000020000000                _sdata = .
 *(.data)
 *(.data*)
 .data.SystemCoreClock
                0x0000000020000000        0x4 ./Core/Src/system_stm32f3xx.o
                0x0000000020000000                SystemCoreClock
 .data.uwTickPrio
                0x0000000020000004        0x4 ./Drivers/STM32F3xx_HAL_Driver/Src/stm32f3xx_hal.o
                0x0000000020000004                uwTickPrio
 .data.uwTickFreq
                0x0000000020000008        0x1 ./Drivers/STM32F3xx_HAL_Driver/Src/stm32f3xx_hal.o
                0x0000000020000008                uwTickFreq
 *fill*         0x0000000020000009        0x3 
 .data.uxCriticalNesting
                0x000000002000000c        0x4 ./Middlewares/Third_Party/FreeRTOS/Source/portable/GCC/ARM_CM4F/port.o
 *(.RamFunc)
 *(.RamFunc*)
                0x0000000020000010                . = ALIGN (0x4)
                0x0000000020000010                _edata = .

.igot.plt       0x0000000020000010        0x0 load address 0x0000000008006b08
 .igot.plt      0x0000000020000010        0x0 e:/programs/stm_cube_ide/stm32cubeide_1.9.0/stm32cubeide/plugins/com.st.stm32cube.ide.mcu.externaltools.gnu-tools-for-stm32.10.3-2021.10.win32_1.0.0.202111181127/tools/bin/../lib/gcc/arm-none-eabi/10.3.1/thumb/v7e-m+fp/hard/crtbegin.o
                0x0000000020000010                . = ALIGN (0x4)

.bss            0x0000000020000010     0x1338 load address 0x0000000008006b08
                0x0000000020000010                _sbss = .
                0x0000000020000010                __bss_start__ = _sbss
 *(.bss)
 .bss           0x0000000020000010       0x1c e:/programs/stm_cube_ide/stm32cubeide_1.9.0/stm32cubeide/plugins/com.st.stm32cube.ide.mcu.externaltools.gnu-tools-for-stm32.10.3-2021.10.win32_1.0.0.202111181127/tools/bin/../lib/gcc/arm-none-eabi/10.3.1/thumb/v7e-m+fp/hard/crtbegin.o
 *(.bss*)
 .bss.hi2c1     0x000000002000002c       0x54 ./Core/Src/main.o
                0x000000002000002c                hi2c1
 .bss.huart1    0x0000000020000080       0x88 ./Core/Src/main.o
                0x0000000020000080                huart1
 .bss.defaultTaskHandle
                0x0000000020000108        0x4 ./Core/Src/main.o
                0x0000000020000108                defaultTaskHandle
 .bss.buffer    0x000000002000010c       0x1c ./Core/Src/main.o
                0x000000002000010c                buffer
 .bss.Semaphore1
                0x0000000020000128        0x4 ./Core/Src/main.o
                0x0000000020000128                Semaphore1
 .bss.Semaphore2
                0x000000002000012c        0x4 ./Core/Src/main.o
                0x000000002000012c                Semaphore2
 .bss.htim2     0x0000000020000130       0x4c ./Core/Src/stm32f3xx_hal_timebase_tim.o
                0x0000000020000130                htim2
 .bss.uwTick    0x000000002000017c        0x4 ./Drivers/STM32F3xx_HAL_Driver/Src/stm32f3xx_hal.o
                0x000000002000017c                uwTick
 .bss.xQueueRegistry
                0x0000000020000180       0x40 ./Middlewares/Third_Party/FreeRTOS/Source/queue.o
                0x0000000020000180                xQueueRegistry
 .bss.pxCurrentTCB
                0x00000000200001c0        0x4 ./Middlewares/Third_Party/FreeRTOS/Source/tasks.o
                0x00000000200001c0                pxCurrentTCB
 .bss.pxReadyTasksLists
                0x00000000200001c4       0x8c ./Middlewares/Third_Party/FreeRTOS/Source/tasks.o
 .bss.xDelayedTaskList1
                0x0000000020000250       0x14 ./Middlewares/Third_Party/FreeRTOS/Source/tasks.o
 .bss.xDelayedTaskList2
                0x0000000020000264       0x14 ./Middlewares/Third_Party/FreeRTOS/Source/tasks.o
 .bss.pxDelayedTaskList
                0x0000000020000278        0x4 ./Middlewares/Third_Party/FreeRTOS/Source/tasks.o
 .bss.pxOverflowDelayedTaskList
                0x000000002000027c        0x4 ./Middlewares/Third_Party/FreeRTOS/Source/tasks.o
 .bss.xPendingReadyList
                0x0000000020000280       0x14 ./Middlewares/Third_Party/FreeRTOS/Source/tasks.o
 .bss.xTasksWaitingTermination
                0x0000000020000294       0x14 ./Middlewares/Third_Party/FreeRTOS/Source/tasks.o
 .bss.uxDeletedTasksWaitingCleanUp
                0x00000000200002a8        0x4 ./Middlewares/Third_Party/FreeRTOS/Source/tasks.o
 .bss.xSuspendedTaskList
                0x00000000200002ac       0x14 ./Middlewares/Third_Party/FreeRTOS/Source/tasks.o
 .bss.uxCurrentNumberOfTasks
                0x00000000200002c0        0x4 ./Middlewares/Third_Party/FreeRTOS/Source/tasks.o
 .bss.xTickCount
                0x00000000200002c4        0x4 ./Middlewares/Third_Party/FreeRTOS/Source/tasks.o
 .bss.uxTopReadyPriority
                0x00000000200002c8        0x4 ./Middlewares/Third_Party/FreeRTOS/Source/tasks.o
 .bss.xSchedulerRunning
                0x00000000200002cc        0x4 ./Middlewares/Third_Party/FreeRTOS/Source/tasks.o
 .bss.uxPendedTicks
                0x00000000200002d0        0x4 ./Middlewares/Third_Party/FreeRTOS/Source/tasks.o
 .bss.xYieldPending
                0x00000000200002d4        0x4 ./Middlewares/Third_Party/FreeRTOS/Source/tasks.o
 .bss.xNumOfOverflows
                0x00000000200002d8        0x4 ./Middlewares/Third_Party/FreeRTOS/Source/tasks.o
 .bss.uxTaskNumber
                0x00000000200002dc        0x4 ./Middlewares/Third_Party/FreeRTOS/Source/tasks.o
 .bss.xNextTaskUnblockTime
                0x00000000200002e0        0x4 ./Middlewares/Third_Party/FreeRTOS/Source/tasks.o
 .bss.xIdleTaskHandle
                0x00000000200002e4        0x4 ./Middlewares/Third_Party/FreeRTOS/Source/tasks.o
 .bss.uxSchedulerSuspended
                0x00000000200002e8        0x4 ./Middlewares/Third_Party/FreeRTOS/Source/tasks.o
 .bss.xActiveTimerList1
                0x00000000200002ec       0x14 ./Middlewares/Third_Party/FreeRTOS/Source/timers.o
 .bss.xActiveTimerList2
                0x0000000020000300       0x14 ./Middlewares/Third_Party/FreeRTOS/Source/timers.o
 .bss.pxCurrentTimerList
                0x0000000020000314        0x4 ./Middlewares/Third_Party/FreeRTOS/Source/timers.o
 .bss.pxOverflowTimerList
                0x0000000020000318        0x4 ./Middlewares/Third_Party/FreeRTOS/Source/timers.o
 .bss.xTimerQueue
                0x000000002000031c        0x4 ./Middlewares/Third_Party/FreeRTOS/Source/timers.o
 .bss.xTimerTaskHandle
                0x0000000020000320        0x4 ./Middlewares/Third_Party/FreeRTOS/Source/timers.o
 .bss.xLastTime.0
                0x0000000020000324        0x4 ./Middlewares/Third_Party/FreeRTOS/Source/timers.o
 .bss.ucMaxSysCallPriority
                0x0000000020000328        0x1 ./Middlewares/Third_Party/FreeRTOS/Source/portable/GCC/ARM_CM4F/port.o
 *fill*         0x0000000020000329        0x3 
 .bss.ulMaxPRIGROUPValue
                0x000000002000032c        0x4 ./Middlewares/Third_Party/FreeRTOS/Source/portable/GCC/ARM_CM4F/port.o
 .bss.ucHeap    0x0000000020000330     0x1000 ./Middlewares/Third_Party/FreeRTOS/Source/portable/MemMang/heap_4.o
 .bss.xStart    0x0000000020001330        0x8 ./Middlewares/Third_Party/FreeRTOS/Source/portable/MemMang/heap_4.o
 .bss.pxEnd     0x0000000020001338        0x4 ./Middlewares/Third_Party/FreeRTOS/Source/portable/MemMang/heap_4.o
 .bss.xFreeBytesRemaining
                0x000000002000133c        0x4 ./Middlewares/Third_Party/FreeRTOS/Source/portable/MemMang/heap_4.o
 .bss.xMinimumEverFreeBytesRemaining
                0x0000000020001340        0x4 ./Middlewares/Third_Party/FreeRTOS/Source/portable/MemMang/heap_4.o
 .bss.xBlockAllocatedBit
                0x0000000020001344        0x4 ./Middlewares/Third_Party/FreeRTOS/Source/portable/MemMang/heap_4.o
 *(COMMON)
                0x0000000020001348                . = ALIGN (0x4)
                0x0000000020001348                _ebss = .
                0x0000000020001348                __bss_end__ = _ebss

._user_heap_stack
                0x0000000020001348      0x600 load address 0x0000000008006b08
                0x0000000020001348                . = ALIGN (0x8)
                [!provide]                        PROVIDE (end = .)
                0x0000000020001348                PROVIDE (_end = .)
                0x0000000020001548                . = (. + _Min_Heap_Size)
 *fill*         0x0000000020001348      0x200 
                0x0000000020001948                . = (. + _Min_Stack_Size)
 *fill*         0x0000000020001548      0x400 
                0x0000000020001948                . = ALIGN (0x8)

/DISCARD/
 libc.a(*)
 libm.a(*)
 libgcc.a(*)

.ARM.attributes
                0x0000000000000000       0x30
 *(.ARM.attributes)
 .ARM.attributes
                0x0000000000000000       0x1e e:/programs/stm_cube_ide/stm32cubeide_1.9.0/stm32cubeide/plugins/com.st.stm32cube.ide.mcu.externaltools.gnu-tools-for-stm32.10.3-2021.10.win32_1.0.0.202111181127/tools/bin/../lib/gcc/arm-none-eabi/10.3.1/thumb/v7e-m+fp/hard/crti.o
 .ARM.attributes
                0x000000000000001e       0x34 e:/programs/stm_cube_ide/stm32cubeide_1.9.0/stm32cubeide/plugins/com.st.stm32cube.ide.mcu.externaltools.gnu-tools-for-stm32.10.3-2021.10.win32_1.0.0.202111181127/tools/bin/../lib/gcc/arm-none-eabi/10.3.1/thumb/v7e-m+fp/hard/crtbegin.o
 .ARM.attributes
                0x0000000000000052       0x34 ./Core/Src/freertos.o
 .ARM.attributes
                0x0000000000000086       0x34 ./Core/Src/main.o
 .ARM.attributes
                0x00000000000000ba       0x34 ./Core/Src/stm32f3xx_hal_msp.o
 .ARM.attributes
                0x00000000000000ee       0x34 ./Core/Src/stm32f3xx_hal_timebase_tim.o
 .ARM.attributes
                0x0000000000000122       0x34 ./Core/Src/stm32f3xx_it.o
 .ARM.attributes
                0x0000000000000156       0x34 ./Core/Src/system_stm32f3xx.o
 .ARM.attributes
                0x000000000000018a       0x21 ./Core/Startup/startup_stm32f302r8tx.o
 .ARM.attributes
                0x00000000000001ab       0x34 ./Drivers/STM32F3xx_HAL_Driver/Src/stm32f3xx_hal.o
 .ARM.attributes
                0x00000000000001df       0x34 ./Drivers/STM32F3xx_HAL_Driver/Src/stm32f3xx_hal_cortex.o
 .ARM.attributes
                0x0000000000000213       0x34 ./Drivers/STM32F3xx_HAL_Driver/Src/stm32f3xx_hal_gpio.o
 .ARM.attributes
                0x0000000000000247       0x34 ./Drivers/STM32F3xx_HAL_Driver/Src/stm32f3xx_hal_i2c.o
 .ARM.attributes
                0x000000000000027b       0x34 ./Drivers/STM32F3xx_HAL_Driver/Src/stm32f3xx_hal_i2c_ex.o
 .ARM.attributes
                0x00000000000002af       0x34 ./Drivers/STM32F3xx_HAL_Driver/Src/stm32f3xx_hal_rcc.o
 .ARM.attributes
                0x00000000000002e3       0x34 ./Drivers/STM32F3xx_HAL_Driver/Src/stm32f3xx_hal_rcc_ex.o
 .ARM.attributes
                0x0000000000000317       0x34 ./Drivers/STM32F3xx_HAL_Driver/Src/stm32f3xx_hal_tim.o
 .ARM.attributes
                0x000000000000034b       0x34 ./Drivers/STM32F3xx_HAL_Driver/Src/stm32f3xx_hal_tim_ex.o
 .ARM.attributes
                0x000000000000037f       0x34 ./Drivers/STM32F3xx_HAL_Driver/Src/stm32f3xx_hal_uart.o
 .ARM.attributes
                0x00000000000003b3       0x34 ./Middlewares/Third_Party/FreeRTOS/Source/CMSIS_RTOS/cmsis_os.o
 .ARM.attributes
                0x00000000000003e7       0x34 ./Middlewares/Third_Party/FreeRTOS/Source/list.o
 .ARM.attributes
                0x000000000000041b       0x34 ./Middlewares/Third_Party/FreeRTOS/Source/queue.o
 .ARM.attributes
                0x000000000000044f       0x34 ./Middlewares/Third_Party/FreeRTOS/Source/tasks.o
 .ARM.attributes
                0x0000000000000483       0x34 ./Middlewares/Third_Party/FreeRTOS/Source/timers.o
 .ARM.attributes
                0x00000000000004b7       0x34 ./Middlewares/Third_Party/FreeRTOS/Source/portable/GCC/ARM_CM4F/port.o
 .ARM.attributes
                0x00000000000004eb       0x34 ./Middlewares/Third_Party/FreeRTOS/Source/portable/MemMang/heap_4.o
 .ARM.attributes
                0x000000000000051f       0x34 e:/programs/stm_cube_ide/stm32cubeide_1.9.0/stm32cubeide/plugins/com.st.stm32cube.ide.mcu.externaltools.gnu-tools-for-stm32.10.3-2021.10.win32_1.0.0.202111181127/tools/bin/../lib/gcc/arm-none-eabi/10.3.1/../../../../arm-none-eabi/lib/thumb/v7e-m+fp/hard\libc_nano.a(lib_a-init.o)
 .ARM.attributes
                0x0000000000000553       0x34 e:/programs/stm_cube_ide/stm32cubeide_1.9.0/stm32cubeide/plugins/com.st.stm32cube.ide.mcu.externaltools.gnu-tools-for-stm32.10.3-2021.10.win32_1.0.0.202111181127/tools/bin/../lib/gcc/arm-none-eabi/10.3.1/../../../../arm-none-eabi/lib/thumb/v7e-m+fp/hard\libc_nano.a(lib_a-memcpy-stub.o)
 .ARM.attributes
                0x0000000000000587       0x34 e:/programs/stm_cube_ide/stm32cubeide_1.9.0/stm32cubeide/plugins/com.st.stm32cube.ide.mcu.externaltools.gnu-tools-for-stm32.10.3-2021.10.win32_1.0.0.202111181127/tools/bin/../lib/gcc/arm-none-eabi/10.3.1/../../../../arm-none-eabi/lib/thumb/v7e-m+fp/hard\libc_nano.a(lib_a-memset.o)
 .ARM.attributes
                0x00000000000005bb       0x1e e:/programs/stm_cube_ide/stm32cubeide_1.9.0/stm32cubeide/plugins/com.st.stm32cube.ide.mcu.externaltools.gnu-tools-for-stm32.10.3-2021.10.win32_1.0.0.202111181127/tools/bin/../lib/gcc/arm-none-eabi/10.3.1/thumb/v7e-m+fp/hard/crtn.o
OUTPUT(freeRTOS_tasks1_F302.elf elf32-littlearm)
LOAD linker stubs
LOAD e:/programs/stm_cube_ide/stm32cubeide_1.9.0/stm32cubeide/plugins/com.st.stm32cube.ide.mcu.externaltools.gnu-tools-for-stm32.10.3-2021.10.win32_1.0.0.202111181127/tools/bin/../lib/gcc/arm-none-eabi/10.3.1/../../../../arm-none-eabi/lib/thumb/v7e-m+fp/hard\libc.a
LOAD e:/programs/stm_cube_ide/stm32cubeide_1.9.0/stm32cubeide/plugins/com.st.stm32cube.ide.mcu.externaltools.gnu-tools-for-stm32.10.3-2021.10.win32_1.0.0.202111181127/tools/bin/../lib/gcc/arm-none-eabi/10.3.1/../../../../arm-none-eabi/lib/thumb/v7e-m+fp/hard\libm.a
LOAD e:/programs/stm_cube_ide/stm32cubeide_1.9.0/stm32cubeide/plugins/com.st.stm32cube.ide.mcu.externaltools.gnu-tools-for-stm32.10.3-2021.10.win32_1.0.0.202111181127/tools/bin/../lib/gcc/arm-none-eabi/10.3.1/thumb/v7e-m+fp/hard\libgcc.a

.debug_info     0x0000000000000000    0x185ca
 .debug_info    0x0000000000000000       0xec ./Core/Src/freertos.o
 .debug_info    0x00000000000000ec     0x1d16 ./Core/Src/main.o
 .debug_info    0x0000000000001e02      0xea6 ./Core/Src/stm32f3xx_hal_msp.o
 .debug_info    0x0000000000002ca8      0xa74 ./Core/Src/stm32f3xx_hal_timebase_tim.o
 .debug_info    0x000000000000371c      0x733 ./Core/Src/stm32f3xx_it.o
 .debug_info    0x0000000000003e4f      0x416 ./Core/Src/system_stm32f3xx.o
 .debug_info    0x0000000000004265       0x22 ./Core/Startup/startup_stm32f302r8tx.o
 .debug_info    0x0000000000004287      0x7a7 ./Drivers/STM32F3xx_HAL_Driver/Src/stm32f3xx_hal.o
 .debug_info    0x0000000000004a2e      0xb4a ./Drivers/STM32F3xx_HAL_Driver/Src/stm32f3xx_hal_cortex.o
 .debug_info    0x0000000000005578      0x68a ./Drivers/STM32F3xx_HAL_Driver/Src/stm32f3xx_hal_gpio.o
 .debug_info    0x0000000000005c02     0x226b ./Drivers/STM32F3xx_HAL_Driver/Src/stm32f3xx_hal_i2c.o
 .debug_info    0x0000000000007e6d      0x8ab ./Drivers/STM32F3xx_HAL_Driver/Src/stm32f3xx_hal_i2c_ex.o
 .debug_info    0x0000000000008718     0x1585 ./Drivers/STM32F3xx_HAL_Driver/Src/stm32f3xx_hal_rcc.o
 .debug_info    0x0000000000009c9d      0x5d9 ./Drivers/STM32F3xx_HAL_Driver/Src/stm32f3xx_hal_rcc_ex.o
 .debug_info    0x000000000000a276     0x2cdb ./Drivers/STM32F3xx_HAL_Driver/Src/stm32f3xx_hal_tim.o
 .debug_info    0x000000000000cf51     0x16a8 ./Drivers/STM32F3xx_HAL_Driver/Src/stm32f3xx_hal_tim_ex.o
 .debug_info    0x000000000000e5f9     0x3bf8 ./Drivers/STM32F3xx_HAL_Driver/Src/stm32f3xx_hal_uart.o
 .debug_info    0x00000000000121f1     0x187f ./Middlewares/Third_Party/FreeRTOS/Source/CMSIS_RTOS/cmsis_os.o
 .debug_info    0x0000000000013a70      0x2cb ./Middlewares/Third_Party/FreeRTOS/Source/list.o
 .debug_info    0x0000000000013d3b     0x1617 ./Middlewares/Third_Party/FreeRTOS/Source/queue.o
 .debug_info    0x0000000000015352     0x1c07 ./Middlewares/Third_Party/FreeRTOS/Source/tasks.o
 .debug_info    0x0000000000016f59      0xd82 ./Middlewares/Third_Party/FreeRTOS/Source/timers.o
 .debug_info    0x0000000000017cdb      0x507 ./Middlewares/Third_Party/FreeRTOS/Source/portable/GCC/ARM_CM4F/port.o
 .debug_info    0x00000000000181e2      0x3e8 ./Middlewares/Third_Party/FreeRTOS/Source/portable/MemMang/heap_4.o

.debug_abbrev   0x0000000000000000     0x337b
 .debug_abbrev  0x0000000000000000       0x83 ./Core/Src/freertos.o
 .debug_abbrev  0x0000000000000083      0x32e ./Core/Src/main.o
 .debug_abbrev  0x00000000000003b1      0x1af ./Core/Src/stm32f3xx_hal_msp.o
 .debug_abbrev  0x0000000000000560      0x1d3 ./Core/Src/stm32f3xx_hal_timebase_tim.o
 .debug_abbrev  0x0000000000000733      0x171 ./Core/Src/stm32f3xx_it.o
 .debug_abbrev  0x00000000000008a4      0x116 ./Core/Src/system_stm32f3xx.o
 .debug_abbrev  0x00000000000009ba       0x12 ./Core/Startup/startup_stm32f302r8tx.o
 .debug_abbrev  0x00000000000009cc      0x20e ./Drivers/STM32F3xx_HAL_Driver/Src/stm32f3xx_hal.o
 .debug_abbrev  0x0000000000000bda      0x2ed ./Drivers/STM32F3xx_HAL_Driver/Src/stm32f3xx_hal_cortex.o
 .debug_abbrev  0x0000000000000ec7      0x1bb ./Drivers/STM32F3xx_HAL_Driver/Src/stm32f3xx_hal_gpio.o
 .debug_abbrev  0x0000000000001082      0x24a ./Drivers/STM32F3xx_HAL_Driver/Src/stm32f3xx_hal_i2c.o
 .debug_abbrev  0x00000000000012cc      0x1b0 ./Drivers/STM32F3xx_HAL_Driver/Src/stm32f3xx_hal_i2c_ex.o
 .debug_abbrev  0x000000000000147c      0x2f9 ./Drivers/STM32F3xx_HAL_Driver/Src/stm32f3xx_hal_rcc.o
 .debug_abbrev  0x0000000000001775      0x22d ./Drivers/STM32F3xx_HAL_Driver/Src/stm32f3xx_hal_rcc_ex.o
 .debug_abbrev  0x00000000000019a2      0x264 ./Drivers/STM32F3xx_HAL_Driver/Src/stm32f3xx_hal_tim.o
 .debug_abbrev  0x0000000000001c06      0x26c ./Drivers/STM32F3xx_HAL_Driver/Src/stm32f3xx_hal_tim_ex.o
 .debug_abbrev  0x0000000000001e72      0x2bc ./Drivers/STM32F3xx_HAL_Driver/Src/stm32f3xx_hal_uart.o
 .debug_abbrev  0x000000000000212e      0x380 ./Middlewares/Third_Party/FreeRTOS/Source/CMSIS_RTOS/cmsis_os.o
 .debug_abbrev  0x00000000000024ae       0xf2 ./Middlewares/Third_Party/FreeRTOS/Source/list.o
 .debug_abbrev  0x00000000000025a0      0x35a ./Middlewares/Third_Party/FreeRTOS/Source/queue.o
 .debug_abbrev  0x00000000000028fa      0x376 ./Middlewares/Third_Party/FreeRTOS/Source/tasks.o
 .debug_abbrev  0x0000000000002c70      0x2b3 ./Middlewares/Third_Party/FreeRTOS/Source/timers.o
 .debug_abbrev  0x0000000000002f23      0x259 ./Middlewares/Third_Party/FreeRTOS/Source/portable/GCC/ARM_CM4F/port.o
 .debug_abbrev  0x000000000000317c      0x1ff ./Middlewares/Third_Party/FreeRTOS/Source/portable/MemMang/heap_4.o

.debug_aranges  0x0000000000000000     0x15a8
 .debug_aranges
                0x0000000000000000       0x30 ./Core/Src/freertos.o
 .debug_aranges
                0x0000000000000030       0x98 ./Core/Src/main.o
 .debug_aranges
                0x00000000000000c8       0x40 ./Core/Src/stm32f3xx_hal_msp.o
 .debug_aranges
                0x0000000000000108       0x30 ./Core/Src/stm32f3xx_hal_timebase_tim.o
 .debug_aranges
                0x0000000000000138       0x58 ./Core/Src/stm32f3xx_it.o
 .debug_aranges
                0x0000000000000190       0x28 ./Core/Src/system_stm32f3xx.o
 .debug_aranges
                0x00000000000001b8       0x28 ./Core/Startup/startup_stm32f302r8tx.o
 .debug_aranges
                0x00000000000001e0       0xe0 ./Drivers/STM32F3xx_HAL_Driver/Src/stm32f3xx_hal.o
 .debug_aranges
                0x00000000000002c0      0x100 ./Drivers/STM32F3xx_HAL_Driver/Src/stm32f3xx_hal_cortex.o
 .debug_aranges
                0x00000000000003c0       0x58 ./Drivers/STM32F3xx_HAL_Driver/Src/stm32f3xx_hal_gpio.o
 .debug_aranges
                0x0000000000000418      0x2a0 ./Drivers/STM32F3xx_HAL_Driver/Src/stm32f3xx_hal_i2c.o
 .debug_aranges
                0x00000000000006b8       0x48 ./Drivers/STM32F3xx_HAL_Driver/Src/stm32f3xx_hal_i2c_ex.o
 .debug_aranges
                0x0000000000000700       0x88 ./Drivers/STM32F3xx_HAL_Driver/Src/stm32f3xx_hal_rcc.o
 .debug_aranges
                0x0000000000000788       0x38 ./Drivers/STM32F3xx_HAL_Driver/Src/stm32f3xx_hal_rcc_ex.o
 .debug_aranges
                0x00000000000007c0      0x3e0 ./Drivers/STM32F3xx_HAL_Driver/Src/stm32f3xx_hal_tim.o
 .debug_aranges
                0x0000000000000ba0      0x178 ./Drivers/STM32F3xx_HAL_Driver/Src/stm32f3xx_hal_tim_ex.o
 .debug_aranges
                0x0000000000000d18      0x228 ./Drivers/STM32F3xx_HAL_Driver/Src/stm32f3xx_hal_uart.o
 .debug_aranges
                0x0000000000000f40      0x1d8 ./Middlewares/Third_Party/FreeRTOS/Source/CMSIS_RTOS/cmsis_os.o
 .debug_aranges
                0x0000000000001118       0x40 ./Middlewares/Third_Party/FreeRTOS/Source/list.o
 .debug_aranges
                0x0000000000001158      0x108 ./Middlewares/Third_Party/FreeRTOS/Source/queue.o
 .debug_aranges
                0x0000000000001260      0x1c0 ./Middlewares/Third_Party/FreeRTOS/Source/tasks.o
 .debug_aranges
                0x0000000000001420       0xb8 ./Middlewares/Third_Party/FreeRTOS/Source/timers.o
 .debug_aranges
                0x00000000000014d8       0x80 ./Middlewares/Third_Party/FreeRTOS/Source/portable/GCC/ARM_CM4F/port.o
 .debug_aranges
                0x0000000000001558       0x50 ./Middlewares/Third_Party/FreeRTOS/Source/portable/MemMang/heap_4.o

.debug_ranges   0x0000000000000000     0x1460
 .debug_ranges  0x0000000000000000       0x20 ./Core/Src/freertos.o
 .debug_ranges  0x0000000000000020       0x88 ./Core/Src/main.o
 .debug_ranges  0x00000000000000a8       0x30 ./Core/Src/stm32f3xx_hal_msp.o
 .debug_ranges  0x00000000000000d8       0x20 ./Core/Src/stm32f3xx_hal_timebase_tim.o
 .debug_ranges  0x00000000000000f8       0x48 ./Core/Src/stm32f3xx_it.o
 .debug_ranges  0x0000000000000140       0x18 ./Core/Src/system_stm32f3xx.o
 .debug_ranges  0x0000000000000158       0x20 ./Core/Startup/startup_stm32f302r8tx.o
 .debug_ranges  0x0000000000000178       0xd0 ./Drivers/STM32F3xx_HAL_Driver/Src/stm32f3xx_hal.o
 .debug_ranges  0x0000000000000248       0xf0 ./Drivers/STM32F3xx_HAL_Driver/Src/stm32f3xx_hal_cortex.o
 .debug_ranges  0x0000000000000338       0x48 ./Drivers/STM32F3xx_HAL_Driver/Src/stm32f3xx_hal_gpio.o
 .debug_ranges  0x0000000000000380      0x290 ./Drivers/STM32F3xx_HAL_Driver/Src/stm32f3xx_hal_i2c.o
 .debug_ranges  0x0000000000000610       0x38 ./Drivers/STM32F3xx_HAL_Driver/Src/stm32f3xx_hal_i2c_ex.o
 .debug_ranges  0x0000000000000648       0x78 ./Drivers/STM32F3xx_HAL_Driver/Src/stm32f3xx_hal_rcc.o
 .debug_ranges  0x00000000000006c0       0x28 ./Drivers/STM32F3xx_HAL_Driver/Src/stm32f3xx_hal_rcc_ex.o
 .debug_ranges  0x00000000000006e8      0x3d0 ./Drivers/STM32F3xx_HAL_Driver/Src/stm32f3xx_hal_tim.o
 .debug_ranges  0x0000000000000ab8      0x168 ./Drivers/STM32F3xx_HAL_Driver/Src/stm32f3xx_hal_tim_ex.o
 .debug_ranges  0x0000000000000c20      0x248 ./Drivers/STM32F3xx_HAL_Driver/Src/stm32f3xx_hal_uart.o
 .debug_ranges  0x0000000000000e68      0x1c8 ./Middlewares/Third_Party/FreeRTOS/Source/CMSIS_RTOS/cmsis_os.o
 .debug_ranges  0x0000000000001030       0x30 ./Middlewares/Third_Party/FreeRTOS/Source/list.o
 .debug_ranges  0x0000000000001060       0xf8 ./Middlewares/Third_Party/FreeRTOS/Source/queue.o
 .debug_ranges  0x0000000000001158      0x1b0 ./Middlewares/Third_Party/FreeRTOS/Source/tasks.o
 .debug_ranges  0x0000000000001308       0xa8 ./Middlewares/Third_Party/FreeRTOS/Source/timers.o
 .debug_ranges  0x00000000000013b0       0x70 ./Middlewares/Third_Party/FreeRTOS/Source/portable/GCC/ARM_CM4F/port.o
 .debug_ranges  0x0000000000001420       0x40 ./Middlewares/Third_Party/FreeRTOS/Source/portable/MemMang/heap_4.o

.debug_macro    0x0000000000000000    0x1dd08
 .debug_macro   0x0000000000000000      0x237 ./Core/Src/freertos.o
 .debug_macro   0x0000000000000237      0xa78 ./Core/Src/freertos.o
 .debug_macro   0x0000000000000caf      0x174 ./Core/Src/freertos.o
 .debug_macro   0x0000000000000e23       0x22 ./Core/Src/freertos.o
 .debug_macro   0x0000000000000e45       0x8e ./Core/Src/freertos.o
 .debug_macro   0x0000000000000ed3       0x51 ./Core/Src/freertos.o
 .debug_macro   0x0000000000000f24      0x103 ./Core/Src/freertos.o
 .debug_macro   0x0000000000001027       0x6a ./Core/Src/freertos.o
 .debug_macro   0x0000000000001091      0x1df ./Core/Src/freertos.o
 .debug_macro   0x0000000000001270      0x102 ./Core/Src/freertos.o
 .debug_macro   0x0000000000001372      0x15a ./Core/Src/freertos.o
 .debug_macro   0x00000000000014cc       0xd7 ./Core/Src/freertos.o
 .debug_macro   0x00000000000015a3       0x10 ./Core/Src/freertos.o
 .debug_macro   0x00000000000015b3       0x1f ./Core/Src/freertos.o
 .debug_macro   0x00000000000015d2      0x49b ./Core/Src/freertos.o
 .debug_macro   0x0000000000001a6d       0xb5 ./Core/Src/freertos.o
 .debug_macro   0x0000000000001b22       0x8c ./Core/Src/freertos.o
 .debug_macro   0x0000000000001bae      0x157 ./Core/Src/freertos.o
 .debug_macro   0x0000000000001d05       0x2e ./Core/Src/freertos.o
 .debug_macro   0x0000000000001d33       0x28 ./Core/Src/freertos.o
 .debug_macro   0x0000000000001d5b       0x1c ./Core/Src/freertos.o
 .debug_macro   0x0000000000001d77       0x22 ./Core/Src/freertos.o
 .debug_macro   0x0000000000001d99       0xd9 ./Core/Src/freertos.o
 .debug_macro   0x0000000000001e72      0xf07 ./Core/Src/freertos.o
 .debug_macro   0x0000000000002d79    0x110e8 ./Core/Src/freertos.o
 .debug_macro   0x0000000000013e61       0x6d ./Core/Src/freertos.o
 .debug_macro   0x0000000000013ece     0x3558 ./Core/Src/freertos.o
 .debug_macro   0x0000000000017426       0x55 ./Core/Src/freertos.o
 .debug_macro   0x000000000001747b      0x8f8 ./Core/Src/freertos.o
 .debug_macro   0x0000000000017d73      0x41b ./Core/Src/freertos.o
 .debug_macro   0x000000000001818e      0x1b5 ./Core/Src/freertos.o
 .debug_macro   0x0000000000018343      0x161 ./Core/Src/freertos.o
 .debug_macro   0x00000000000184a4      0x1d5 ./Core/Src/freertos.o
 .debug_macro   0x0000000000018679      0x1bc ./Core/Src/freertos.o
 .debug_macro   0x0000000000018835       0x34 ./Core/Src/freertos.o
 .debug_macro   0x0000000000018869       0x3c ./Core/Src/freertos.o
 .debug_macro   0x00000000000188a5       0x57 ./Core/Src/freertos.o
 .debug_macro   0x00000000000188fc       0xc5 ./Core/Src/freertos.o
 .debug_macro   0x00000000000189c1      0x19f ./Core/Src/freertos.o
 .debug_macro   0x0000000000018b60      0x22c ./Core/Src/freertos.o
 .debug_macro   0x0000000000018d8c       0x5b ./Core/Src/freertos.o
 .debug_macro   0x0000000000018de7       0xa5 ./Core/Src/freertos.o
 .debug_macro   0x0000000000018e8c       0x81 ./Core/Src/freertos.o
 .debug_macro   0x0000000000018f0d       0xd3 ./Core/Src/freertos.o
 .debug_macro   0x0000000000018fe0      0xa59 ./Core/Src/freertos.o
 .debug_macro   0x0000000000019a39       0x41 ./Core/Src/freertos.o
 .debug_macro   0x0000000000019a7a      0x5ba ./Core/Src/freertos.o
 .debug_macro   0x000000000001a034       0x44 ./Core/Src/freertos.o
 .debug_macro   0x000000000001a078      0x1f7 ./Core/Src/freertos.o
 .debug_macro   0x000000000001a26f      0x41d ./Core/Src/main.o
 .debug_macro   0x000000000001a68c      0x102 ./Core/Src/main.o
 .debug_macro   0x000000000001a78e       0x91 ./Core/Src/main.o
 .debug_macro   0x000000000001a81f       0x86 ./Core/Src/main.o
 .debug_macro   0x000000000001a8a5       0x69 ./Core/Src/main.o
 .debug_macro   0x000000000001a90e       0x19 ./Core/Src/main.o
 .debug_macro   0x000000000001a927       0xcf ./Core/Src/main.o
 .debug_macro   0x000000000001a9f6       0x52 ./Core/Src/main.o
 .debug_macro   0x000000000001aa48       0x1e ./Core/Src/main.o
 .debug_macro   0x000000000001aa66       0x3c ./Core/Src/main.o
 .debug_macro   0x000000000001aaa2       0x34 ./Core/Src/main.o
 .debug_macro   0x000000000001aad6       0x16 ./Core/Src/main.o
 .debug_macro   0x000000000001aaec       0x35 ./Core/Src/main.o
 .debug_macro   0x000000000001ab21      0x341 ./Core/Src/main.o
 .debug_macro   0x000000000001ae62       0x10 ./Core/Src/main.o
 .debug_macro   0x000000000001ae72       0x16 ./Core/Src/main.o
 .debug_macro   0x000000000001ae88       0x43 ./Core/Src/main.o
 .debug_macro   0x000000000001aecb       0x34 ./Core/Src/main.o
 .debug_macro   0x000000000001aeff       0x10 ./Core/Src/main.o
 .debug_macro   0x000000000001af0f       0x58 ./Core/Src/main.o
 .debug_macro   0x000000000001af67       0x71 ./Core/Src/main.o
 .debug_macro   0x000000000001afd8       0x1c ./Core/Src/main.o
 .debug_macro   0x000000000001aff4      0x12a ./Core/Src/main.o
 .debug_macro   0x000000000001b11e       0x10 ./Core/Src/main.o
 .debug_macro   0x000000000001b12e       0x1c ./Core/Src/main.o
 .debug_macro   0x000000000001b14a       0x52 ./Core/Src/main.o
 .debug_macro   0x000000000001b19c       0x22 ./Core/Src/main.o
 .debug_macro   0x000000000001b1be       0x10 ./Core/Src/main.o
 .debug_macro   0x000000000001b1ce       0x52 ./Core/Src/main.o
 .debug_macro   0x000000000001b220       0xd5 ./Core/Src/main.o
 .debug_macro   0x000000000001b2f5       0x1c ./Core/Src/main.o
 .debug_macro   0x000000000001b311       0x3d ./Core/Src/main.o
 .debug_macro   0x000000000001b34e       0x16 ./Core/Src/main.o
 .debug_macro   0x000000000001b364      0x145 ./Core/Src/main.o
 .debug_macro   0x000000000001b4a9       0x16 ./Core/Src/main.o
 .debug_macro   0x000000000001b4bf       0x20 ./Core/Src/main.o
 .debug_macro   0x000000000001b4df      0x1cf ./Core/Src/stm32f3xx_hal_msp.o
 .debug_macro   0x000000000001b6ae      0x1c5 ./Core/Src/stm32f3xx_hal_timebase_tim.o
 .debug_macro   0x000000000001b873      0x1d9 ./Core/Src/stm32f3xx_it.o
 .debug_macro   0x000000000001ba4c      0x1c5 ./Core/Src/system_stm32f3xx.o
 .debug_macro   0x000000000001bc11      0x1e9 ./Drivers/STM32F3xx_HAL_Driver/Src/stm32f3xx_hal.o
 .debug_macro   0x000000000001bdfa      0x1c5 ./Drivers/STM32F3xx_HAL_Driver/Src/stm32f3xx_hal_cortex.o
 .debug_macro   0x000000000001bfbf      0x1cc ./Drivers/STM32F3xx_HAL_Driver/Src/stm32f3xx_hal_gpio.o
 .debug_macro   0x000000000001c18b      0x291 ./Drivers/STM32F3xx_HAL_Driver/Src/stm32f3xx_hal_i2c.o
 .debug_macro   0x000000000001c41c      0x1c5 ./Drivers/STM32F3xx_HAL_Driver/Src/stm32f3xx_hal_i2c_ex.o
 .debug_macro   0x000000000001c5e1      0x1e9 ./Drivers/STM32F3xx_HAL_Driver/Src/stm32f3xx_hal_rcc.o
 .debug_macro   0x000000000001c7ca      0x1c5 ./Drivers/STM32F3xx_HAL_Driver/Src/stm32f3xx_hal_rcc_ex.o
 .debug_macro   0x000000000001c98f      0x1c6 ./Drivers/STM32F3xx_HAL_Driver/Src/stm32f3xx_hal_tim.o
 .debug_macro   0x000000000001cb55      0x1c5 ./Drivers/STM32F3xx_HAL_Driver/Src/stm32f3xx_hal_tim_ex.o
 .debug_macro   0x000000000001cd1a      0x1e2 ./Drivers/STM32F3xx_HAL_Driver/Src/stm32f3xx_hal_uart.o
 .debug_macro   0x000000000001cefc      0x1fe ./Middlewares/Third_Party/FreeRTOS/Source/CMSIS_RTOS/cmsis_os.o
 .debug_macro   0x000000000001d0fa       0x10 ./Middlewares/Third_Party/FreeRTOS/Source/CMSIS_RTOS/cmsis_os.o
 .debug_macro   0x000000000001d10a       0xc7 ./Middlewares/Third_Party/FreeRTOS/Source/CMSIS_RTOS/cmsis_os.o
 .debug_macro   0x000000000001d1d1      0x187 ./Middlewares/Third_Party/FreeRTOS/Source/list.o
 .debug_macro   0x000000000001d358      0x212 ./Middlewares/Third_Party/FreeRTOS/Source/queue.o
 .debug_macro   0x000000000001d56a      0x280 ./Middlewares/Third_Party/FreeRTOS/Source/tasks.o
 .debug_macro   0x000000000001d7ea       0x10 ./Middlewares/Third_Party/FreeRTOS/Source/tasks.o
 .debug_macro   0x000000000001d7fa      0x1ca ./Middlewares/Third_Party/FreeRTOS/Source/timers.o
 .debug_macro   0x000000000001d9c4      0x196 ./Middlewares/Third_Party/FreeRTOS/Source/portable/GCC/ARM_CM4F/port.o
 .debug_macro   0x000000000001db5a      0x1ae ./Middlewares/Third_Party/FreeRTOS/Source/portable/MemMang/heap_4.o

.debug_line     0x0000000000000000    0x1ab46
 .debug_line    0x0000000000000000      0x86b ./Core/Src/freertos.o
 .debug_line    0x000000000000086b      0xf2a ./Core/Src/main.o
 .debug_line    0x0000000000001795      0x7eb ./Core/Src/stm32f3xx_hal_msp.o
 .debug_line    0x0000000000001f80      0x7af ./Core/Src/stm32f3xx_hal_timebase_tim.o
 .debug_line    0x000000000000272f      0x804 ./Core/Src/stm32f3xx_it.o
 .debug_line    0x0000000000002f33      0x7c6 ./Core/Src/system_stm32f3xx.o
 .debug_line    0x00000000000036f9       0x88 ./Core/Startup/startup_stm32f302r8tx.o
 .debug_line    0x0000000000003781      0x9fb ./Drivers/STM32F3xx_HAL_Driver/Src/stm32f3xx_hal.o
 .debug_line    0x000000000000417c      0xbe3 ./Drivers/STM32F3xx_HAL_Driver/Src/stm32f3xx_hal_cortex.o
 .debug_line    0x0000000000004d5f      0xb46 ./Drivers/STM32F3xx_HAL_Driver/Src/stm32f3xx_hal_gpio.o
 .debug_line    0x00000000000058a5     0x37ca ./Drivers/STM32F3xx_HAL_Driver/Src/stm32f3xx_hal_i2c.o
 .debug_line    0x000000000000906f      0x96d ./Drivers/STM32F3xx_HAL_Driver/Src/stm32f3xx_hal_i2c_ex.o
 .debug_line    0x00000000000099dc     0x13d8 ./Drivers/STM32F3xx_HAL_Driver/Src/stm32f3xx_hal_rcc.o
 .debug_line    0x000000000000adb4      0xc38 ./Drivers/STM32F3xx_HAL_Driver/Src/stm32f3xx_hal_rcc_ex.o
 .debug_line    0x000000000000b9ec     0x3bf9 ./Drivers/STM32F3xx_HAL_Driver/Src/stm32f3xx_hal_tim.o
 .debug_line    0x000000000000f5e5     0x1a41 ./Drivers/STM32F3xx_HAL_Driver/Src/stm32f3xx_hal_tim_ex.o
 .debug_line    0x0000000000011026     0x30c2 ./Drivers/STM32F3xx_HAL_Driver/Src/stm32f3xx_hal_uart.o
 .debug_line    0x00000000000140e8     0x1344 ./Middlewares/Third_Party/FreeRTOS/Source/CMSIS_RTOS/cmsis_os.o
 .debug_line    0x000000000001542c      0x84d ./Middlewares/Third_Party/FreeRTOS/Source/list.o
 .debug_line    0x0000000000015c79     0x1568 ./Middlewares/Third_Party/FreeRTOS/Source/queue.o
 .debug_line    0x00000000000171e1     0x1a8c ./Middlewares/Third_Party/FreeRTOS/Source/tasks.o
 .debug_line    0x0000000000018c6d      0xcae ./Middlewares/Third_Party/FreeRTOS/Source/timers.o
 .debug_line    0x000000000001991b      0x81c ./Middlewares/Third_Party/FreeRTOS/Source/portable/GCC/ARM_CM4F/port.o
 .debug_line    0x000000000001a137      0xa0f ./Middlewares/Third_Party/FreeRTOS/Source/portable/MemMang/heap_4.o

.debug_str      0x0000000000000000    0xaf956
 .debug_str     0x0000000000000000    0xa2154 ./Core/Src/freertos.o
                                      0xa23d6 (size before relaxing)
 .debug_str     0x00000000000a2154     0x6e72 ./Core/Src/main.o
                                      0xa9508 (size before relaxing)
 .debug_str     0x00000000000a8fc6       0x8d ./Core/Src/stm32f3xx_hal_msp.o
                                      0x9f4ff (size before relaxing)
 .debug_str     0x00000000000a9053       0xec ./Core/Src/stm32f3xx_hal_timebase_tim.o
                                      0x9f360 (size before relaxing)
 .debug_str     0x00000000000a913f       0xe3 ./Core/Src/stm32f3xx_it.o
                                      0x9ef13 (size before relaxing)
 .debug_str     0x00000000000a9222       0xe9 ./Core/Src/system_stm32f3xx.o
                                      0x9ea64 (size before relaxing)
 .debug_str     0x00000000000a930b       0x36 ./Core/Startup/startup_stm32f302r8tx.o
                                         0x74 (size before relaxing)
 .debug_str     0x00000000000a9341      0x368 ./Drivers/STM32F3xx_HAL_Driver/Src/stm32f3xx_hal.o
                                      0x9f1be (size before relaxing)
 .debug_str     0x00000000000a96a9      0x241 ./Drivers/STM32F3xx_HAL_Driver/Src/stm32f3xx_hal_cortex.o
                                      0x9f0e3 (size before relaxing)
 .debug_str     0x00000000000a98ea       0xdf ./Drivers/STM32F3xx_HAL_Driver/Src/stm32f3xx_hal_gpio.o
                                      0x9ebda (size before relaxing)
 .debug_str     0x00000000000a99c9      0xe5b ./Drivers/STM32F3xx_HAL_Driver/Src/stm32f3xx_hal_i2c.o
                                      0x9fd67 (size before relaxing)
 .debug_str     0x00000000000aa824       0xb8 ./Drivers/STM32F3xx_HAL_Driver/Src/stm32f3xx_hal_i2c_ex.o
                                      0x9ef8e (size before relaxing)
 .debug_str     0x00000000000aa8dc      0x290 ./Drivers/STM32F3xx_HAL_Driver/Src/stm32f3xx_hal_rcc.o
                                      0x9ef04 (size before relaxing)
 .debug_str     0x00000000000aab6c       0xbe ./Drivers/STM32F3xx_HAL_Driver/Src/stm32f3xx_hal_rcc_ex.o
                                      0x9ec88 (size before relaxing)
 .debug_str     0x00000000000aac2a      0xe7e ./Drivers/STM32F3xx_HAL_Driver/Src/stm32f3xx_hal_tim.o
                                      0x9fe8b (size before relaxing)
 .debug_str     0x00000000000abaa8      0x561 ./Drivers/STM32F3xx_HAL_Driver/Src/stm32f3xx_hal_tim_ex.o
                                      0x9f6e1 (size before relaxing)
 .debug_str     0x00000000000ac009      0x85c ./Drivers/STM32F3xx_HAL_Driver/Src/stm32f3xx_hal_uart.o
                                      0x9f787 (size before relaxing)
 .debug_str     0x00000000000ac865      0x87d ./Middlewares/Third_Party/FreeRTOS/Source/CMSIS_RTOS/cmsis_os.o
                                       0xd874 (size before relaxing)
 .debug_str     0x00000000000ad0e2      0x22a ./Middlewares/Third_Party/FreeRTOS/Source/list.o
                                       0xa3c6 (size before relaxing)
 .debug_str     0x00000000000ad30c      0x7f9 ./Middlewares/Third_Party/FreeRTOS/Source/queue.o
                                       0xbac4 (size before relaxing)
 .debug_str     0x00000000000adb05     0x10a1 ./Middlewares/Third_Party/FreeRTOS/Source/tasks.o
                                       0xc6fd (size before relaxing)
 .debug_str     0x00000000000aeba6      0x3f3 ./Middlewares/Third_Party/FreeRTOS/Source/timers.o
                                       0xbe7e (size before relaxing)
 .debug_str     0x00000000000aef99      0x783 ./Middlewares/Third_Party/FreeRTOS/Source/portable/GCC/ARM_CM4F/port.o
                                       0x8263 (size before relaxing)
 .debug_str     0x00000000000af71c      0x23a ./Middlewares/Third_Party/FreeRTOS/Source/portable/MemMang/heap_4.o
                                       0xab13 (size before relaxing)

.comment        0x0000000000000000       0x50
 .comment       0x0000000000000000       0x50 ./Core/Src/freertos.o
                                         0x51 (size before relaxing)
 .comment       0x0000000000000050       0x51 ./Core/Src/main.o
 .comment       0x0000000000000050       0x51 ./Core/Src/stm32f3xx_hal_msp.o
 .comment       0x0000000000000050       0x51 ./Core/Src/stm32f3xx_hal_timebase_tim.o
 .comment       0x0000000000000050       0x51 ./Core/Src/stm32f3xx_it.o
 .comment       0x0000000000000050       0x51 ./Core/Src/system_stm32f3xx.o
 .comment       0x0000000000000050       0x51 ./Drivers/STM32F3xx_HAL_Driver/Src/stm32f3xx_hal.o
 .comment       0x0000000000000050       0x51 ./Drivers/STM32F3xx_HAL_Driver/Src/stm32f3xx_hal_cortex.o
 .comment       0x0000000000000050       0x51 ./Drivers/STM32F3xx_HAL_Driver/Src/stm32f3xx_hal_gpio.o
 .comment       0x0000000000000050       0x51 ./Drivers/STM32F3xx_HAL_Driver/Src/stm32f3xx_hal_i2c.o
 .comment       0x0000000000000050       0x51 ./Drivers/STM32F3xx_HAL_Driver/Src/stm32f3xx_hal_i2c_ex.o
 .comment       0x0000000000000050       0x51 ./Drivers/STM32F3xx_HAL_Driver/Src/stm32f3xx_hal_rcc.o
 .comment       0x0000000000000050       0x51 ./Drivers/STM32F3xx_HAL_Driver/Src/stm32f3xx_hal_rcc_ex.o
 .comment       0x0000000000000050       0x51 ./Drivers/STM32F3xx_HAL_Driver/Src/stm32f3xx_hal_tim.o
 .comment       0x0000000000000050       0x51 ./Drivers/STM32F3xx_HAL_Driver/Src/stm32f3xx_hal_tim_ex.o
 .comment       0x0000000000000050       0x51 ./Drivers/STM32F3xx_HAL_Driver/Src/stm32f3xx_hal_uart.o
 .comment       0x0000000000000050       0x51 ./Middlewares/Third_Party/FreeRTOS/Source/CMSIS_RTOS/cmsis_os.o
 .comment       0x0000000000000050       0x51 ./Middlewares/Third_Party/FreeRTOS/Source/list.o
 .comment       0x0000000000000050       0x51 ./Middlewares/Third_Party/FreeRTOS/Source/queue.o
 .comment       0x0000000000000050       0x51 ./Middlewares/Third_Party/FreeRTOS/Source/tasks.o
 .comment       0x0000000000000050       0x51 ./Middlewares/Third_Party/FreeRTOS/Source/timers.o
 .comment       0x0000000000000050       0x51 ./Middlewares/Third_Party/FreeRTOS/Source/portable/GCC/ARM_CM4F/port.o
 .comment       0x0000000000000050       0x51 ./Middlewares/Third_Party/FreeRTOS/Source/portable/MemMang/heap_4.o

.debug_frame    0x0000000000000000     0x5b14
 .debug_frame   0x0000000000000000       0x78 ./Core/Src/freertos.o
 .debug_frame   0x0000000000000078      0x210 ./Core/Src/main.o
 .debug_frame   0x0000000000000288       0xc4 ./Core/Src/stm32f3xx_hal_msp.o
 .debug_frame   0x000000000000034c       0x74 ./Core/Src/stm32f3xx_hal_timebase_tim.o
 .debug_frame   0x00000000000003c0       0xe0 ./Core/Src/stm32f3xx_it.o
 .debug_frame   0x00000000000004a0       0x58 ./Core/Src/system_stm32f3xx.o
 .debug_frame   0x00000000000004f8      0x334 ./Drivers/STM32F3xx_HAL_Driver/Src/stm32f3xx_hal.o
 .debug_frame   0x000000000000082c      0x428 ./Drivers/STM32F3xx_HAL_Driver/Src/stm32f3xx_hal_cortex.o
 .debug_frame   0x0000000000000c54      0x14c ./Drivers/STM32F3xx_HAL_Driver/Src/stm32f3xx_hal_gpio.o
 .debug_frame   0x0000000000000da0      0xc38 ./Drivers/STM32F3xx_HAL_Driver/Src/stm32f3xx_hal_i2c.o
 .debug_frame   0x00000000000019d8      0x100 ./Drivers/STM32F3xx_HAL_Driver/Src/stm32f3xx_hal_i2c_ex.o
 .debug_frame   0x0000000000001ad8      0x214 ./Drivers/STM32F3xx_HAL_Driver/Src/stm32f3xx_hal_rcc.o
 .debug_frame   0x0000000000001cec       0xb0 ./Drivers/STM32F3xx_HAL_Driver/Src/stm32f3xx_hal_rcc_ex.o
 .debug_frame   0x0000000000001d9c     0x121c ./Drivers/STM32F3xx_HAL_Driver/Src/stm32f3xx_hal_tim.o
 .debug_frame   0x0000000000002fb8      0x688 ./Drivers/STM32F3xx_HAL_Driver/Src/stm32f3xx_hal_tim_ex.o
 .debug_frame   0x0000000000003640      0x9e8 ./Drivers/STM32F3xx_HAL_Driver/Src/stm32f3xx_hal_uart.o
 .debug_frame   0x0000000000004028      0x7f8 ./Middlewares/Third_Party/FreeRTOS/Source/CMSIS_RTOS/cmsis_os.o
 .debug_frame   0x0000000000004820       0xd8 ./Middlewares/Third_Party/FreeRTOS/Source/list.o
 .debug_frame   0x00000000000048f8      0x468 ./Middlewares/Third_Party/FreeRTOS/Source/queue.o
 .debug_frame   0x0000000000004d60      0x7a0 ./Middlewares/Third_Party/FreeRTOS/Source/tasks.o
 .debug_frame   0x0000000000005500      0x2f0 ./Middlewares/Third_Party/FreeRTOS/Source/timers.o
 .debug_frame   0x00000000000057f0      0x1a8 ./Middlewares/Third_Party/FreeRTOS/Source/portable/GCC/ARM_CM4F/port.o
 .debug_frame   0x0000000000005998      0x108 ./Middlewares/Third_Party/FreeRTOS/Source/portable/MemMang/heap_4.o
 .debug_frame   0x0000000000005aa0       0x2c e:/programs/stm_cube_ide/stm32cubeide_1.9.0/stm32cubeide/plugins/com.st.stm32cube.ide.mcu.externaltools.gnu-tools-for-stm32.10.3-2021.10.win32_1.0.0.202111181127/tools/bin/../lib/gcc/arm-none-eabi/10.3.1/../../../../arm-none-eabi/lib/thumb/v7e-m+fp/hard\libc_nano.a(lib_a-init.o)
 .debug_frame   0x0000000000005acc       0x28 e:/programs/stm_cube_ide/stm32cubeide_1.9.0/stm32cubeide/plugins/com.st.stm32cube.ide.mcu.externaltools.gnu-tools-for-stm32.10.3-2021.10.win32_1.0.0.202111181127/tools/bin/../lib/gcc/arm-none-eabi/10.3.1/../../../../arm-none-eabi/lib/thumb/v7e-m+fp/hard\libc_nano.a(lib_a-memcpy-stub.o)
 .debug_frame   0x0000000000005af4       0x20 e:/programs/stm_cube_ide/stm32cubeide_1.9.0/stm32cubeide/plugins/com.st.stm32cube.ide.mcu.externaltools.gnu-tools-for-stm32.10.3-2021.10.win32_1.0.0.202111181127/tools/bin/../lib/gcc/arm-none-eabi/10.3.1/../../../../arm-none-eabi/lib/thumb/v7e-m+fp/hard\libc_nano.a(lib_a-memset.o)
