Archive member included to satisfy reference by file (symbol)

e:/programs/stm_cube_ide/stm32cubeide_1.9.0/stm32cubeide/plugins/com.st.stm32cube.ide.mcu.externaltools.gnu-tools-for-stm32.10.3-2021.10.win32_1.0.0.202111181127/tools/bin/../lib/gcc/arm-none-eabi/10.3.1/../../../../arm-none-eabi/lib/thumb/v7e-m+fp/hard\libc_nano.a(lib_a-errno.o)
                              ./Core/Src/syscalls.o (__errno)
e:/programs/stm_cube_ide/stm32cubeide_1.9.0/stm32cubeide/plugins/com.st.stm32cube.ide.mcu.externaltools.gnu-tools-for-stm32.10.3-2021.10.win32_1.0.0.202111181127/tools/bin/../lib/gcc/arm-none-eabi/10.3.1/../../../../arm-none-eabi/lib/thumb/v7e-m+fp/hard\libc_nano.a(lib_a-exit.o)
                              e:/programs/stm_cube_ide/stm32cubeide_1.9.0/stm32cubeide/plugins/com.st.stm32cube.ide.mcu.externaltools.gnu-tools-for-stm32.10.3-2021.10.win32_1.0.0.202111181127/tools/bin/../lib/gcc/arm-none-eabi/10.3.1/../../../../arm-none-eabi/lib/thumb/v7e-m+fp/hard/crt0.o (exit)
e:/programs/stm_cube_ide/stm32cubeide_1.9.0/stm32cubeide/plugins/com.st.stm32cube.ide.mcu.externaltools.gnu-tools-for-stm32.10.3-2021.10.win32_1.0.0.202111181127/tools/bin/../lib/gcc/arm-none-eabi/10.3.1/../../../../arm-none-eabi/lib/thumb/v7e-m+fp/hard\libc_nano.a(lib_a-impure.o)
                              e:/programs/stm_cube_ide/stm32cubeide_1.9.0/stm32cubeide/plugins/com.st.stm32cube.ide.mcu.externaltools.gnu-tools-for-stm32.10.3-2021.10.win32_1.0.0.202111181127/tools/bin/../lib/gcc/arm-none-eabi/10.3.1/../../../../arm-none-eabi/lib/thumb/v7e-m+fp/hard\libc_nano.a(lib_a-exit.o) (_global_impure_ptr)
e:/programs/stm_cube_ide/stm32cubeide_1.9.0/stm32cubeide/plugins/com.st.stm32cube.ide.mcu.externaltools.gnu-tools-for-stm32.10.3-2021.10.win32_1.0.0.202111181127/tools/bin/../lib/gcc/arm-none-eabi/10.3.1/../../../../arm-none-eabi/lib/thumb/v7e-m+fp/hard\libc_nano.a(lib_a-init.o)
                              e:/programs/stm_cube_ide/stm32cubeide_1.9.0/stm32cubeide/plugins/com.st.stm32cube.ide.mcu.externaltools.gnu-tools-for-stm32.10.3-2021.10.win32_1.0.0.202111181127/tools/bin/../lib/gcc/arm-none-eabi/10.3.1/../../../../arm-none-eabi/lib/thumb/v7e-m+fp/hard/crt0.o (__libc_init_array)
e:/programs/stm_cube_ide/stm32cubeide_1.9.0/stm32cubeide/plugins/com.st.stm32cube.ide.mcu.externaltools.gnu-tools-for-stm32.10.3-2021.10.win32_1.0.0.202111181127/tools/bin/../lib/gcc/arm-none-eabi/10.3.1/../../../../arm-none-eabi/lib/thumb/v7e-m+fp/hard\libc_nano.a(lib_a-memcpy-stub.o)
                              ./Middlewares/Third_Party/FreeRTOS/Source/queue.o (memcpy)
e:/programs/stm_cube_ide/stm32cubeide_1.9.0/stm32cubeide/plugins/com.st.stm32cube.ide.mcu.externaltools.gnu-tools-for-stm32.10.3-2021.10.win32_1.0.0.202111181127/tools/bin/../lib/gcc/arm-none-eabi/10.3.1/../../../../arm-none-eabi/lib/thumb/v7e-m+fp/hard\libc_nano.a(lib_a-memset.o)
                              e:/programs/stm_cube_ide/stm32cubeide_1.9.0/stm32cubeide/plugins/com.st.stm32cube.ide.mcu.externaltools.gnu-tools-for-stm32.10.3-2021.10.win32_1.0.0.202111181127/tools/bin/../lib/gcc/arm-none-eabi/10.3.1/../../../../arm-none-eabi/lib/thumb/v7e-m+fp/hard/crt0.o (memset)

Discarded input sections

 .text          0x0000000000000000        0x0 e:/programs/stm_cube_ide/stm32cubeide_1.9.0/stm32cubeide/plugins/com.st.stm32cube.ide.mcu.externaltools.gnu-tools-for-stm32.10.3-2021.10.win32_1.0.0.202111181127/tools/bin/../lib/gcc/arm-none-eabi/10.3.1/thumb/v7e-m+fp/hard/crti.o
 .data          0x0000000000000000        0x0 e:/programs/stm_cube_ide/stm32cubeide_1.9.0/stm32cubeide/plugins/com.st.stm32cube.ide.mcu.externaltools.gnu-tools-for-stm32.10.3-2021.10.win32_1.0.0.202111181127/tools/bin/../lib/gcc/arm-none-eabi/10.3.1/thumb/v7e-m+fp/hard/crti.o
 .bss           0x0000000000000000        0x0 e:/programs/stm_cube_ide/stm32cubeide_1.9.0/stm32cubeide/plugins/com.st.stm32cube.ide.mcu.externaltools.gnu-tools-for-stm32.10.3-2021.10.win32_1.0.0.202111181127/tools/bin/../lib/gcc/arm-none-eabi/10.3.1/thumb/v7e-m+fp/hard/crti.o
 .data          0x0000000000000000        0x4 e:/programs/stm_cube_ide/stm32cubeide_1.9.0/stm32cubeide/plugins/com.st.stm32cube.ide.mcu.externaltools.gnu-tools-for-stm32.10.3-2021.10.win32_1.0.0.202111181127/tools/bin/../lib/gcc/arm-none-eabi/10.3.1/thumb/v7e-m+fp/hard/crtbegin.o
 .rodata        0x0000000000000000       0x24 e:/programs/stm_cube_ide/stm32cubeide_1.9.0/stm32cubeide/plugins/com.st.stm32cube.ide.mcu.externaltools.gnu-tools-for-stm32.10.3-2021.10.win32_1.0.0.202111181127/tools/bin/../lib/gcc/arm-none-eabi/10.3.1/thumb/v7e-m+fp/hard/crtbegin.o
 .text          0x0000000000000000       0x7c e:/programs/stm_cube_ide/stm32cubeide_1.9.0/stm32cubeide/plugins/com.st.stm32cube.ide.mcu.externaltools.gnu-tools-for-stm32.10.3-2021.10.win32_1.0.0.202111181127/tools/bin/../lib/gcc/arm-none-eabi/10.3.1/../../../../arm-none-eabi/lib/thumb/v7e-m+fp/hard/crt0.o
[...]
Memory Configuration

Name             Origin             Length             Attributes
RAM              0x0000000020000000 0x0000000000004000 xrw
FLASH            0x0000000008000000 0x0000000000010000 xr
*default*        0x0000000000000000 0xffffffffffffffff

Linker script and memory map

LOAD e:/programs/stm_cube_ide/stm32cubeide_1.9.0/stm32cubeide/plugins/com.st.stm32cube.ide.mcu.externaltools.gnu-tools-for-stm32.10.3-2021.10.win32_1.0.0.202111181127/tools/bin/../lib/gcc/arm-none-eabi/10.3.1/thumb/v7e-m+fp/hard/crti.o
LOAD e:/programs/stm_cube_ide/stm32cubeide_1.9.0/stm32cubeide/plugins/com.st.stm32cube.ide.mcu.externaltools.gnu-tools-for-stm32.10.3-2021.10.win32_1.0.0.202111181127/tools/bin/../lib/gcc/arm-none-eabi/10.3.1/thumb/v7e-m+fp/hard/crtbegin.o
LOAD e:/programs/stm_cube_ide/stm32cubeide_1.9.0/stm32cubeide/plugins/com.st.stm32cube.ide.mcu.externaltools.gnu-tools-for-stm32.10.3-2021.10.win32_1.0.0.202111181127/tools/bin/../lib/gcc/arm-none-eabi/10.3.1/../../../../arm-none-eabi/lib/thumb/v7e-m+fp/hard/crt0.o
LOAD ./Core/Src/freertos.o
LOAD ./Core/Src/main.o
LOAD ./Core/Src/stm32f3xx_hal_msp.o
LOAD ./Core/Src/stm32f3xx_hal_timebase_tim.o
LOAD ./Core/Src/stm32f3xx_it.o
LOAD ./Core/Src/syscalls.o
LOAD ./Core/Src/sysmem.o
LOAD ./Core/Src/system_stm32f3xx.o
LOAD ./Core/Startup/startup_stm32f302r8tx.o
LOAD ./Drivers/STM32F3xx_HAL_Driver/Src/stm32f3xx_hal.o
LOAD ./Drivers/STM32F3xx_HAL_Driver/Src/stm32f3xx_hal_cortex.o
LOAD ./Drivers/STM32F3xx_HAL_Driver/Src/stm32f3xx_hal_dma.o
LOAD ./Drivers/STM32F3xx_HAL_Driver/Src/stm32f3xx_hal_exti.o
LOAD ./Drivers/STM32F3xx_HAL_Driver/Src/stm32f3xx_hal_flash.o
LOAD ./Drivers/STM32F3xx_HAL_Driver/Src/stm32f3xx_hal_flash_ex.o
LOAD ./Drivers/STM32F3xx_HAL_Driver/Src/stm32f3xx_hal_gpio.o
LOAD ./Drivers/STM32F3xx_HAL_Driver/Src/stm32f3xx_hal_i2c.o
LOAD ./Drivers/STM32F3xx_HAL_Driver/Src/stm32f3xx_hal_i2c_ex.o
LOAD ./Drivers/STM32F3xx_HAL_Driver/Src/stm32f3xx_hal_pwr.o
LOAD ./Drivers/STM32F3xx_HAL_Driver/Src/stm32f3xx_hal_pwr_ex.o
LOAD ./Drivers/STM32F3xx_HAL_Driver/Src/stm32f3xx_hal_rcc.o
LOAD ./Drivers/STM32F3xx_HAL_Driver/Src/stm32f3xx_hal_rcc_ex.o
LOAD ./Drivers/STM32F3xx_HAL_Driver/Src/stm32f3xx_hal_tim.o
LOAD ./Drivers/STM32F3xx_HAL_Driver/Src/stm32f3xx_hal_tim_ex.o
LOAD ./Drivers/STM32F3xx_HAL_Driver/Src/stm32f3xx_hal_uart.o
LOAD ./Drivers/STM32F3xx_HAL_Driver/Src/stm32f3xx_hal_uart_ex.o
LOAD ./Middlewares/Third_Party/FreeRTOS/Source/CMSIS_RTOS/cmsis_os.o
LOAD ./Middlewares/Third_Party/FreeRTOS/Source/croutine.o
LOAD ./Middlewares/Third_Party/FreeRTOS/Source/event_groups.o
LOAD ./Middlewares/Third_Party/FreeRTOS/Source/list.o
LOAD ./Middlewares/Third_Party/FreeRTOS/Source/queue.o
LOAD ./Middlewares/Third_Party/FreeRTOS/Source/stream_buffer.o
LOAD ./Middlewares/Third_Party/FreeRTOS/Source/tasks.o
LOAD ./Middlewares/Third_Party/FreeRTOS/Source/timers.o
LOAD ./Middlewares/Third_Party/FreeRTOS/Source/portable/GCC/ARM_CM4F/port.o
LOAD ./Middlewares/Third_Party/FreeRTOS/Source/portable/MemMang/heap_4.o
START GROUP
LOAD e:/programs/stm_cube_ide/stm32cubeide_1.9.0/stm32cubeide/plugins/com.st.stm32cube.ide.mcu.externaltools.gnu-tools-for-stm32.10.3-2021.10.win32_1.0.0.202111181127/tools/bin/../lib/gcc/arm-none-eabi/10.3.1/../../../../arm-none-eabi/lib/thumb/v7e-m+fp/hard\libc_nano.a
LOAD e:/programs/stm_cube_ide/stm32cubeide_1.9.0/stm32cubeide/plugins/com.st.stm32cube.ide.mcu.externaltools.gnu-tools-for-stm32.10.3-2021.10.win32_1.0.0.202111181127/tools/bin/../lib/gcc/arm-none-eabi/10.3.1/../../../../arm-none-eabi/lib/thumb/v7e-m+fp/hard\libm.a
END GROUP
START GROUP
LOAD e:/programs/stm_cube_ide/stm32cubeide_1.9.0/stm32cubeide/plugins/com.st.stm32cube.ide.mcu.externaltools.gnu-tools-for-stm32.10.3-2021.10.win32_1.0.0.202111181127/tools/bin/../lib/gcc/arm-none-eabi/10.3.1/thumb/v7e-m+fp/hard\libgcc.a
LOAD e:/programs/stm_cube_ide/stm32cubeide_1.9.0/stm32cubeide/plugins/com.st.stm32cube.ide.mcu.externaltools.gnu-tools-for-stm32.10.3-2021.10.win32_1.0.0.202111181127/tools/bin/../lib/gcc/arm-none-eabi/10.3.1/../../../../arm-none-eabi/lib/thumb/v7e-m+fp/hard\libc_nano.a
END GROUP
START GROUP
LOAD e:/programs/stm_cube_ide/stm32cubeide_1.9.0/stm32cubeide/plugins/com.st.stm32cube.ide.mcu.externaltools.gnu-tools-for-stm32.10.3-2021.10.win32_1.0.0.202111181127/tools/bin/../lib/gcc/arm-none-eabi/10.3.1/thumb/v7e-m+fp/hard\libgcc.a
LOAD e:/programs/stm_cube_ide/stm32cubeide_1.9.0/stm32cubeide/plugins/com.st.stm32cube.ide.mcu.externaltools.gnu-tools-for-stm32.10.3-2021.10.win32_1.0.0.202111181127/tools/bin/../lib/gcc/arm-none-eabi/10.3.1/../../../../arm-none-eabi/lib/thumb/v7e-m+fp/hard\libc_nano.a
LOAD e:/programs/stm_cube_ide/stm32cubeide_1.9.0/stm32cubeide/plugins/com.st.stm32cube.ide.mcu.externaltools.gnu-tools-for-stm32.10.3-2021.10.win32_1.0.0.202111181127/tools/bin/../lib/gcc/arm-none-eabi/10.3.1/../../../../arm-none-eabi/lib/thumb/v7e-m+fp/hard\libnosys.a
END GROUP
START GROUP
LOAD e:/programs/stm_cube_ide/stm32cubeide_1.9.0/stm32cubeide/plugins/com.st.stm32cube.ide.mcu.externaltools.gnu-tools-for-stm32.10.3-2021.10.win32_1.0.0.202111181127/tools/bin/../lib/gcc/arm-none-eabi/10.3.1/thumb/v7e-m+fp/hard\libgcc.a
LOAD e:/programs/stm_cube_ide/stm32cubeide_1.9.0/stm32cubeide/plugins/com.st.stm32cube.ide.mcu.externaltools.gnu-tools-for-stm32.10.3-2021.10.win32_1.0.0.202111181127/tools/bin/../lib/gcc/arm-none-eabi/10.3.1/../../../../arm-none-eabi/lib/thumb/v7e-m+fp/hard\libc_nano.a
LOAD e:/programs/stm_cube_ide/stm32cubeide_1.9.0/stm32cubeide/plugins/com.st.stm32cube.ide.mcu.externaltools.gnu-tools-for-stm32.10.3-2021.10.win32_1.0.0.202111181127/tools/bin/../lib/gcc/arm-none-eabi/10.3.1/../../../../arm-none-eabi/lib/thumb/v7e-m+fp/hard\libnosys.a
END GROUP
LOAD e:/programs/stm_cube_ide/stm32cubeide_1.9.0/stm32cubeide/plugins/com.st.stm32cube.ide.mcu.externaltools.gnu-tools-for-stm32.10.3-2021.10.win32_1.0.0.202111181127/tools/bin/../lib/gcc/arm-none-eabi/10.3.1/thumb/v7e-m+fp/hard/crtend.o
LOAD e:/programs/stm_cube_ide/stm32cubeide_1.9.0/stm32cubeide/plugins/com.st.stm32cube.ide.mcu.externaltools.gnu-tools-for-stm32.10.3-2021.10.win32_1.0.0.202111181127/tools/bin/../lib/gcc/arm-none-eabi/10.3.1/thumb/v7e-m+fp/hard/crtn.o
                0x0000000020004000                _estack = (ORIGIN (RAM) + LENGTH (RAM))
                0x0000000000000200                _Min_Heap_Size = 0x200
                0x0000000000000400                _Min_Stack_Size = 0x400

.isr_vector     0x0000000008000000      0x188
                0x0000000008000000                . = ALIGN (0x4)
 *(.isr_vector)
 .isr_vector    0x0000000008000000      0x188 ./Core/Startup/startup_stm32f302r8tx.o
                0x0000000008000000                g_pfnVectors
                0x0000000008000188                . = ALIGN (0x4)

.text           0x0000000008000190     0x6778
                0x0000000008000190                . = ALIGN (0x4)
 *(.text)
 .text          0x0000000008000190       0x40 e:/programs/stm_cube_ide/stm32cubeide_1.9.0/stm32cubeide/plugins/com.st.stm32cube.ide.mcu.externaltools.gnu-tools-for-stm32.10.3-2021.10.win32_1.0.0.202111181127/tools/bin/../lib/gcc/arm-none-eabi/10.3.1/thumb/v7e-m+fp/hard/crtbegin.o
 *(.text*)
 .text.vPortSuppressTicksAndSleep
                0x00000000080001d0       0x14 ./Core/Src/freertos.o
                0x00000000080001d0                vPortSuppressTicksAndSleep
 .text.main     0x00000000080001e4      0x120 ./Core/Src/main.o
                0x00000000080001e4                main
 .text.SystemClock_Config
                0x0000000008000304       0xb0 ./Core/Src/main.o
                0x0000000008000304                SystemClock_Config
 .text.MX_I2C1_Init
                0x00000000080003b4       0x80 ./Core/Src/main.o
 .text.MX_USART1_UART_Init
                0x0000000008000434       0x60 ./Core/Src/main.o
 .text.MX_GPIO_Init
                0x0000000008000494      0x130 ./Core/Src/main.o
 .text.sendUSART1
                0x00000000080005c4       0x54 ./Core/Src/main.o
                0x00000000080005c4                sendUSART1
 .text.receiveUSART1
                0x0000000008000618       0x58 ./Core/Src/main.o
                0x0000000008000618                receiveUSART1
 .text.vApplicationIdleHook
                0x0000000008000670       0x20 ./Core/Src/main.o
                0x0000000008000670                vApplicationIdleHook
 .text.vApplicationTickHook
                0x0000000008000690       0x20 ./Core/Src/main.o
                0x0000000008000690                vApplicationTickHook
 .text.Timer1Callback
                0x00000000080006b0       0x8c ./Core/Src/main.o
                0x00000000080006b0                Timer1Callback
 .text.HAL_GPIO_EXTI_Callback
                0x000000000800073c       0x24 ./Core/Src/main.o
                0x000000000800073c                HAL_GPIO_EXTI_Callback
 .text.announcement
                0x0000000008000760       0x80 ./Core/Src/main.o
                0x0000000008000760                announcement
 .text.StartDefaultTask
                0x00000000080007e0       0x10 ./Core/Src/main.o
                0x00000000080007e0                StartDefaultTask
 .text.HAL_TIM_PeriodElapsedCallback
                0x00000000080007f0       0x1e ./Core/Src/main.o
                0x00000000080007f0                HAL_TIM_PeriodElapsedCallback
 .text.Error_Handler
                0x000000000800080e        0xa ./Core/Src/main.o
                0x000000000800080e                Error_Handler
 .text.HAL_MspInit
                0x0000000008000818       0x50 ./Core/Src/stm32f3xx_hal_msp.o
                0x0000000008000818                HAL_MspInit
 .text.HAL_I2C_MspInit
                0x0000000008000868       0x88 ./Core/Src/stm32f3xx_hal_msp.o
                0x0000000008000868                HAL_I2C_MspInit
 .text.HAL_UART_MspInit
                0x00000000080008f0       0x88 ./Core/Src/stm32f3xx_hal_msp.o
                0x00000000080008f0                HAL_UART_MspInit
 .text.HAL_InitTick
                0x0000000008000978       0xb0 ./Core/Src/stm32f3xx_hal_timebase_tim.o
                0x0000000008000978                HAL_InitTick
 .text.NMI_Handler
                0x0000000008000a28        0x6 ./Core/Src/stm32f3xx_it.o
                0x0000000008000a28                NMI_Handler
 .text.HardFault_Handler
                0x0000000008000a2e        0x6 ./Core/Src/stm32f3xx_it.o
                0x0000000008000a2e                HardFault_Handler
 .text.MemManage_Handler
                0x0000000008000a34        0x6 ./Core/Src/stm32f3xx_it.o
                0x0000000008000a34                MemManage_Handler
 .text.BusFault_Handler
                0x0000000008000a3a        0x6 ./Core/Src/stm32f3xx_it.o
                0x0000000008000a3a                BusFault_Handler
 .text.UsageFault_Handler
                0x0000000008000a40        0x6 ./Core/Src/stm32f3xx_it.o
                0x0000000008000a40                UsageFault_Handler
 .text.DebugMon_Handler
                0x0000000008000a46        0xe ./Core/Src/stm32f3xx_it.o
                0x0000000008000a46                DebugMon_Handler
 .text.TIM2_IRQHandler
                0x0000000008000a54       0x14 ./Core/Src/stm32f3xx_it.o
                0x0000000008000a54                TIM2_IRQHandler
 .text.EXTI15_10_IRQHandler
                0x0000000008000a68       0x10 ./Core/Src/stm32f3xx_it.o
                0x0000000008000a68                EXTI15_10_IRQHandler
 .text.SystemInit
                0x0000000008000a78       0x24 ./Core/Src/system_stm32f3xx.o
                0x0000000008000a78                SystemInit
 .text.Reset_Handler
                0x0000000008000a9c       0x50 ./Core/Startup/startup_stm32f302r8tx.o
                0x0000000008000a9c                Reset_Handler
 .text.Default_Handler
                0x0000000008000aec        0x2 ./Core/Startup/startup_stm32f302r8tx.o
                0x0000000008000aec                RTC_Alarm_IRQHandler
                0x0000000008000aec                TIM1_CC_IRQHandler
                0x0000000008000aec                USB_HP_IRQHandler
                0x0000000008000aec                PVD_IRQHandler
                0x0000000008000aec                TAMP_STAMP_IRQHandler
                0x0000000008000aec                EXTI3_IRQHandler
                0x0000000008000aec                I2C3_ER_IRQHandler
                0x0000000008000aec                USB_HP_CAN_TX_IRQHandler
                0x0000000008000aec                EXTI0_IRQHandler
                0x0000000008000aec                I2C2_EV_IRQHandler
                0x0000000008000aec                FPU_IRQHandler
                0x0000000008000aec                TIM1_UP_TIM16_IRQHandler
                0x0000000008000aec                CAN_SCE_IRQHandler
                0x0000000008000aec                TIM6_DAC_IRQHandler
                0x0000000008000aec                DMA1_Channel4_IRQHandler
                0x0000000008000aec                ADC1_IRQHandler
                0x0000000008000aec                USART3_IRQHandler
                0x0000000008000aec                DMA1_Channel7_IRQHandler
                0x0000000008000aec                CAN_RX1_IRQHandler
                0x0000000008000aec                I2C1_EV_IRQHandler
                0x0000000008000aec                DMA1_Channel6_IRQHandler
                0x0000000008000aec                RCC_IRQHandler
                0x0000000008000aec                DMA1_Channel1_IRQHandler
                0x0000000008000aec                Default_Handler
                0x0000000008000aec                USBWakeUp_RMP_IRQHandler
                0x0000000008000aec                COMP2_IRQHandler
                0x0000000008000aec                I2C3_EV_IRQHandler
                0x0000000008000aec                EXTI9_5_IRQHandler
                0x0000000008000aec                RTC_WKUP_IRQHandler
                0x0000000008000aec                SPI2_IRQHandler
                0x0000000008000aec                USB_LP_CAN_RX0_IRQHandler
                0x0000000008000aec                DMA1_Channel5_IRQHandler
                0x0000000008000aec                USB_LP_IRQHandler
                0x0000000008000aec                EXTI4_IRQHandler
                0x0000000008000aec                TIM1_TRG_COM_TIM17_IRQHandler
                0x0000000008000aec                DMA1_Channel3_IRQHandler
                0x0000000008000aec                WWDG_IRQHandler
                0x0000000008000aec                EXTI1_IRQHandler
                0x0000000008000aec                COMP4_6_IRQHandler
                0x0000000008000aec                USART2_IRQHandler
                0x0000000008000aec                I2C2_ER_IRQHandler
                0x0000000008000aec                DMA1_Channel2_IRQHandler
                0x0000000008000aec                FLASH_IRQHandler
                0x0000000008000aec                USART1_IRQHandler
                0x0000000008000aec                SPI3_IRQHandler
                0x0000000008000aec                I2C1_ER_IRQHandler
                0x0000000008000aec                USBWakeUp_IRQHandler
                0x0000000008000aec                EXTI2_TSC_IRQHandler
                0x0000000008000aec                TIM1_BRK_TIM15_IRQHandler
 *fill*         0x0000000008000aee        0x2 
 .text.HAL_Init
                0x0000000008000af0       0x2c ./Drivers/STM32F3xx_HAL_Driver/Src/stm32f3xx_hal.o
                0x0000000008000af0                HAL_Init
 .text.HAL_IncTick
                0x0000000008000b1c       0x28 ./Drivers/STM32F3xx_HAL_Driver/Src/stm32f3xx_hal.o
                0x0000000008000b1c                HAL_IncTick
 .text.HAL_GetTick
                0x0000000008000b44       0x18 ./Drivers/STM32F3xx_HAL_Driver/Src/stm32f3xx_hal.o
                0x0000000008000b44                HAL_GetTick
 .text.__NVIC_SetPriorityGrouping
                0x0000000008000b5c       0x48 ./Drivers/STM32F3xx_HAL_Driver/Src/stm32f3xx_hal_cortex.o
 .text.__NVIC_GetPriorityGrouping
                0x0000000008000ba4       0x1c ./Drivers/STM32F3xx_HAL_Driver/Src/stm32f3xx_hal_cortex.o
 .text.__NVIC_EnableIRQ
                0x0000000008000bc0       0x3c ./Drivers/STM32F3xx_HAL_Driver/Src/stm32f3xx_hal_cortex.o
 .text.__NVIC_SetPriority
                0x0000000008000bfc       0x54 ./Drivers/STM32F3xx_HAL_Driver/Src/stm32f3xx_hal_cortex.o
 .text.NVIC_EncodePriority
                0x0000000008000c50       0x66 ./Drivers/STM32F3xx_HAL_Driver/Src/stm32f3xx_hal_cortex.o
 .text.HAL_NVIC_SetPriorityGrouping
                0x0000000008000cb6       0x16 ./Drivers/STM32F3xx_HAL_Driver/Src/stm32f3xx_hal_cortex.o
                0x0000000008000cb6                HAL_NVIC_SetPriorityGrouping
 .text.HAL_NVIC_SetPriority
                0x0000000008000ccc       0x38 ./Drivers/STM32F3xx_HAL_Driver/Src/stm32f3xx_hal_cortex.o
                0x0000000008000ccc                HAL_NVIC_SetPriority
 .text.HAL_NVIC_EnableIRQ
                0x0000000008000d04       0x1c ./Drivers/STM32F3xx_HAL_Driver/Src/stm32f3xx_hal_cortex.o
                0x0000000008000d04                HAL_NVIC_EnableIRQ
 .text.HAL_GPIO_Init
                0x0000000008000d20      0x2e4 ./Drivers/STM32F3xx_HAL_Driver/Src/stm32f3xx_hal_gpio.o
                0x0000000008000d20                HAL_GPIO_Init
 .text.HAL_GPIO_WritePin
                0x0000000008001004       0x30 ./Drivers/STM32F3xx_HAL_Driver/Src/stm32f3xx_hal_gpio.o
                0x0000000008001004                HAL_GPIO_WritePin
 .text.HAL_GPIO_TogglePin
                0x0000000008001034       0x34 ./Drivers/STM32F3xx_HAL_Driver/Src/stm32f3xx_hal_gpio.o
                0x0000000008001034                HAL_GPIO_TogglePin
 .text.HAL_GPIO_EXTI_IRQHandler
                0x0000000008001068       0x30 ./Drivers/STM32F3xx_HAL_Driver/Src/stm32f3xx_hal_gpio.o
                0x0000000008001068                HAL_GPIO_EXTI_IRQHandler
 .text.HAL_I2C_Init
                0x0000000008001098      0x11e ./Drivers/STM32F3xx_HAL_Driver/Src/stm32f3xx_hal_i2c.o
                0x0000000008001098                HAL_I2C_Init
 .text.HAL_I2CEx_ConfigAnalogFilter
                0x00000000080011b6       0x96 ./Drivers/STM32F3xx_HAL_Driver/Src/stm32f3xx_hal_i2c_ex.o
                0x00000000080011b6                HAL_I2CEx_ConfigAnalogFilter
 .text.HAL_I2CEx_ConfigDigitalFilter
                0x000000000800124c       0x98 ./Drivers/STM32F3xx_HAL_Driver/Src/stm32f3xx_hal_i2c_ex.o
                0x000000000800124c                HAL_I2CEx_ConfigDigitalFilter
 .text.HAL_RCC_OscConfig
                0x00000000080012e4     0x107c ./Drivers/STM32F3xx_HAL_Driver/Src/stm32f3xx_hal_rcc.o
                0x00000000080012e4                HAL_RCC_OscConfig
 .text.HAL_RCC_ClockConfig
                0x0000000008002360      0x2f8 ./Drivers/STM32F3xx_HAL_Driver/Src/stm32f3xx_hal_rcc.o
                0x0000000008002360                HAL_RCC_ClockConfig
 .text.HAL_RCC_GetSysClockFreq
                0x0000000008002658       0xd4 ./Drivers/STM32F3xx_HAL_Driver/Src/stm32f3xx_hal_rcc.o
                0x0000000008002658                HAL_RCC_GetSysClockFreq
 .text.HAL_RCC_GetHCLKFreq
                0x000000000800272c       0x18 ./Drivers/STM32F3xx_HAL_Driver/Src/stm32f3xx_hal_rcc.o
                0x000000000800272c                HAL_RCC_GetHCLKFreq
 .text.HAL_RCC_GetPCLK1Freq
                0x0000000008002744       0x44 ./Drivers/STM32F3xx_HAL_Driver/Src/stm32f3xx_hal_rcc.o
                0x0000000008002744                HAL_RCC_GetPCLK1Freq
 .text.HAL_RCC_GetPCLK2Freq
                0x0000000008002788       0x44 ./Drivers/STM32F3xx_HAL_Driver/Src/stm32f3xx_hal_rcc.o
                0x0000000008002788                HAL_RCC_GetPCLK2Freq
 .text.HAL_RCC_GetClockConfig
                0x00000000080027cc       0x64 ./Drivers/STM32F3xx_HAL_Driver/Src/stm32f3xx_hal_rcc.o
                0x00000000080027cc                HAL_RCC_GetClockConfig
 .text.HAL_RCCEx_PeriphCLKConfig
                0x0000000008002830      0x324 ./Drivers/STM32F3xx_HAL_Driver/Src/stm32f3xx_hal_rcc_ex.o
                0x0000000008002830                HAL_RCCEx_PeriphCLKConfig
 .text.HAL_TIM_Base_Init
                0x0000000008002b54       0xae ./Drivers/STM32F3xx_HAL_Driver/Src/stm32f3xx_hal_tim.o
                0x0000000008002b54                HAL_TIM_Base_Init
 .text.HAL_TIM_Base_MspInit
                0x0000000008002c02       0x14 ./Drivers/STM32F3xx_HAL_Driver/Src/stm32f3xx_hal_tim.o
                0x0000000008002c02                HAL_TIM_Base_MspInit
 *fill*         0x0000000008002c16        0x2 
 .text.HAL_TIM_Base_Start_IT
                0x0000000008002c18       0xa8 ./Drivers/STM32F3xx_HAL_Driver/Src/stm32f3xx_hal_tim.o
                0x0000000008002c18                HAL_TIM_Base_Start_IT
 .text.HAL_TIM_IRQHandler
                0x0000000008002cc0      0x23e ./Drivers/STM32F3xx_HAL_Driver/Src/stm32f3xx_hal_tim.o
                0x0000000008002cc0                HAL_TIM_IRQHandler
 .text.HAL_TIM_OC_DelayElapsedCallback
                0x0000000008002efe       0x14 ./Drivers/STM32F3xx_HAL_Driver/Src/stm32f3xx_hal_tim.o
                0x0000000008002efe                HAL_TIM_OC_DelayElapsedCallback
 .text.HAL_TIM_IC_CaptureCallback
                0x0000000008002f12       0x14 ./Drivers/STM32F3xx_HAL_Driver/Src/stm32f3xx_hal_tim.o
                0x0000000008002f12                HAL_TIM_IC_CaptureCallback
 .text.HAL_TIM_PWM_PulseFinishedCallback
                0x0000000008002f26       0x14 ./Drivers/STM32F3xx_HAL_Driver/Src/stm32f3xx_hal_tim.o
                0x0000000008002f26                HAL_TIM_PWM_PulseFinishedCallback
 .text.HAL_TIM_TriggerCallback
                0x0000000008002f3a       0x14 ./Drivers/STM32F3xx_HAL_Driver/Src/stm32f3xx_hal_tim.o
                0x0000000008002f3a                HAL_TIM_TriggerCallback
 *fill*         0x0000000008002f4e        0x2 
 .text.TIM_Base_SetConfig
                0x0000000008002f50       0xdc ./Drivers/STM32F3xx_HAL_Driver/Src/stm32f3xx_hal_tim.o
                0x0000000008002f50                TIM_Base_SetConfig
 .text.HAL_TIMEx_CommutCallback
                0x000000000800302c       0x14 ./Drivers/STM32F3xx_HAL_Driver/Src/stm32f3xx_hal_tim_ex.o
                0x000000000800302c                HAL_TIMEx_CommutCallback
 .text.HAL_TIMEx_BreakCallback
                0x0000000008003040       0x14 ./Drivers/STM32F3xx_HAL_Driver/Src/stm32f3xx_hal_tim_ex.o
                0x0000000008003040                HAL_TIMEx_BreakCallback
 .text.HAL_TIMEx_Break2Callback
                0x0000000008003054       0x14 ./Drivers/STM32F3xx_HAL_Driver/Src/stm32f3xx_hal_tim_ex.o
                0x0000000008003054                HAL_TIMEx_Break2Callback
 .text.HAL_UART_Init
                0x0000000008003068       0x9c ./Drivers/STM32F3xx_HAL_Driver/Src/stm32f3xx_hal_uart.o
                0x0000000008003068                HAL_UART_Init
 .text.HAL_UART_Transmit
                0x0000000008003104      0x114 ./Drivers/STM32F3xx_HAL_Driver/Src/stm32f3xx_hal_uart.o
                0x0000000008003104                HAL_UART_Transmit
 .text.HAL_UART_Receive
                0x0000000008003218      0x192 ./Drivers/STM32F3xx_HAL_Driver/Src/stm32f3xx_hal_uart.o
                0x0000000008003218                HAL_UART_Receive
 *fill*         0x00000000080033aa        0x2 
 .text.UART_SetConfig
                0x00000000080033ac      0x26c ./Drivers/STM32F3xx_HAL_Driver/Src/stm32f3xx_hal_uart.o
                0x00000000080033ac                UART_SetConfig
 .text.UART_AdvFeatureConfig
                0x0000000008003618      0x144 ./Drivers/STM32F3xx_HAL_Driver/Src/stm32f3xx_hal_uart.o
                0x0000000008003618                UART_AdvFeatureConfig
 .text.UART_CheckIdleState
                0x000000000800375c      0x150 ./Drivers/STM32F3xx_HAL_Driver/Src/stm32f3xx_hal_uart.o
                0x000000000800375c                UART_CheckIdleState
 .text.UART_WaitOnFlagUntilTimeout
                0x00000000080038ac       0xce ./Drivers/STM32F3xx_HAL_Driver/Src/stm32f3xx_hal_uart.o
                0x00000000080038ac                UART_WaitOnFlagUntilTimeout
 .text.UART_EndRxTransfer
                0x000000000800397a       0xc8 ./Drivers/STM32F3xx_HAL_Driver/Src/stm32f3xx_hal_uart.o
 .text.makeFreeRtosPriority
                0x0000000008003a42       0x30 ./Middlewares/Third_Party/FreeRTOS/Source/CMSIS_RTOS/cmsis_os.o
 .text.osKernelStart
                0x0000000008003a72        0xe ./Middlewares/Third_Party/FreeRTOS/Source/CMSIS_RTOS/cmsis_os.o
                0x0000000008003a72                osKernelStart
 .text.osThreadCreate
                0x0000000008003a80       0x4e ./Middlewares/Third_Party/FreeRTOS/Source/CMSIS_RTOS/cmsis_os.o
                0x0000000008003a80                osThreadCreate
 .text.osDelay  0x0000000008003ace       0x28 ./Middlewares/Third_Party/FreeRTOS/Source/CMSIS_RTOS/cmsis_os.o
                0x0000000008003ace                osDelay
 .text.vListInitialise
                0x0000000008003af6       0x40 ./Middlewares/Third_Party/FreeRTOS/Source/list.o
                0x0000000008003af6                vListInitialise
 .text.vListInitialiseItem
                0x0000000008003b36       0x1a ./Middlewares/Third_Party/FreeRTOS/Source/list.o
                0x0000000008003b36                vListInitialiseItem
 .text.vListInsertEnd
                0x0000000008003b50       0x48 ./Middlewares/Third_Party/FreeRTOS/Source/list.o
                0x0000000008003b50                vListInsertEnd
 .text.vListInsert
                0x0000000008003b98       0x72 ./Middlewares/Third_Party/FreeRTOS/Source/list.o
                0x0000000008003b98                vListInsert
 .text.uxListRemove
                0x0000000008003c0a       0x54 ./Middlewares/Third_Party/FreeRTOS/Source/list.o
                0x0000000008003c0a                uxListRemove
 *fill*         0x0000000008003c5e        0x2 
 .text.xQueueGenericReset
                0x0000000008003c60       0xd0 ./Middlewares/Third_Party/FreeRTOS/Source/queue.o
                0x0000000008003c60                xQueueGenericReset
 .text.xQueueGenericCreate
                0x0000000008003d30       0x74 ./Middlewares/Third_Party/FreeRTOS/Source/queue.o
                0x0000000008003d30                xQueueGenericCreate
 .text.prvInitialiseNewQueue
                0x0000000008003da4       0x3e ./Middlewares/Third_Party/FreeRTOS/Source/queue.o
 *fill*         0x0000000008003de2        0x2 
 .text.xQueueGenericSend
                0x0000000008003de4      0x1fc ./Middlewares/Third_Party/FreeRTOS/Source/queue.o
                0x0000000008003de4                xQueueGenericSend
 .text.xQueueGenericSendFromISR
                0x0000000008003fe0      0x130 ./Middlewares/Third_Party/FreeRTOS/Source/queue.o
                0x0000000008003fe0                xQueueGenericSendFromISR
 .text.xQueueGiveFromISR
                0x0000000008004110      0x11a ./Middlewares/Third_Party/FreeRTOS/Source/queue.o
                0x0000000008004110                xQueueGiveFromISR
 *fill*         0x000000000800422a        0x2 
 .text.xQueueReceive
                0x000000000800422c      0x1c0 ./Middlewares/Third_Party/FreeRTOS/Source/queue.o
                0x000000000800422c                xQueueReceive
 .text.xQueueSemaphoreTake
                0x00000000080043ec      0x218 ./Middlewares/Third_Party/FreeRTOS/Source/queue.o
                0x00000000080043ec                xQueueSemaphoreTake
 .text.prvGetDisinheritPriorityAfterTimeout
                0x0000000008004604       0x30 ./Middlewares/Third_Party/FreeRTOS/Source/queue.o
 .text.prvCopyDataToQueue
                0x0000000008004634       0xd4 ./Middlewares/Third_Party/FreeRTOS/Source/queue.o
 .text.prvCopyDataFromQueue
                0x0000000008004708       0x4c ./Middlewares/Third_Party/FreeRTOS/Source/queue.o
 .text.prvUnlockQueue
                0x0000000008004754       0xa4 ./Middlewares/Third_Party/FreeRTOS/Source/queue.o
 .text.prvIsQueueEmpty
                0x00000000080047f8       0x2c ./Middlewares/Third_Party/FreeRTOS/Source/queue.o
 .text.prvIsQueueFull
                0x0000000008004824       0x30 ./Middlewares/Third_Party/FreeRTOS/Source/queue.o
 .text.vQueueAddToRegistry
                0x0000000008004854       0x54 ./Middlewares/Third_Party/FreeRTOS/Source/queue.o
                0x0000000008004854                vQueueAddToRegistry
 .text.vQueueWaitForMessageRestricted
                0x00000000080048a8       0x68 ./Middlewares/Third_Party/FreeRTOS/Source/queue.o
                0x00000000080048a8                vQueueWaitForMessageRestricted
 .text.xTaskCreate
                0x0000000008004910       0x82 ./Middlewares/Third_Party/FreeRTOS/Source/tasks.o
                0x0000000008004910                xTaskCreate
 .text.prvInitialiseNewTask
                0x0000000008004992      0x104 ./Middlewares/Third_Party/FreeRTOS/Source/tasks.o
 *fill*         0x0000000008004a96        0x2 
 .text.prvAddNewTaskToReadyList
                0x0000000008004a98       0xd4 ./Middlewares/Third_Party/FreeRTOS/Source/tasks.o
 .text.vTaskDelay
                0x0000000008004b6c       0x68 ./Middlewares/Third_Party/FreeRTOS/Source/tasks.o
                0x0000000008004b6c                vTaskDelay
 .text.vTaskStartScheduler
                0x0000000008004bd4       0x9c ./Middlewares/Third_Party/FreeRTOS/Source/tasks.o
                0x0000000008004bd4                vTaskStartScheduler
 .text.vTaskSuspendAll
                0x0000000008004c70       0x1c ./Middlewares/Third_Party/FreeRTOS/Source/tasks.o
                0x0000000008004c70                vTaskSuspendAll
 .text.prvGetExpectedIdleTime
                0x0000000008004c8c       0x74 ./Middlewares/Third_Party/FreeRTOS/Source/tasks.o
 .text.xTaskResumeAll
                0x0000000008004d00      0x138 ./Middlewares/Third_Party/FreeRTOS/Source/tasks.o
                0x0000000008004d00                xTaskResumeAll
 .text.xTaskGetTickCount
                0x0000000008004e38       0x20 ./Middlewares/Third_Party/FreeRTOS/Source/tasks.o
                0x0000000008004e38                xTaskGetTickCount
 .text.xTaskIncrementTick
                0x0000000008004e58      0x18c ./Middlewares/Third_Party/FreeRTOS/Source/tasks.o
                0x0000000008004e58                xTaskIncrementTick
 .text.vTaskSwitchContext
                0x0000000008004fe4       0xb8 ./Middlewares/Third_Party/FreeRTOS/Source/tasks.o
                0x0000000008004fe4                vTaskSwitchContext
 .text.vTaskPlaceOnEventList
                0x000000000800509c       0x48 ./Middlewares/Third_Party/FreeRTOS/Source/tasks.o
                0x000000000800509c                vTaskPlaceOnEventList
 .text.vTaskPlaceOnEventListRestricted
                0x00000000080050e4       0x58 ./Middlewares/Third_Party/FreeRTOS/Source/tasks.o
                0x00000000080050e4                vTaskPlaceOnEventListRestricted
 .text.xTaskRemoveFromEventList
                0x000000000800513c       0xc8 ./Middlewares/Third_Party/FreeRTOS/Source/tasks.o
                0x000000000800513c                xTaskRemoveFromEventList
 .text.vTaskInternalSetTimeOutState
                0x0000000008005204       0x2c ./Middlewares/Third_Party/FreeRTOS/Source/tasks.o
                0x0000000008005204                vTaskInternalSetTimeOutState
 .text.xTaskCheckForTimeOut
                0x0000000008005230       0xc4 ./Middlewares/Third_Party/FreeRTOS/Source/tasks.o
                0x0000000008005230                xTaskCheckForTimeOut
 .text.vTaskMissedYield
                0x00000000080052f4       0x18 ./Middlewares/Third_Party/FreeRTOS/Source/tasks.o
                0x00000000080052f4                vTaskMissedYield
 .text.prvIdleTask
                0x000000000800530c       0x84 ./Middlewares/Third_Party/FreeRTOS/Source/tasks.o
 .text.prvInitialiseTaskLists
                0x0000000008005390       0x80 ./Middlewares/Third_Party/FreeRTOS/Source/tasks.o
 .text.prvCheckTasksWaitingTermination
                0x0000000008005410       0x5c ./Middlewares/Third_Party/FreeRTOS/Source/tasks.o
 .text.prvDeleteTCB
                0x000000000800546c       0x20 ./Middlewares/Third_Party/FreeRTOS/Source/tasks.o
 .text.prvResetNextTaskUnblockTime
                0x000000000800548c       0x4c ./Middlewares/Third_Party/FreeRTOS/Source/tasks.o
 .text.xTaskGetSchedulerState
                0x00000000080054d8       0x3c ./Middlewares/Third_Party/FreeRTOS/Source/tasks.o
                0x00000000080054d8                xTaskGetSchedulerState
 .text.xTaskPriorityInherit
                0x0000000008005514      0x10c ./Middlewares/Third_Party/FreeRTOS/Source/tasks.o
                0x0000000008005514                xTaskPriorityInherit
 .text.xTaskPriorityDisinherit
                0x0000000008005620      0x10c ./Middlewares/Third_Party/FreeRTOS/Source/tasks.o
                0x0000000008005620                xTaskPriorityDisinherit
 .text.vTaskPriorityDisinheritAfterTimeout
                0x000000000800572c      0x140 ./Middlewares/Third_Party/FreeRTOS/Source/tasks.o
                0x000000000800572c                vTaskPriorityDisinheritAfterTimeout
 .text.pvTaskIncrementMutexHeldCount
                0x000000000800586c       0x28 ./Middlewares/Third_Party/FreeRTOS/Source/tasks.o
                0x000000000800586c                pvTaskIncrementMutexHeldCount
 .text.prvAddCurrentTaskToDelayedList
                0x0000000008005894       0xcc ./Middlewares/Third_Party/FreeRTOS/Source/tasks.o
 .text.xTimerCreateTimerTask
                0x0000000008005960       0x64 ./Middlewares/Third_Party/FreeRTOS/Source/timers.o
                0x0000000008005960                xTimerCreateTimerTask
 .text.xTimerCreate
                0x00000000080059c4       0x3a ./Middlewares/Third_Party/FreeRTOS/Source/timers.o
                0x00000000080059c4                xTimerCreate
 .text.prvInitialiseNewTimer
                0x00000000080059fe       0x64 ./Middlewares/Third_Party/FreeRTOS/Source/timers.o
 *fill*         0x0000000008005a62        0x2 
 .text.xTimerGenericCommand
                0x0000000008005a64       0x9c ./Middlewares/Third_Party/FreeRTOS/Source/timers.o
                0x0000000008005a64                xTimerGenericCommand
 .text.prvProcessExpiredTimer
                0x0000000008005b00       0x80 ./Middlewares/Third_Party/FreeRTOS/Source/timers.o
 .text.prvTimerTask
                0x0000000008005b80       0x24 ./Middlewares/Third_Party/FreeRTOS/Source/timers.o
 .text.prvProcessTimerOrBlockTask
                0x0000000008005ba4       0x9c ./Middlewares/Third_Party/FreeRTOS/Source/timers.o
 .text.prvGetNextExpireTime
                0x0000000008005c40       0x48 ./Middlewares/Third_Party/FreeRTOS/Source/timers.o
 .text.prvSampleTimeNow
                0x0000000008005c88       0x40 ./Middlewares/Third_Party/FreeRTOS/Source/timers.o
 .text.prvInsertTimerInActiveList
                0x0000000008005cc8       0x84 ./Middlewares/Third_Party/FreeRTOS/Source/timers.o
 .text.prvProcessReceivedCommands
                0x0000000008005d4c      0x128 ./Middlewares/Third_Party/FreeRTOS/Source/timers.o
 .text.prvSwitchTimerLists
                0x0000000008005e74       0xc4 ./Middlewares/Third_Party/FreeRTOS/Source/timers.o
 .text.prvCheckForValidListAndQueue
                0x0000000008005f38       0x6c ./Middlewares/Third_Party/FreeRTOS/Source/timers.o
 .text.pvTimerGetTimerID
                0x0000000008005fa4       0x40 ./Middlewares/Third_Party/FreeRTOS/Source/timers.o
                0x0000000008005fa4                pvTimerGetTimerID
 .text.vTimerSetTimerID
                0x0000000008005fe4       0x40 ./Middlewares/Third_Party/FreeRTOS/Source/timers.o
                0x0000000008005fe4                vTimerSetTimerID
 .text.pxPortInitialiseStack
                0x0000000008006024       0x68 ./Middlewares/Third_Party/FreeRTOS/Source/portable/GCC/ARM_CM4F/port.o
                0x0000000008006024                pxPortInitialiseStack
 .text.prvTaskExitError
                0x000000000800608c       0x58 ./Middlewares/Third_Party/FreeRTOS/Source/portable/GCC/ARM_CM4F/port.o
 *fill*         0x00000000080060e4        0xc 
 .text.SVC_Handler
                0x00000000080060f0       0x28 ./Middlewares/Third_Party/FreeRTOS/Source/portable/GCC/ARM_CM4F/port.o
                0x00000000080060f0                SVC_Handler
 .text.prvPortStartFirstTask
                0x0000000008006118       0x28 ./Middlewares/Third_Party/FreeRTOS/Source/portable/GCC/ARM_CM4F/port.o
 .text.xPortStartScheduler
                0x0000000008006140      0x144 ./Middlewares/Third_Party/FreeRTOS/Source/portable/GCC/ARM_CM4F/port.o
                0x0000000008006140                xPortStartScheduler
 .text.vPortEnterCritical
                0x0000000008006284       0x60 ./Middlewares/Third_Party/FreeRTOS/Source/portable/GCC/ARM_CM4F/port.o
                0x0000000008006284                vPortEnterCritical
 .text.vPortExitCritical
                0x00000000080062e4       0x54 ./Middlewares/Third_Party/FreeRTOS/Source/portable/GCC/ARM_CM4F/port.o
                0x00000000080062e4                vPortExitCritical
 *fill*         0x0000000008006338        0x8 
 .text.PendSV_Handler
                0x0000000008006340       0x68 ./Middlewares/Third_Party/FreeRTOS/Source/portable/GCC/ARM_CM4F/port.o
                0x0000000008006340                PendSV_Handler
 .text.SysTick_Handler
                0x00000000080063a8       0x44 ./Middlewares/Third_Party/FreeRTOS/Source/portable/GCC/ARM_CM4F/port.o
                0x00000000080063a8                SysTick_Handler
 .text.vPortSetupTimerInterrupt
                0x00000000080063ec       0x48 ./Middlewares/Third_Party/FreeRTOS/Source/portable/GCC/ARM_CM4F/port.o
                0x00000000080063ec                vPortSetupTimerInterrupt
 .text.vPortEnableVFP
                0x0000000008006434       0x14 ./Middlewares/Third_Party/FreeRTOS/Source/portable/GCC/ARM_CM4F/port.o
 .text.vPortValidateInterruptPriority
                0x0000000008006448       0x80 ./Middlewares/Third_Party/FreeRTOS/Source/portable/GCC/ARM_CM4F/port.o
                0x0000000008006448                vPortValidateInterruptPriority
 .text.pvPortMalloc
                0x00000000080064c8      0x188 ./Middlewares/Third_Party/FreeRTOS/Source/portable/MemMang/heap_4.o
                0x00000000080064c8                pvPortMalloc
 .text.vPortFree
                0x0000000008006650       0xb4 ./Middlewares/Third_Party/FreeRTOS/Source/portable/MemMang/heap_4.o
                0x0000000008006650                vPortFree
 .text.prvHeapInit
                0x0000000008006704       0xc4 ./Middlewares/Third_Party/FreeRTOS/Source/portable/MemMang/heap_4.o
 .text.prvInsertBlockIntoFreeList
                0x00000000080067c8       0xb4 ./Middlewares/Third_Party/FreeRTOS/Source/portable/MemMang/heap_4.o
 .text.__libc_init_array
                0x000000000800687c       0x48 e:/programs/stm_cube_ide/stm32cubeide_1.9.0/stm32cubeide/plugins/com.st.stm32cube.ide.mcu.externaltools.gnu-tools-for-stm32.10.3-2021.10.win32_1.0.0.202111181127/tools/bin/../lib/gcc/arm-none-eabi/10.3.1/../../../../arm-none-eabi/lib/thumb/v7e-m+fp/hard\libc_nano.a(lib_a-init.o)
                0x000000000800687c                __libc_init_array
 .text.memcpy   0x00000000080068c4       0x1c e:/programs/stm_cube_ide/stm32cubeide_1.9.0/stm32cubeide/plugins/com.st.stm32cube.ide.mcu.externaltools.gnu-tools-for-stm32.10.3-2021.10.win32_1.0.0.202111181127/tools/bin/../lib/gcc/arm-none-eabi/10.3.1/../../../../arm-none-eabi/lib/thumb/v7e-m+fp/hard\libc_nano.a(lib_a-memcpy-stub.o)
                0x00000000080068c4                memcpy
 .text.memset   0x00000000080068e0       0x10 e:/programs/stm_cube_ide/stm32cubeide_1.9.0/stm32cubeide/plugins/com.st.stm32cube.ide.mcu.externaltools.gnu-tools-for-stm32.10.3-2021.10.win32_1.0.0.202111181127/tools/bin/../lib/gcc/arm-none-eabi/10.3.1/../../../../arm-none-eabi/lib/thumb/v7e-m+fp/hard\libc_nano.a(lib_a-memset.o)
                0x00000000080068e0                memset
 *(.glue_7)
 .glue_7        0x00000000080068f0        0x0 linker stubs
 *(.glue_7t)
 .glue_7t       0x00000000080068f0        0x0 linker stubs
 *(.eh_frame)
 .eh_frame      0x00000000080068f0        0x0 e:/programs/stm_cube_ide/stm32cubeide_1.9.0/stm32cubeide/plugins/com.st.stm32cube.ide.mcu.externaltools.gnu-tools-for-stm32.10.3-2021.10.win32_1.0.0.202111181127/tools/bin/../lib/gcc/arm-none-eabi/10.3.1/thumb/v7e-m+fp/hard/crtbegin.o
 *(.init)
 .init          0x00000000080068f0        0x4 e:/programs/stm_cube_ide/stm32cubeide_1.9.0/stm32cubeide/plugins/com.st.stm32cube.ide.mcu.externaltools.gnu-tools-for-stm32.10.3-2021.10.win32_1.0.0.202111181127/tools/bin/../lib/gcc/arm-none-eabi/10.3.1/thumb/v7e-m+fp/hard/crti.o
                0x00000000080068f0                _init
 .init          0x00000000080068f4        0x8 e:/programs/stm_cube_ide/stm32cubeide_1.9.0/stm32cubeide/plugins/com.st.stm32cube.ide.mcu.externaltools.gnu-tools-for-stm32.10.3-2021.10.win32_1.0.0.202111181127/tools/bin/../lib/gcc/arm-none-eabi/10.3.1/thumb/v7e-m+fp/hard/crtn.o
 *(.fini)
 .fini          0x00000000080068fc        0x4 e:/programs/stm_cube_ide/stm32cubeide_1.9.0/stm32cubeide/plugins/com.st.stm32cube.ide.mcu.externaltools.gnu-tools-for-stm32.10.3-2021.10.win32_1.0.0.202111181127/tools/bin/../lib/gcc/arm-none-eabi/10.3.1/thumb/v7e-m+fp/hard/crti.o
                0x00000000080068fc                _fini
 .fini          0x0000000008006900        0x8 e:/programs/stm_cube_ide/stm32cubeide_1.9.0/stm32cubeide/plugins/com.st.stm32cube.ide.mcu.externaltools.gnu-tools-for-stm32.10.3-2021.10.win32_1.0.0.202111181127/tools/bin/../lib/gcc/arm-none-eabi/10.3.1/thumb/v7e-m+fp/hard/crtn.o
                0x0000000008006908                . = ALIGN (0x4)
                0x0000000008006908                _etext = .

.vfp11_veneer   0x0000000008006908        0x0
 .vfp11_veneer  0x0000000008006908        0x0 linker stubs

.v4_bx          0x0000000008006908        0x0
 .v4_bx         0x0000000008006908        0x0 linker stubs

.iplt           0x0000000008006908        0x0
 .iplt          0x0000000008006908        0x0 e:/programs/stm_cube_ide/stm32cubeide_1.9.0/stm32cubeide/plugins/com.st.stm32cube.ide.mcu.externaltools.gnu-tools-for-stm32.10.3-2021.10.win32_1.0.0.202111181127/tools/bin/../lib/gcc/arm-none-eabi/10.3.1/thumb/v7e-m+fp/hard/crtbegin.o

.rodata         0x0000000008006908       0xc0
                0x0000000008006908                . = ALIGN (0x4)
 *(.rodata)
 .rodata        0x0000000008006908       0x6f ./Core/Src/main.o
 *fill*         0x0000000008006977        0x1 
 .rodata        0x0000000008006978        0x5 ./Middlewares/Third_Party/FreeRTOS/Source/tasks.o
 *fill*         0x000000000800697d        0x3 
 .rodata        0x0000000008006980        0xd ./Middlewares/Third_Party/FreeRTOS/Source/timers.o
 *(.rodata*)
 *fill*         0x000000000800698d        0x3 
 .rodata.AHBPrescTable
                0x0000000008006990       0x10 ./Core/Src/system_stm32f3xx.o
                0x0000000008006990                AHBPrescTable
 .rodata.APBPrescTable
                0x00000000080069a0        0x8 ./Core/Src/system_stm32f3xx.o
                0x00000000080069a0                APBPrescTable
 .rodata.aPLLMULFactorTable
                0x00000000080069a8       0x10 ./Drivers/STM32F3xx_HAL_Driver/Src/stm32f3xx_hal_rcc.o
 .rodata.aPredivFactorTable
                0x00000000080069b8       0x10 ./Drivers/STM32F3xx_HAL_Driver/Src/stm32f3xx_hal_rcc.o
                0x00000000080069c8                . = ALIGN (0x4)

.rel.dyn        0x00000000080069c8        0x0
 .rel.iplt      0x00000000080069c8        0x0 e:/programs/stm_cube_ide/stm32cubeide_1.9.0/stm32cubeide/plugins/com.st.stm32cube.ide.mcu.externaltools.gnu-tools-for-stm32.10.3-2021.10.win32_1.0.0.202111181127/tools/bin/../lib/gcc/arm-none-eabi/10.3.1/thumb/v7e-m+fp/hard/crtbegin.o

.ARM.extab      0x00000000080069c8        0x0
                0x00000000080069c8                . = ALIGN (0x4)
 *(.ARM.extab* .gnu.linkonce.armextab.*)
                0x00000000080069c8                . = ALIGN (0x4)

.ARM            0x00000000080069c8        0x0
                0x00000000080069c8                . = ALIGN (0x4)
                0x00000000080069c8                __exidx_start = .
 *(.ARM.exidx*)
                0x00000000080069c8                __exidx_end = .
                0x00000000080069c8                . = ALIGN (0x4)

.preinit_array  0x00000000080069c8        0x0
                0x00000000080069c8                . = ALIGN (0x4)
                0x00000000080069c8                PROVIDE (__preinit_array_start = .)
 *(.preinit_array*)
                0x00000000080069c8                PROVIDE (__preinit_array_end = .)
                0x00000000080069c8                . = ALIGN (0x4)

.init_array     0x00000000080069c8        0x4
                0x00000000080069c8                . = ALIGN (0x4)
                0x00000000080069c8                PROVIDE (__init_array_start = .)
 *(SORT_BY_NAME(.init_array.*))
 *(.init_array*)
 .init_array    0x00000000080069c8        0x4 e:/programs/stm_cube_ide/stm32cubeide_1.9.0/stm32cubeide/plugins/com.st.stm32cube.ide.mcu.externaltools.gnu-tools-for-stm32.10.3-2021.10.win32_1.0.0.202111181127/tools/bin/../lib/gcc/arm-none-eabi/10.3.1/thumb/v7e-m+fp/hard/crtbegin.o
                0x00000000080069cc                PROVIDE (__init_array_end = .)
                0x00000000080069cc                . = ALIGN (0x4)

.fini_array     0x00000000080069cc        0x4
                0x00000000080069cc                . = ALIGN (0x4)
                [!provide]                        PROVIDE (__fini_array_start = .)
 *(SORT_BY_NAME(.fini_array.*))
 *(.fini_array*)
 .fini_array    0x00000000080069cc        0x4 e:/programs/stm_cube_ide/stm32cubeide_1.9.0/stm32cubeide/plugins/com.st.stm32cube.ide.mcu.externaltools.gnu-tools-for-stm32.10.3-2021.10.win32_1.0.0.202111181127/tools/bin/../lib/gcc/arm-none-eabi/10.3.1/thumb/v7e-m+fp/hard/crtbegin.o
                [!provide]                        PROVIDE (__fini_array_end = .)
                0x00000000080069d0                . = ALIGN (0x4)
                0x00000000080069d0                _sidata = LOADADDR (.data)

.data           0x0000000020000000       0x10 load address 0x00000000080069d0
                0x0000000020000000                . = ALIGN (0x4)
                0x0000000020000000                _sdata = .
 *(.data)
 *(.data*)
 .data.SystemCoreClock
                0x0000000020000000        0x4 ./Core/Src/system_stm32f3xx.o
                0x0000000020000000                SystemCoreClock
 .data.uwTickPrio
                0x0000000020000004        0x4 ./Drivers/STM32F3xx_HAL_Driver/Src/stm32f3xx_hal.o
                0x0000000020000004                uwTickPrio
 .data.uwTickFreq
                0x0000000020000008        0x1 ./Drivers/STM32F3xx_HAL_Driver/Src/stm32f3xx_hal.o
                0x0000000020000008                uwTickFreq
 *fill*         0x0000000020000009        0x3 
 .data.uxCriticalNesting
                0x000000002000000c        0x4 ./Middlewares/Third_Party/FreeRTOS/Source/portable/GCC/ARM_CM4F/port.o
 *(.RamFunc)
 *(.RamFunc*)
                0x0000000020000010                . = ALIGN (0x4)
                0x0000000020000010                _edata = .

.igot.plt       0x0000000020000010        0x0 load address 0x00000000080069e0
 .igot.plt      0x0000000020000010        0x0 e:/programs/stm_cube_ide/stm32cubeide_1.9.0/stm32cubeide/plugins/com.st.stm32cube.ide.mcu.externaltools.gnu-tools-for-stm32.10.3-2021.10.win32_1.0.0.202111181127/tools/bin/../lib/gcc/arm-none-eabi/10.3.1/thumb/v7e-m+fp/hard/crtbegin.o
                0x0000000020000010                . = ALIGN (0x4)

.bss            0x0000000020000010     0x1334 load address 0x00000000080069e0
                0x0000000020000010                _sbss = .
                0x0000000020000010                __bss_start__ = _sbss
 *(.bss)
 .bss           0x0000000020000010       0x1c e:/programs/stm_cube_ide/stm32cubeide_1.9.0/stm32cubeide/plugins/com.st.stm32cube.ide.mcu.externaltools.gnu-tools-for-stm32.10.3-2021.10.win32_1.0.0.202111181127/tools/bin/../lib/gcc/arm-none-eabi/10.3.1/thumb/v7e-m+fp/hard/crtbegin.o
 *(.bss*)
 .bss.hi2c1     0x000000002000002c       0x54 ./Core/Src/main.o
                0x000000002000002c                hi2c1
 .bss.huart1    0x0000000020000080       0x88 ./Core/Src/main.o
                0x0000000020000080                huart1
 .bss.defaultTaskHandle
                0x0000000020000108        0x4 ./Core/Src/main.o
                0x0000000020000108                defaultTaskHandle
 .bss.buffer    0x000000002000010c       0x1c ./Core/Src/main.o
                0x000000002000010c                buffer
 .bss.Semaphore1
                0x0000000020000128        0x4 ./Core/Src/main.o
                0x0000000020000128                Semaphore1
 .bss.htim2     0x000000002000012c       0x4c ./Core/Src/stm32f3xx_hal_timebase_tim.o
                0x000000002000012c                htim2
 .bss.uwTick    0x0000000020000178        0x4 ./Drivers/STM32F3xx_HAL_Driver/Src/stm32f3xx_hal.o
                0x0000000020000178                uwTick
 .bss.xQueueRegistry
                0x000000002000017c       0x40 ./Middlewares/Third_Party/FreeRTOS/Source/queue.o
                0x000000002000017c                xQueueRegistry
 .bss.pxCurrentTCB
                0x00000000200001bc        0x4 ./Middlewares/Third_Party/FreeRTOS/Source/tasks.o
                0x00000000200001bc                pxCurrentTCB
 .bss.pxReadyTasksLists
                0x00000000200001c0       0x8c ./Middlewares/Third_Party/FreeRTOS/Source/tasks.o
 .bss.xDelayedTaskList1
                0x000000002000024c       0x14 ./Middlewares/Third_Party/FreeRTOS/Source/tasks.o
 .bss.xDelayedTaskList2
                0x0000000020000260       0x14 ./Middlewares/Third_Party/FreeRTOS/Source/tasks.o
 .bss.pxDelayedTaskList
                0x0000000020000274        0x4 ./Middlewares/Third_Party/FreeRTOS/Source/tasks.o
 .bss.pxOverflowDelayedTaskList
                0x0000000020000278        0x4 ./Middlewares/Third_Party/FreeRTOS/Source/tasks.o
 .bss.xPendingReadyList
                0x000000002000027c       0x14 ./Middlewares/Third_Party/FreeRTOS/Source/tasks.o
 .bss.xTasksWaitingTermination
                0x0000000020000290       0x14 ./Middlewares/Third_Party/FreeRTOS/Source/tasks.o
 .bss.uxDeletedTasksWaitingCleanUp
                0x00000000200002a4        0x4 ./Middlewares/Third_Party/FreeRTOS/Source/tasks.o
 .bss.xSuspendedTaskList
                0x00000000200002a8       0x14 ./Middlewares/Third_Party/FreeRTOS/Source/tasks.o
 .bss.uxCurrentNumberOfTasks
                0x00000000200002bc        0x4 ./Middlewares/Third_Party/FreeRTOS/Source/tasks.o
 .bss.xTickCount
                0x00000000200002c0        0x4 ./Middlewares/Third_Party/FreeRTOS/Source/tasks.o
 .bss.uxTopReadyPriority
                0x00000000200002c4        0x4 ./Middlewares/Third_Party/FreeRTOS/Source/tasks.o
 .bss.xSchedulerRunning
                0x00000000200002c8        0x4 ./Middlewares/Third_Party/FreeRTOS/Source/tasks.o
 .bss.uxPendedTicks
                0x00000000200002cc        0x4 ./Middlewares/Third_Party/FreeRTOS/Source/tasks.o
 .bss.xYieldPending
                0x00000000200002d0        0x4 ./Middlewares/Third_Party/FreeRTOS/Source/tasks.o
 .bss.xNumOfOverflows
                0x00000000200002d4        0x4 ./Middlewares/Third_Party/FreeRTOS/Source/tasks.o
 .bss.uxTaskNumber
                0x00000000200002d8        0x4 ./Middlewares/Third_Party/FreeRTOS/Source/tasks.o
 .bss.xNextTaskUnblockTime
                0x00000000200002dc        0x4 ./Middlewares/Third_Party/FreeRTOS/Source/tasks.o
 .bss.xIdleTaskHandle
                0x00000000200002e0        0x4 ./Middlewares/Third_Party/FreeRTOS/Source/tasks.o
 .bss.uxSchedulerSuspended
                0x00000000200002e4        0x4 ./Middlewares/Third_Party/FreeRTOS/Source/tasks.o
 .bss.xActiveTimerList1
                0x00000000200002e8       0x14 ./Middlewares/Third_Party/FreeRTOS/Source/timers.o
 .bss.xActiveTimerList2
                0x00000000200002fc       0x14 ./Middlewares/Third_Party/FreeRTOS/Source/timers.o
 .bss.pxCurrentTimerList
                0x0000000020000310        0x4 ./Middlewares/Third_Party/FreeRTOS/Source/timers.o
 .bss.pxOverflowTimerList
                0x0000000020000314        0x4 ./Middlewares/Third_Party/FreeRTOS/Source/timers.o
 .bss.xTimerQueue
                0x0000000020000318        0x4 ./Middlewares/Third_Party/FreeRTOS/Source/timers.o
 .bss.xTimerTaskHandle
                0x000000002000031c        0x4 ./Middlewares/Third_Party/FreeRTOS/Source/timers.o
 .bss.xLastTime.0
                0x0000000020000320        0x4 ./Middlewares/Third_Party/FreeRTOS/Source/timers.o
 .bss.ucMaxSysCallPriority
                0x0000000020000324        0x1 ./Middlewares/Third_Party/FreeRTOS/Source/portable/GCC/ARM_CM4F/port.o
 *fill*         0x0000000020000325        0x3 
 .bss.ulMaxPRIGROUPValue
                0x0000000020000328        0x4 ./Middlewares/Third_Party/FreeRTOS/Source/portable/GCC/ARM_CM4F/port.o
 .bss.ucHeap    0x000000002000032c     0x1000 ./Middlewares/Third_Party/FreeRTOS/Source/portable/MemMang/heap_4.o
 .bss.xStart    0x000000002000132c        0x8 ./Middlewares/Third_Party/FreeRTOS/Source/portable/MemMang/heap_4.o
 .bss.pxEnd     0x0000000020001334        0x4 ./Middlewares/Third_Party/FreeRTOS/Source/portable/MemMang/heap_4.o
 .bss.xFreeBytesRemaining
                0x0000000020001338        0x4 ./Middlewares/Third_Party/FreeRTOS/Source/portable/MemMang/heap_4.o
 .bss.xMinimumEverFreeBytesRemaining
                0x000000002000133c        0x4 ./Middlewares/Third_Party/FreeRTOS/Source/portable/MemMang/heap_4.o
 .bss.xBlockAllocatedBit
                0x0000000020001340        0x4 ./Middlewares/Third_Party/FreeRTOS/Source/portable/MemMang/heap_4.o
 *(COMMON)
                0x0000000020001344                . = ALIGN (0x4)
                0x0000000020001344                _ebss = .
                0x0000000020001344                __bss_end__ = _ebss

._user_heap_stack
                0x0000000020001344      0x604 load address 0x00000000080069e0
                0x0000000020001348                . = ALIGN (0x8)
 *fill*         0x0000000020001344        0x4 
                [!provide]                        PROVIDE (end = .)
                0x0000000020001348                PROVIDE (_end = .)
                0x0000000020001548                . = (. + _Min_Heap_Size)
 *fill*         0x0000000020001348      0x200 
                0x0000000020001948                . = (. + _Min_Stack_Size)
 *fill*         0x0000000020001548      0x400 
                0x0000000020001948                . = ALIGN (0x8)

/DISCARD/
 libc.a(*)
 libm.a(*)
 libgcc.a(*)

.ARM.attributes
                0x0000000000000000       0x30
 *(.ARM.attributes)
 .ARM.attributes
                0x0000000000000000       0x1e e:/programs/stm_cube_ide/stm32cubeide_1.9.0/stm32cubeide/plugins/com.st.stm32cube.ide.mcu.externaltools.gnu-tools-for-stm32.10.3-2021.10.win32_1.0.0.202111181127/tools/bin/../lib/gcc/arm-none-eabi/10.3.1/thumb/v7e-m+fp/hard/crti.o
 .ARM.attributes
                0x000000000000001e       0x34 e:/programs/stm_cube_ide/stm32cubeide_1.9.0/stm32cubeide/plugins/com.st.stm32cube.ide.mcu.externaltools.gnu-tools-for-stm32.10.3-2021.10.win32_1.0.0.202111181127/tools/bin/../lib/gcc/arm-none-eabi/10.3.1/thumb/v7e-m+fp/hard/crtbegin.o
 .ARM.attributes
                0x0000000000000052       0x34 ./Core/Src/freertos.o
 .ARM.attributes
                0x0000000000000086       0x34 ./Core/Src/main.o
 .ARM.attributes
                0x00000000000000ba       0x34 ./Core/Src/stm32f3xx_hal_msp.o
 .ARM.attributes
                0x00000000000000ee       0x34 ./Core/Src/stm32f3xx_hal_timebase_tim.o
 .ARM.attributes
                0x0000000000000122       0x34 ./Core/Src/stm32f3xx_it.o
 .ARM.attributes
                0x0000000000000156       0x34 ./Core/Src/system_stm32f3xx.o
 .ARM.attributes
                0x000000000000018a       0x21 ./Core/Startup/startup_stm32f302r8tx.o
 .ARM.attributes
                0x00000000000001ab       0x34 ./Drivers/STM32F3xx_HAL_Driver/Src/stm32f3xx_hal.o
 .ARM.attributes
                0x00000000000001df       0x34 ./Drivers/STM32F3xx_HAL_Driver/Src/stm32f3xx_hal_cortex.o
 .ARM.attributes
                0x0000000000000213       0x34 ./Drivers/STM32F3xx_HAL_Driver/Src/stm32f3xx_hal_gpio.o
 .ARM.attributes
                0x0000000000000247       0x34 ./Drivers/STM32F3xx_HAL_Driver/Src/stm32f3xx_hal_i2c.o
 .ARM.attributes
                0x000000000000027b       0x34 ./Drivers/STM32F3xx_HAL_Driver/Src/stm32f3xx_hal_i2c_ex.o
 .ARM.attributes
                0x00000000000002af       0x34 ./Drivers/STM32F3xx_HAL_Driver/Src/stm32f3xx_hal_rcc.o
 .ARM.attributes
                0x00000000000002e3       0x34 ./Drivers/STM32F3xx_HAL_Driver/Src/stm32f3xx_hal_rcc_ex.o
 .ARM.attributes
                0x0000000000000317       0x34 ./Drivers/STM32F3xx_HAL_Driver/Src/stm32f3xx_hal_tim.o
 .ARM.attributes
                0x000000000000034b       0x34 ./Drivers/STM32F3xx_HAL_Driver/Src/stm32f3xx_hal_tim_ex.o
 .ARM.attributes
                0x000000000000037f       0x34 ./Drivers/STM32F3xx_HAL_Driver/Src/stm32f3xx_hal_uart.o
 .ARM.attributes
                0x00000000000003b3       0x34 ./Middlewares/Third_Party/FreeRTOS/Source/CMSIS_RTOS/cmsis_os.o
 .ARM.attributes
                0x00000000000003e7       0x34 ./Middlewares/Third_Party/FreeRTOS/Source/list.o
 .ARM.attributes
                0x000000000000041b       0x34 ./Middlewares/Third_Party/FreeRTOS/Source/queue.o
 .ARM.attributes
                0x000000000000044f       0x34 ./Middlewares/Third_Party/FreeRTOS/Source/tasks.o
 .ARM.attributes
                0x0000000000000483       0x34 ./Middlewares/Third_Party/FreeRTOS/Source/timers.o
 .ARM.attributes
                0x00000000000004b7       0x34 ./Middlewares/Third_Party/FreeRTOS/Source/portable/GCC/ARM_CM4F/port.o
 .ARM.attributes
                0x00000000000004eb       0x34 ./Middlewares/Third_Party/FreeRTOS/Source/portable/MemMang/heap_4.o
 .ARM.attributes
                0x000000000000051f       0x34 e:/programs/stm_cube_ide/stm32cubeide_1.9.0/stm32cubeide/plugins/com.st.stm32cube.ide.mcu.externaltools.gnu-tools-for-stm32.10.3-2021.10.win32_1.0.0.202111181127/tools/bin/../lib/gcc/arm-none-eabi/10.3.1/../../../../arm-none-eabi/lib/thumb/v7e-m+fp/hard\libc_nano.a(lib_a-init.o)
 .ARM.attributes
                0x0000000000000553       0x34 e:/programs/stm_cube_ide/stm32cubeide_1.9.0/stm32cubeide/plugins/com.st.stm32cube.ide.mcu.externaltools.gnu-tools-for-stm32.10.3-2021.10.win32_1.0.0.202111181127/tools/bin/../lib/gcc/arm-none-eabi/10.3.1/../../../../arm-none-eabi/lib/thumb/v7e-m+fp/hard\libc_nano.a(lib_a-memcpy-stub.o)
 .ARM.attributes
                0x0000000000000587       0x34 e:/programs/stm_cube_ide/stm32cubeide_1.9.0/stm32cubeide/plugins/com.st.stm32cube.ide.mcu.externaltools.gnu-tools-for-stm32.10.3-2021.10.win32_1.0.0.202111181127/tools/bin/../lib/gcc/arm-none-eabi/10.3.1/../../../../arm-none-eabi/lib/thumb/v7e-m+fp/hard\libc_nano.a(lib_a-memset.o)
 .ARM.attributes
                0x00000000000005bb       0x1e e:/programs/stm_cube_ide/stm32cubeide_1.9.0/stm32cubeide/plugins/com.st.stm32cube.ide.mcu.externaltools.gnu-tools-for-stm32.10.3-2021.10.win32_1.0.0.202111181127/tools/bin/../lib/gcc/arm-none-eabi/10.3.1/thumb/v7e-m+fp/hard/crtn.o
OUTPUT(freeRTOS_tasks1_F302.elf elf32-littlearm)
LOAD linker stubs
LOAD e:/programs/stm_cube_ide/stm32cubeide_1.9.0/stm32cubeide/plugins/com.st.stm32cube.ide.mcu.externaltools.gnu-tools-for-stm32.10.3-2021.10.win32_1.0.0.202111181127/tools/bin/../lib/gcc/arm-none-eabi/10.3.1/../../../../arm-none-eabi/lib/thumb/v7e-m+fp/hard\libc.a
LOAD e:/programs/stm_cube_ide/stm32cubeide_1.9.0/stm32cubeide/plugins/com.st.stm32cube.ide.mcu.externaltools.gnu-tools-for-stm32.10.3-2021.10.win32_1.0.0.202111181127/tools/bin/../lib/gcc/arm-none-eabi/10.3.1/../../../../arm-none-eabi/lib/thumb/v7e-m+fp/hard\libm.a
LOAD e:/programs/stm_cube_ide/stm32cubeide_1.9.0/stm32cubeide/plugins/com.st.stm32cube.ide.mcu.externaltools.gnu-tools-for-stm32.10.3-2021.10.win32_1.0.0.202111181127/tools/bin/../lib/gcc/arm-none-eabi/10.3.1/thumb/v7e-m+fp/hard\libgcc.a

.debug_info     0x0000000000000000    0x18542
 .debug_info    0x0000000000000000       0xec ./Core/Src/freertos.o
 .debug_info    0x00000000000000ec     0x1c8e ./Core/Src/main.o
 .debug_info    0x0000000000001d7a      0xea6 ./Core/Src/stm32f3xx_hal_msp.o
 .debug_info    0x0000000000002c20      0xa74 ./Core/Src/stm32f3xx_hal_timebase_tim.o
 .debug_info    0x0000000000003694      0x733 ./Core/Src/stm32f3xx_it.o
 .debug_info    0x0000000000003dc7      0x416 ./Core/Src/system_stm32f3xx.o
 .debug_info    0x00000000000041dd       0x22 ./Core/Startup/startup_stm32f302r8tx.o
 .debug_info    0x00000000000041ff      0x7a7 ./Drivers/STM32F3xx_HAL_Driver/Src/stm32f3xx_hal.o
 .debug_info    0x00000000000049a6      0xb4a ./Drivers/STM32F3xx_HAL_Driver/Src/stm32f3xx_hal_cortex.o
 .debug_info    0x00000000000054f0      0x68a ./Drivers/STM32F3xx_HAL_Driver/Src/stm32f3xx_hal_gpio.o
 .debug_info    0x0000000000005b7a     0x226b ./Drivers/STM32F3xx_HAL_Driver/Src/stm32f3xx_hal_i2c.o
 .debug_info    0x0000000000007de5      0x8ab ./Drivers/STM32F3xx_HAL_Driver/Src/stm32f3xx_hal_i2c_ex.o
 .debug_info    0x0000000000008690     0x1585 ./Drivers/STM32F3xx_HAL_Driver/Src/stm32f3xx_hal_rcc.o
 .debug_info    0x0000000000009c15      0x5d9 ./Drivers/STM32F3xx_HAL_Driver/Src/stm32f3xx_hal_rcc_ex.o
 .debug_info    0x000000000000a1ee     0x2cdb ./Drivers/STM32F3xx_HAL_Driver/Src/stm32f3xx_hal_tim.o
 .debug_info    0x000000000000cec9     0x16a8 ./Drivers/STM32F3xx_HAL_Driver/Src/stm32f3xx_hal_tim_ex.o
 .debug_info    0x000000000000e571     0x3bf8 ./Drivers/STM32F3xx_HAL_Driver/Src/stm32f3xx_hal_uart.o
 .debug_info    0x0000000000012169     0x187f ./Middlewares/Third_Party/FreeRTOS/Source/CMSIS_RTOS/cmsis_os.o
 .debug_info    0x00000000000139e8      0x2cb ./Middlewares/Third_Party/FreeRTOS/Source/list.o
 .debug_info    0x0000000000013cb3     0x1617 ./Middlewares/Third_Party/FreeRTOS/Source/queue.o
 .debug_info    0x00000000000152ca     0x1c07 ./Middlewares/Third_Party/FreeRTOS/Source/tasks.o
 .debug_info    0x0000000000016ed1      0xd82 ./Middlewares/Third_Party/FreeRTOS/Source/timers.o
 .debug_info    0x0000000000017c53      0x507 ./Middlewares/Third_Party/FreeRTOS/Source/portable/GCC/ARM_CM4F/port.o
 .debug_info    0x000000000001815a      0x3e8 ./Middlewares/Third_Party/FreeRTOS/Source/portable/MemMang/heap_4.o

.debug_abbrev   0x0000000000000000     0x337b
 .debug_abbrev  0x0000000000000000       0x83 ./Core/Src/freertos.o
 .debug_abbrev  0x0000000000000083      0x32e ./Core/Src/main.o
 .debug_abbrev  0x00000000000003b1      0x1af ./Core/Src/stm32f3xx_hal_msp.o
 .debug_abbrev  0x0000000000000560      0x1d3 ./Core/Src/stm32f3xx_hal_timebase_tim.o
 .debug_abbrev  0x0000000000000733      0x171 ./Core/Src/stm32f3xx_it.o
 .debug_abbrev  0x00000000000008a4      0x116 ./Core/Src/system_stm32f3xx.o
 .debug_abbrev  0x00000000000009ba       0x12 ./Core/Startup/startup_stm32f302r8tx.o
 .debug_abbrev  0x00000000000009cc      0x20e ./Drivers/STM32F3xx_HAL_Driver/Src/stm32f3xx_hal.o
 .debug_abbrev  0x0000000000000bda      0x2ed ./Drivers/STM32F3xx_HAL_Driver/Src/stm32f3xx_hal_cortex.o
 .debug_abbrev  0x0000000000000ec7      0x1bb ./Drivers/STM32F3xx_HAL_Driver/Src/stm32f3xx_hal_gpio.o
 .debug_abbrev  0x0000000000001082      0x24a ./Drivers/STM32F3xx_HAL_Driver/Src/stm32f3xx_hal_i2c.o
 .debug_abbrev  0x00000000000012cc      0x1b0 ./Drivers/STM32F3xx_HAL_Driver/Src/stm32f3xx_hal_i2c_ex.o
 .debug_abbrev  0x000000000000147c      0x2f9 ./Drivers/STM32F3xx_HAL_Driver/Src/stm32f3xx_hal_rcc.o
 .debug_abbrev  0x0000000000001775      0x22d ./Drivers/STM32F3xx_HAL_Driver/Src/stm32f3xx_hal_rcc_ex.o
 .debug_abbrev  0x00000000000019a2      0x264 ./Drivers/STM32F3xx_HAL_Driver/Src/stm32f3xx_hal_tim.o
 .debug_abbrev  0x0000000000001c06      0x26c ./Drivers/STM32F3xx_HAL_Driver/Src/stm32f3xx_hal_tim_ex.o
 .debug_abbrev  0x0000000000001e72      0x2bc ./Drivers/STM32F3xx_HAL_Driver/Src/stm32f3xx_hal_uart.o
 .debug_abbrev  0x000000000000212e      0x380 ./Middlewares/Third_Party/FreeRTOS/Source/CMSIS_RTOS/cmsis_os.o
 .debug_abbrev  0x00000000000024ae       0xf2 ./Middlewares/Third_Party/FreeRTOS/Source/list.o
 .debug_abbrev  0x00000000000025a0      0x35a ./Middlewares/Third_Party/FreeRTOS/Source/queue.o
 .debug_abbrev  0x00000000000028fa      0x376 ./Middlewares/Third_Party/FreeRTOS/Source/tasks.o
 .debug_abbrev  0x0000000000002c70      0x2b3 ./Middlewares/Third_Party/FreeRTOS/Source/timers.o
 .debug_abbrev  0x0000000000002f23      0x259 ./Middlewares/Third_Party/FreeRTOS/Source/portable/GCC/ARM_CM4F/port.o
 .debug_abbrev  0x000000000000317c      0x1ff ./Middlewares/Third_Party/FreeRTOS/Source/portable/MemMang/heap_4.o

.debug_aranges  0x0000000000000000     0x15a0
 .debug_aranges
                0x0000000000000000       0x30 ./Core/Src/freertos.o
 .debug_aranges
                0x0000000000000030       0x90 ./Core/Src/main.o
 .debug_aranges
                0x00000000000000c0       0x40 ./Core/Src/stm32f3xx_hal_msp.o
 .debug_aranges
                0x0000000000000100       0x30 ./Core/Src/stm32f3xx_hal_timebase_tim.o
 .debug_aranges
                0x0000000000000130       0x58 ./Core/Src/stm32f3xx_it.o
 .debug_aranges
                0x0000000000000188       0x28 ./Core/Src/system_stm32f3xx.o
 .debug_aranges
                0x00000000000001b0       0x28 ./Core/Startup/startup_stm32f302r8tx.o
 .debug_aranges
                0x00000000000001d8       0xe0 ./Drivers/STM32F3xx_HAL_Driver/Src/stm32f3xx_hal.o
 .debug_aranges
                0x00000000000002b8      0x100 ./Drivers/STM32F3xx_HAL_Driver/Src/stm32f3xx_hal_cortex.o
 .debug_aranges
                0x00000000000003b8       0x58 ./Drivers/STM32F3xx_HAL_Driver/Src/stm32f3xx_hal_gpio.o
 .debug_aranges
                0x0000000000000410      0x2a0 ./Drivers/STM32F3xx_HAL_Driver/Src/stm32f3xx_hal_i2c.o
 .debug_aranges
                0x00000000000006b0       0x48 ./Drivers/STM32F3xx_HAL_Driver/Src/stm32f3xx_hal_i2c_ex.o
 .debug_aranges
                0x00000000000006f8       0x88 ./Drivers/STM32F3xx_HAL_Driver/Src/stm32f3xx_hal_rcc.o
 .debug_aranges
                0x0000000000000780       0x38 ./Drivers/STM32F3xx_HAL_Driver/Src/stm32f3xx_hal_rcc_ex.o
 .debug_aranges
                0x00000000000007b8      0x3e0 ./Drivers/STM32F3xx_HAL_Driver/Src/stm32f3xx_hal_tim.o
 .debug_aranges
                0x0000000000000b98      0x178 ./Drivers/STM32F3xx_HAL_Driver/Src/stm32f3xx_hal_tim_ex.o
 .debug_aranges
                0x0000000000000d10      0x228 ./Drivers/STM32F3xx_HAL_Driver/Src/stm32f3xx_hal_uart.o
 .debug_aranges
                0x0000000000000f38      0x1d8 ./Middlewares/Third_Party/FreeRTOS/Source/CMSIS_RTOS/cmsis_os.o
 .debug_aranges
                0x0000000000001110       0x40 ./Middlewares/Third_Party/FreeRTOS/Source/list.o
 .debug_aranges
                0x0000000000001150      0x108 ./Middlewares/Third_Party/FreeRTOS/Source/queue.o
 .debug_aranges
                0x0000000000001258      0x1c0 ./Middlewares/Third_Party/FreeRTOS/Source/tasks.o
 .debug_aranges
                0x0000000000001418       0xb8 ./Middlewares/Third_Party/FreeRTOS/Source/timers.o
 .debug_aranges
                0x00000000000014d0       0x80 ./Middlewares/Third_Party/FreeRTOS/Source/portable/GCC/ARM_CM4F/port.o
 .debug_aranges
                0x0000000000001550       0x50 ./Middlewares/Third_Party/FreeRTOS/Source/portable/MemMang/heap_4.o

.debug_ranges   0x0000000000000000     0x1458
 .debug_ranges  0x0000000000000000       0x20 ./Core/Src/freertos.o
 .debug_ranges  0x0000000000000020       0x80 ./Core/Src/main.o
 .debug_ranges  0x00000000000000a0       0x30 ./Core/Src/stm32f3xx_hal_msp.o
 .debug_ranges  0x00000000000000d0       0x20 ./Core/Src/stm32f3xx_hal_timebase_tim.o
 .debug_ranges  0x00000000000000f0       0x48 ./Core/Src/stm32f3xx_it.o
 .debug_ranges  0x0000000000000138       0x18 ./Core/Src/system_stm32f3xx.o
 .debug_ranges  0x0000000000000150       0x20 ./Core/Startup/startup_stm32f302r8tx.o
 .debug_ranges  0x0000000000000170       0xd0 ./Drivers/STM32F3xx_HAL_Driver/Src/stm32f3xx_hal.o
 .debug_ranges  0x0000000000000240       0xf0 ./Drivers/STM32F3xx_HAL_Driver/Src/stm32f3xx_hal_cortex.o
 .debug_ranges  0x0000000000000330       0x48 ./Drivers/STM32F3xx_HAL_Driver/Src/stm32f3xx_hal_gpio.o
 .debug_ranges  0x0000000000000378      0x290 ./Drivers/STM32F3xx_HAL_Driver/Src/stm32f3xx_hal_i2c.o
 .debug_ranges  0x0000000000000608       0x38 ./Drivers/STM32F3xx_HAL_Driver/Src/stm32f3xx_hal_i2c_ex.o
 .debug_ranges  0x0000000000000640       0x78 ./Drivers/STM32F3xx_HAL_Driver/Src/stm32f3xx_hal_rcc.o
 .debug_ranges  0x00000000000006b8       0x28 ./Drivers/STM32F3xx_HAL_Driver/Src/stm32f3xx_hal_rcc_ex.o
 .debug_ranges  0x00000000000006e0      0x3d0 ./Drivers/STM32F3xx_HAL_Driver/Src/stm32f3xx_hal_tim.o
 .debug_ranges  0x0000000000000ab0      0x168 ./Drivers/STM32F3xx_HAL_Driver/Src/stm32f3xx_hal_tim_ex.o
 .debug_ranges  0x0000000000000c18      0x248 ./Drivers/STM32F3xx_HAL_Driver/Src/stm32f3xx_hal_uart.o
 .debug_ranges  0x0000000000000e60      0x1c8 ./Middlewares/Third_Party/FreeRTOS/Source/CMSIS_RTOS/cmsis_os.o
 .debug_ranges  0x0000000000001028       0x30 ./Middlewares/Third_Party/FreeRTOS/Source/list.o
 .debug_ranges  0x0000000000001058       0xf8 ./Middlewares/Third_Party/FreeRTOS/Source/queue.o
 .debug_ranges  0x0000000000001150      0x1b0 ./Middlewares/Third_Party/FreeRTOS/Source/tasks.o
 .debug_ranges  0x0000000000001300       0xa8 ./Middlewares/Third_Party/FreeRTOS/Source/timers.o
 .debug_ranges  0x00000000000013a8       0x70 ./Middlewares/Third_Party/FreeRTOS/Source/portable/GCC/ARM_CM4F/port.o
 .debug_ranges  0x0000000000001418       0x40 ./Middlewares/Third_Party/FreeRTOS/Source/portable/MemMang/heap_4.o

.debug_macro    0x0000000000000000    0x1dd08
 .debug_macro   0x0000000000000000      0x237 ./Core/Src/freertos.o
 .debug_macro   0x0000000000000237      0xa78 ./Core/Src/freertos.o
 .debug_macro   0x0000000000000caf      0x174 ./Core/Src/freertos.o
 .debug_macro   0x0000000000000e23       0x22 ./Core/Src/freertos.o
 .debug_macro   0x0000000000000e45       0x8e ./Core/Src/freertos.o
 .debug_macro   0x0000000000000ed3       0x51 ./Core/Src/freertos.o
 .debug_macro   0x0000000000000f24      0x103 ./Core/Src/freertos.o
 .debug_macro   0x0000000000001027       0x6a ./Core/Src/freertos.o
 .debug_macro   0x0000000000001091      0x1df ./Core/Src/freertos.o
 .debug_macro   0x0000000000001270      0x102 ./Core/Src/freertos.o
 .debug_macro   0x0000000000001372      0x15a ./Core/Src/freertos.o
 .debug_macro   0x00000000000014cc       0xd7 ./Core/Src/freertos.o
 .debug_macro   0x00000000000015a3       0x10 ./Core/Src/freertos.o
 .debug_macro   0x00000000000015b3       0x1f ./Core/Src/freertos.o
 .debug_macro   0x00000000000015d2      0x49b ./Core/Src/freertos.o
 .debug_macro   0x0000000000001a6d       0xb5 ./Core/Src/freertos.o
 .debug_macro   0x0000000000001b22       0x8c ./Core/Src/freertos.o
 .debug_macro   0x0000000000001bae      0x157 ./Core/Src/freertos.o
 .debug_macro   0x0000000000001d05       0x2e ./Core/Src/freertos.o
 .debug_macro   0x0000000000001d33       0x28 ./Core/Src/freertos.o
 .debug_macro   0x0000000000001d5b       0x1c ./Core/Src/freertos.o
 .debug_macro   0x0000000000001d77       0x22 ./Core/Src/freertos.o
 .debug_macro   0x0000000000001d99       0xd9 ./Core/Src/freertos.o
 .debug_macro   0x0000000000001e72      0xf07 ./Core/Src/freertos.o
 .debug_macro   0x0000000000002d79    0x110e8 ./Core/Src/freertos.o
 .debug_macro   0x0000000000013e61       0x6d ./Core/Src/freertos.o
 .debug_macro   0x0000000000013ece     0x3558 ./Core/Src/freertos.o
 .debug_macro   0x0000000000017426       0x55 ./Core/Src/freertos.o
 .debug_macro   0x000000000001747b      0x8f8 ./Core/Src/freertos.o
 .debug_macro   0x0000000000017d73      0x41b ./Core/Src/freertos.o
 .debug_macro   0x000000000001818e      0x1b5 ./Core/Src/freertos.o
 .debug_macro   0x0000000000018343      0x161 ./Core/Src/freertos.o
 .debug_macro   0x00000000000184a4      0x1d5 ./Core/Src/freertos.o
 .debug_macro   0x0000000000018679      0x1bc ./Core/Src/freertos.o
 .debug_macro   0x0000000000018835       0x34 ./Core/Src/freertos.o
 .debug_macro   0x0000000000018869       0x3c ./Core/Src/freertos.o
 .debug_macro   0x00000000000188a5       0x57 ./Core/Src/freertos.o
 .debug_macro   0x00000000000188fc       0xc5 ./Core/Src/freertos.o
 .debug_macro   0x00000000000189c1      0x19f ./Core/Src/freertos.o
 .debug_macro   0x0000000000018b60      0x22c ./Core/Src/freertos.o
 .debug_macro   0x0000000000018d8c       0x5b ./Core/Src/freertos.o
 .debug_macro   0x0000000000018de7       0xa5 ./Core/Src/freertos.o
 .debug_macro   0x0000000000018e8c       0x81 ./Core/Src/freertos.o
 .debug_macro   0x0000000000018f0d       0xd3 ./Core/Src/freertos.o
 .debug_macro   0x0000000000018fe0      0xa59 ./Core/Src/freertos.o
 .debug_macro   0x0000000000019a39       0x41 ./Core/Src/freertos.o
 .debug_macro   0x0000000000019a7a      0x5ba ./Core/Src/freertos.o
 .debug_macro   0x000000000001a034       0x44 ./Core/Src/freertos.o
 .debug_macro   0x000000000001a078      0x1f7 ./Core/Src/freertos.o
 .debug_macro   0x000000000001a26f      0x41d ./Core/Src/main.o
 .debug_macro   0x000000000001a68c      0x102 ./Core/Src/main.o
 .debug_macro   0x000000000001a78e       0x91 ./Core/Src/main.o
 .debug_macro   0x000000000001a81f       0x86 ./Core/Src/main.o
 .debug_macro   0x000000000001a8a5       0x69 ./Core/Src/main.o
 .debug_macro   0x000000000001a90e       0x19 ./Core/Src/main.o
 .debug_macro   0x000000000001a927       0xcf ./Core/Src/main.o
 .debug_macro   0x000000000001a9f6       0x52 ./Core/Src/main.o
 .debug_macro   0x000000000001aa48       0x1e ./Core/Src/main.o
 .debug_macro   0x000000000001aa66       0x3c ./Core/Src/main.o
 .debug_macro   0x000000000001aaa2       0x34 ./Core/Src/main.o
 .debug_macro   0x000000000001aad6       0x16 ./Core/Src/main.o
 .debug_macro   0x000000000001aaec       0x35 ./Core/Src/main.o
 .debug_macro   0x000000000001ab21      0x341 ./Core/Src/main.o
 .debug_macro   0x000000000001ae62       0x10 ./Core/Src/main.o
 .debug_macro   0x000000000001ae72       0x16 ./Core/Src/main.o
 .debug_macro   0x000000000001ae88       0x43 ./Core/Src/main.o
 .debug_macro   0x000000000001aecb       0x34 ./Core/Src/main.o
 .debug_macro   0x000000000001aeff       0x10 ./Core/Src/main.o
 .debug_macro   0x000000000001af0f       0x58 ./Core/Src/main.o
 .debug_macro   0x000000000001af67       0x71 ./Core/Src/main.o
 .debug_macro   0x000000000001afd8       0x1c ./Core/Src/main.o
 .debug_macro   0x000000000001aff4      0x12a ./Core/Src/main.o
 .debug_macro   0x000000000001b11e       0x10 ./Core/Src/main.o
 .debug_macro   0x000000000001b12e       0x1c ./Core/Src/main.o
 .debug_macro   0x000000000001b14a       0x52 ./Core/Src/main.o
 .debug_macro   0x000000000001b19c       0x22 ./Core/Src/main.o
 .debug_macro   0x000000000001b1be       0x10 ./Core/Src/main.o
 .debug_macro   0x000000000001b1ce       0x52 ./Core/Src/main.o
 .debug_macro   0x000000000001b220       0xd5 ./Core/Src/main.o
 .debug_macro   0x000000000001b2f5       0x1c ./Core/Src/main.o
 .debug_macro   0x000000000001b311       0x3d ./Core/Src/main.o
 .debug_macro   0x000000000001b34e       0x16 ./Core/Src/main.o
 .debug_macro   0x000000000001b364      0x145 ./Core/Src/main.o
 .debug_macro   0x000000000001b4a9       0x16 ./Core/Src/main.o
 .debug_macro   0x000000000001b4bf       0x20 ./Core/Src/main.o
 .debug_macro   0x000000000001b4df      0x1cf ./Core/Src/stm32f3xx_hal_msp.o
 .debug_macro   0x000000000001b6ae      0x1c5 ./Core/Src/stm32f3xx_hal_timebase_tim.o
 .debug_macro   0x000000000001b873      0x1d9 ./Core/Src/stm32f3xx_it.o
 .debug_macro   0x000000000001ba4c      0x1c5 ./Core/Src/system_stm32f3xx.o
 .debug_macro   0x000000000001bc11      0x1e9 ./Drivers/STM32F3xx_HAL_Driver/Src/stm32f3xx_hal.o
 .debug_macro   0x000000000001bdfa      0x1c5 ./Drivers/STM32F3xx_HAL_Driver/Src/stm32f3xx_hal_cortex.o
 .debug_macro   0x000000000001bfbf      0x1cc ./Drivers/STM32F3xx_HAL_Driver/Src/stm32f3xx_hal_gpio.o
 .debug_macro   0x000000000001c18b      0x291 ./Drivers/STM32F3xx_HAL_Driver/Src/stm32f3xx_hal_i2c.o
 .debug_macro   0x000000000001c41c      0x1c5 ./Drivers/STM32F3xx_HAL_Driver/Src/stm32f3xx_hal_i2c_ex.o
 .debug_macro   0x000000000001c5e1      0x1e9 ./Drivers/STM32F3xx_HAL_Driver/Src/stm32f3xx_hal_rcc.o
 .debug_macro   0x000000000001c7ca      0x1c5 ./Drivers/STM32F3xx_HAL_Driver/Src/stm32f3xx_hal_rcc_ex.o
 .debug_macro   0x000000000001c98f      0x1c6 ./Drivers/STM32F3xx_HAL_Driver/Src/stm32f3xx_hal_tim.o
 .debug_macro   0x000000000001cb55      0x1c5 ./Drivers/STM32F3xx_HAL_Driver/Src/stm32f3xx_hal_tim_ex.o
 .debug_macro   0x000000000001cd1a      0x1e2 ./Drivers/STM32F3xx_HAL_Driver/Src/stm32f3xx_hal_uart.o
 .debug_macro   0x000000000001cefc      0x1fe ./Middlewares/Third_Party/FreeRTOS/Source/CMSIS_RTOS/cmsis_os.o
 .debug_macro   0x000000000001d0fa       0x10 ./Middlewares/Third_Party/FreeRTOS/Source/CMSIS_RTOS/cmsis_os.o
 .debug_macro   0x000000000001d10a       0xc7 ./Middlewares/Third_Party/FreeRTOS/Source/CMSIS_RTOS/cmsis_os.o
 .debug_macro   0x000000000001d1d1      0x187 ./Middlewares/Third_Party/FreeRTOS/Source/list.o
 .debug_macro   0x000000000001d358      0x212 ./Middlewares/Third_Party/FreeRTOS/Source/queue.o
 .debug_macro   0x000000000001d56a      0x280 ./Middlewares/Third_Party/FreeRTOS/Source/tasks.o
 .debug_macro   0x000000000001d7ea       0x10 ./Middlewares/Third_Party/FreeRTOS/Source/tasks.o
 .debug_macro   0x000000000001d7fa      0x1ca ./Middlewares/Third_Party/FreeRTOS/Source/timers.o
 .debug_macro   0x000000000001d9c4      0x196 ./Middlewares/Third_Party/FreeRTOS/Source/portable/GCC/ARM_CM4F/port.o
 .debug_macro   0x000000000001db5a      0x1ae ./Middlewares/Third_Party/FreeRTOS/Source/portable/MemMang/heap_4.o

.debug_line     0x0000000000000000    0x1aafb
 .debug_line    0x0000000000000000      0x86b ./Core/Src/freertos.o
 .debug_line    0x000000000000086b      0xedf ./Core/Src/main.o
 .debug_line    0x000000000000174a      0x7eb ./Core/Src/stm32f3xx_hal_msp.o
 .debug_line    0x0000000000001f35      0x7af ./Core/Src/stm32f3xx_hal_timebase_tim.o
 .debug_line    0x00000000000026e4      0x804 ./Core/Src/stm32f3xx_it.o
 .debug_line    0x0000000000002ee8      0x7c6 ./Core/Src/system_stm32f3xx.o
 .debug_line    0x00000000000036ae       0x88 ./Core/Startup/startup_stm32f302r8tx.o
 .debug_line    0x0000000000003736      0x9fb ./Drivers/STM32F3xx_HAL_Driver/Src/stm32f3xx_hal.o
 .debug_line    0x0000000000004131      0xbe3 ./Drivers/STM32F3xx_HAL_Driver/Src/stm32f3xx_hal_cortex.o
 .debug_line    0x0000000000004d14      0xb46 ./Drivers/STM32F3xx_HAL_Driver/Src/stm32f3xx_hal_gpio.o
 .debug_line    0x000000000000585a     0x37ca ./Drivers/STM32F3xx_HAL_Driver/Src/stm32f3xx_hal_i2c.o
 .debug_line    0x0000000000009024      0x96d ./Drivers/STM32F3xx_HAL_Driver/Src/stm32f3xx_hal_i2c_ex.o
 .debug_line    0x0000000000009991     0x13d8 ./Drivers/STM32F3xx_HAL_Driver/Src/stm32f3xx_hal_rcc.o
 .debug_line    0x000000000000ad69      0xc38 ./Drivers/STM32F3xx_HAL_Driver/Src/stm32f3xx_hal_rcc_ex.o
 .debug_line    0x000000000000b9a1     0x3bf9 ./Drivers/STM32F3xx_HAL_Driver/Src/stm32f3xx_hal_tim.o
 .debug_line    0x000000000000f59a     0x1a41 ./Drivers/STM32F3xx_HAL_Driver/Src/stm32f3xx_hal_tim_ex.o
 .debug_line    0x0000000000010fdb     0x30c2 ./Drivers/STM32F3xx_HAL_Driver/Src/stm32f3xx_hal_uart.o
 .debug_line    0x000000000001409d     0x1344 ./Middlewares/Third_Party/FreeRTOS/Source/CMSIS_RTOS/cmsis_os.o
 .debug_line    0x00000000000153e1      0x84d ./Middlewares/Third_Party/FreeRTOS/Source/list.o
 .debug_line    0x0000000000015c2e     0x1568 ./Middlewares/Third_Party/FreeRTOS/Source/queue.o
 .debug_line    0x0000000000017196     0x1a8c ./Middlewares/Third_Party/FreeRTOS/Source/tasks.o
 .debug_line    0x0000000000018c22      0xcae ./Middlewares/Third_Party/FreeRTOS/Source/timers.o
 .debug_line    0x00000000000198d0      0x81c ./Middlewares/Third_Party/FreeRTOS/Source/portable/GCC/ARM_CM4F/port.o
 .debug_line    0x000000000001a0ec      0xa0f ./Middlewares/Third_Party/FreeRTOS/Source/portable/MemMang/heap_4.o

.debug_str      0x0000000000000000    0xaf93d
 .debug_str     0x0000000000000000    0xa2154 ./Core/Src/freertos.o
                                      0xa23d6 (size before relaxing)
 .debug_str     0x00000000000a2154     0x6e3b ./Core/Src/main.o
                                      0xa94d1 (size before relaxing)
 .debug_str     0x00000000000a8f8f       0x8d ./Core/Src/stm32f3xx_hal_msp.o
                                      0x9f4ff (size before relaxing)
 .debug_str     0x00000000000a901c       0xec ./Core/Src/stm32f3xx_hal_timebase_tim.o
                                      0x9f360 (size before relaxing)
 .debug_str     0x00000000000a9108       0xe3 ./Core/Src/stm32f3xx_it.o
                                      0x9ef13 (size before relaxing)
 .debug_str     0x00000000000a91eb       0xe9 ./Core/Src/system_stm32f3xx.o
                                      0x9ea64 (size before relaxing)
 .debug_str     0x00000000000a92d4       0x36 ./Core/Startup/startup_stm32f302r8tx.o
                                         0x74 (size before relaxing)
 .debug_str     0x00000000000a930a      0x368 ./Drivers/STM32F3xx_HAL_Driver/Src/stm32f3xx_hal.o
                                      0x9f1be (size before relaxing)
 .debug_str     0x00000000000a9672      0x241 ./Drivers/STM32F3xx_HAL_Driver/Src/stm32f3xx_hal_cortex.o
                                      0x9f0e3 (size before relaxing)
 .debug_str     0x00000000000a98b3       0xdf ./Drivers/STM32F3xx_HAL_Driver/Src/stm32f3xx_hal_gpio.o
                                      0x9ebda (size before relaxing)
 .debug_str     0x00000000000a9992      0xe5b ./Drivers/STM32F3xx_HAL_Driver/Src/stm32f3xx_hal_i2c.o
                                      0x9fd67 (size before relaxing)
 .debug_str     0x00000000000aa7ed       0xb8 ./Drivers/STM32F3xx_HAL_Driver/Src/stm32f3xx_hal_i2c_ex.o
                                      0x9ef8e (size before relaxing)
 .debug_str     0x00000000000aa8a5      0x290 ./Drivers/STM32F3xx_HAL_Driver/Src/stm32f3xx_hal_rcc.o
                                      0x9ef04 (size before relaxing)
 .debug_str     0x00000000000aab35       0xbe ./Drivers/STM32F3xx_HAL_Driver/Src/stm32f3xx_hal_rcc_ex.o
                                      0x9ec88 (size before relaxing)
 .debug_str     0x00000000000aabf3      0xe7e ./Drivers/STM32F3xx_HAL_Driver/Src/stm32f3xx_hal_tim.o
                                      0x9fe8b (size before relaxing)
 .debug_str     0x00000000000aba71      0x561 ./Drivers/STM32F3xx_HAL_Driver/Src/stm32f3xx_hal_tim_ex.o
                                      0x9f6e1 (size before relaxing)
 .debug_str     0x00000000000abfd2      0x85c ./Drivers/STM32F3xx_HAL_Driver/Src/stm32f3xx_hal_uart.o
                                      0x9f787 (size before relaxing)
 .debug_str     0x00000000000ac82e      0x89b ./Middlewares/Third_Party/FreeRTOS/Source/CMSIS_RTOS/cmsis_os.o
                                       0xd874 (size before relaxing)
 .debug_str     0x00000000000ad0c9      0x22a ./Middlewares/Third_Party/FreeRTOS/Source/list.o
                                       0xa3c6 (size before relaxing)
 .debug_str     0x00000000000ad2f3      0x7f9 ./Middlewares/Third_Party/FreeRTOS/Source/queue.o
                                       0xbac4 (size before relaxing)
 .debug_str     0x00000000000adaec     0x10a1 ./Middlewares/Third_Party/FreeRTOS/Source/tasks.o
                                       0xc6fd (size before relaxing)
 .debug_str     0x00000000000aeb8d      0x3f3 ./Middlewares/Third_Party/FreeRTOS/Source/timers.o
                                       0xbe7e (size before relaxing)
 .debug_str     0x00000000000aef80      0x783 ./Middlewares/Third_Party/FreeRTOS/Source/portable/GCC/ARM_CM4F/port.o
                                       0x8263 (size before relaxing)
 .debug_str     0x00000000000af703      0x23a ./Middlewares/Third_Party/FreeRTOS/Source/portable/MemMang/heap_4.o
                                       0xab13 (size before relaxing)

.comment        0x0000000000000000       0x50
 .comment       0x0000000000000000       0x50 ./Core/Src/freertos.o
                                         0x51 (size before relaxing)
 .comment       0x0000000000000050       0x51 ./Core/Src/main.o
 .comment       0x0000000000000050       0x51 ./Core/Src/stm32f3xx_hal_msp.o
 .comment       0x0000000000000050       0x51 ./Core/Src/stm32f3xx_hal_timebase_tim.o
 .comment       0x0000000000000050       0x51 ./Core/Src/stm32f3xx_it.o
 .comment       0x0000000000000050       0x51 ./Core/Src/system_stm32f3xx.o
 .comment       0x0000000000000050       0x51 ./Drivers/STM32F3xx_HAL_Driver/Src/stm32f3xx_hal.o
 .comment       0x0000000000000050       0x51 ./Drivers/STM32F3xx_HAL_Driver/Src/stm32f3xx_hal_cortex.o
 .comment       0x0000000000000050       0x51 ./Drivers/STM32F3xx_HAL_Driver/Src/stm32f3xx_hal_gpio.o
 .comment       0x0000000000000050       0x51 ./Drivers/STM32F3xx_HAL_Driver/Src/stm32f3xx_hal_i2c.o
 .comment       0x0000000000000050       0x51 ./Drivers/STM32F3xx_HAL_Driver/Src/stm32f3xx_hal_i2c_ex.o
 .comment       0x0000000000000050       0x51 ./Drivers/STM32F3xx_HAL_Driver/Src/stm32f3xx_hal_rcc.o
 .comment       0x0000000000000050       0x51 ./Drivers/STM32F3xx_HAL_Driver/Src/stm32f3xx_hal_rcc_ex.o
 .comment       0x0000000000000050       0x51 ./Drivers/STM32F3xx_HAL_Driver/Src/stm32f3xx_hal_tim.o
 .comment       0x0000000000000050       0x51 ./Drivers/STM32F3xx_HAL_Driver/Src/stm32f3xx_hal_tim_ex.o
 .comment       0x0000000000000050       0x51 ./Drivers/STM32F3xx_HAL_Driver/Src/stm32f3xx_hal_uart.o
 .comment       0x0000000000000050       0x51 ./Middlewares/Third_Party/FreeRTOS/Source/CMSIS_RTOS/cmsis_os.o
 .comment       0x0000000000000050       0x51 ./Middlewares/Third_Party/FreeRTOS/Source/list.o
 .comment       0x0000000000000050       0x51 ./Middlewares/Third_Party/FreeRTOS/Source/queue.o
 .comment       0x0000000000000050       0x51 ./Middlewares/Third_Party/FreeRTOS/Source/tasks.o
 .comment       0x0000000000000050       0x51 ./Middlewares/Third_Party/FreeRTOS/Source/timers.o
 .comment       0x0000000000000050       0x51 ./Middlewares/Third_Party/FreeRTOS/Source/portable/GCC/ARM_CM4F/port.o
 .comment       0x0000000000000050       0x51 ./Middlewares/Third_Party/FreeRTOS/Source/portable/MemMang/heap_4.o

.debug_frame    0x0000000000000000     0x5af4
 .debug_frame   0x0000000000000000       0x78 ./Core/Src/freertos.o
 .debug_frame   0x0000000000000078      0x1f0 ./Core/Src/main.o
 .debug_frame   0x0000000000000268       0xc4 ./Core/Src/stm32f3xx_hal_msp.o
 .debug_frame   0x000000000000032c       0x74 ./Core/Src/stm32f3xx_hal_timebase_tim.o
 .debug_frame   0x00000000000003a0       0xe0 ./Core/Src/stm32f3xx_it.o
 .debug_frame   0x0000000000000480       0x58 ./Core/Src/system_stm32f3xx.o
 .debug_frame   0x00000000000004d8      0x334 ./Drivers/STM32F3xx_HAL_Driver/Src/stm32f3xx_hal.o
 .debug_frame   0x000000000000080c      0x428 ./Drivers/STM32F3xx_HAL_Driver/Src/stm32f3xx_hal_cortex.o
 .debug_frame   0x0000000000000c34      0x14c ./Drivers/STM32F3xx_HAL_Driver/Src/stm32f3xx_hal_gpio.o
 .debug_frame   0x0000000000000d80      0xc38 ./Drivers/STM32F3xx_HAL_Driver/Src/stm32f3xx_hal_i2c.o
 .debug_frame   0x00000000000019b8      0x100 ./Drivers/STM32F3xx_HAL_Driver/Src/stm32f3xx_hal_i2c_ex.o
 .debug_frame   0x0000000000001ab8      0x214 ./Drivers/STM32F3xx_HAL_Driver/Src/stm32f3xx_hal_rcc.o
 .debug_frame   0x0000000000001ccc       0xb0 ./Drivers/STM32F3xx_HAL_Driver/Src/stm32f3xx_hal_rcc_ex.o
 .debug_frame   0x0000000000001d7c     0x121c ./Drivers/STM32F3xx_HAL_Driver/Src/stm32f3xx_hal_tim.o
 .debug_frame   0x0000000000002f98      0x688 ./Drivers/STM32F3xx_HAL_Driver/Src/stm32f3xx_hal_tim_ex.o
 .debug_frame   0x0000000000003620      0x9e8 ./Drivers/STM32F3xx_HAL_Driver/Src/stm32f3xx_hal_uart.o
 .debug_frame   0x0000000000004008      0x7f8 ./Middlewares/Third_Party/FreeRTOS/Source/CMSIS_RTOS/cmsis_os.o
 .debug_frame   0x0000000000004800       0xd8 ./Middlewares/Third_Party/FreeRTOS/Source/list.o
 .debug_frame   0x00000000000048d8      0x468 ./Middlewares/Third_Party/FreeRTOS/Source/queue.o
 .debug_frame   0x0000000000004d40      0x7a0 ./Middlewares/Third_Party/FreeRTOS/Source/tasks.o
 .debug_frame   0x00000000000054e0      0x2f0 ./Middlewares/Third_Party/FreeRTOS/Source/timers.o
 .debug_frame   0x00000000000057d0      0x1a8 ./Middlewares/Third_Party/FreeRTOS/Source/portable/GCC/ARM_CM4F/port.o
 .debug_frame   0x0000000000005978      0x108 ./Middlewares/Third_Party/FreeRTOS/Source/portable/MemMang/heap_4.o
 .debug_frame   0x0000000000005a80       0x2c e:/programs/stm_cube_ide/stm32cubeide_1.9.0/stm32cubeide/plugins/com.st.stm32cube.ide.mcu.externaltools.gnu-tools-for-stm32.10.3-2021.10.win32_1.0.0.202111181127/tools/bin/../lib/gcc/arm-none-eabi/10.3.1/../../../../arm-none-eabi/lib/thumb/v7e-m+fp/hard\libc_nano.a(lib_a-init.o)
 .debug_frame   0x0000000000005aac       0x28 e:/programs/stm_cube_ide/stm32cubeide_1.9.0/stm32cubeide/plugins/com.st.stm32cube.ide.mcu.externaltools.gnu-tools-for-stm32.10.3-2021.10.win32_1.0.0.202111181127/tools/bin/../lib/gcc/arm-none-eabi/10.3.1/../../../../arm-none-eabi/lib/thumb/v7e-m+fp/hard\libc_nano.a(lib_a-memcpy-stub.o)
 .debug_frame   0x0000000000005ad4       0x20 e:/programs/stm_cube_ide/stm32cubeide_1.9.0/stm32cubeide/plugins/com.st.stm32cube.ide.mcu.externaltools.gnu-tools-for-stm32.10.3-2021.10.win32_1.0.0.202111181127/tools/bin/../lib/gcc/arm-none-eabi/10.3.1/../../../../arm-none-eabi/lib/thumb/v7e-m+fp/hard\libc_nano.a(lib_a-memset.o)
